Archive member included to satisfy reference by file (symbol)

../../../libs\libasr_dis_deepse_v2.a(asr_top_outside_port.o)
                              build/objs/system_msg_deal.o (symbol from plugin) (asrtop_asr_system_continue)
../../../libs\libasr_dis_deepse_v2.a(asr_dealwith_result.o)
                              build/objs/main.o (symbol from plugin) (config_recover_result)
../../../libs\libasr_dis_deepse_v2.a(decode_post_proc.o)
                              build/objs/ci_nlp_user.o (symbol from plugin) (nlp_set_close_func_addr)
../../../libs\libasr_dis_deepse_v2.a(decoder_inner_port_rpmsg.o)
                              build/objs/main.o (symbol from plugin) (decoder_task_init_port)
../../../libs\libasr_dis_deepse_v2.a(asrbest_result.o)
                              asr_dealwith_result.o (symbol from plugin) (get_cur_max_score)
../../../libs\libasr_dis_deepse_v2.a(cmp_twice_confidence.o)
                              asr_dealwith_result.o (symbol from plugin) (cmp_twice_confidence_compute)
../../../libs\libasr_dis_deepse_v2.a(decide_result.o)
                              asr_dealwith_result.o (symbol from plugin) (get_valid_cmd_word_count)
../../../libs\libasr_dis_deepse_v2.a(decoder_manage.o)
                              asr_dealwith_result.o (symbol from plugin) (sg_decoding_frames)
../../../libs\libasr_dis_deepse_v2.a(dynmic_confidence.o)
                              decoder_inner_port_rpmsg.o (symbol from plugin) (dynmic_confidence_config)
../../../libs\libasr_dis_deepse_v2.a(dnn_outside_port.o)
                              decoder_manage.o (symbol from plugin) (get_dnn_version)
../../../libs\libasr_dis_deepse_v2.a(flash_manage_outside_port.o)
                              build/objs/ci_flash_data_info.o (symbol from plugin) (is_flash_power_off)
../../../libs\libasr_dis_deepse_v2.a(vad_fe_outside_port.o)
                              asr_dealwith_result.o (symbol from plugin) (send_vadcfg_vadend_frames_msg)
../../../libs\libasr_dis_deepse_v2.a(ci_nlp.o)
                              build/objs/ci_nlp_user.o (symbol from plugin) (nlp_param_set)
../../../libs\libasr_dis_deepse_v2.a(ci_nlp_control.o)
                              build/objs/nlp_msg_deal.o (symbol from plugin) (nlp_timer_init)
../../../libs\libnewlib_port.a(sbrk.o)
                              build/objs/platform_config.o (symbol from plugin) (sbrk)
../../../libs\libfreertos_port.a(port.o)
                              build/objs/event_groups.o (symbol from plugin) (vPortSetMSIPInt)
../../../libs\libfreertos_port.a(portasm.o)
                              port.o (symbol from plugin) (vPortYield)
../../../libs\libdsu.a(ci130x_dsu.o)
                              build/objs/main.o (symbol from plugin) (dsu_init)
../../../libs\libdsu.a(ci130x_mailbox.o)
                              build/objs/platform_config.o (symbol from plugin) (mailbox_preinit)
../../../libs\libdsu.a(ci130x_scu.o)
                              build/objs/ci130x_init.o (symbol from plugin) (scu_unlock_system_config)
../../../libs\libdsu.a(ci130x_efuse.o)
                              ci130x_dsu.o (symbol from plugin) (efuse_unlock)
../../../libs\libdsu.a(ci130x_dpmu.o)
                              build/objs/ci130x_init.o (symbol from plugin) (dpmu_unlock_cfg_config)
../../../libs\libdsu.a(ci130x_nuclear_com.o)
                              build/objs/flash_control_inner_port.o (symbol from plugin) (nuclear_com_registe_serve)
../../../libs\libdsu.a(remote_api_for_host.o)
                              build/objs/main.o (symbol from plugin) (rc_caller_set_ssp_registe)
../../../libs\libcwsl_v2.a(ci_cwsl_voice.o)
                              asr_dealwith_result.o (symbol from plugin) (get_cwsl_threshold)
../../../libs\libcwsl_v2.a(cwsl_manage.o)
                              ci_cwsl_voice.o (symbol from plugin) (get_last_time)
../../../libs\libcwsl_v2.a(cwsl_template_manager.o)
                              cwsl_manage.o (symbol from plugin) (cwsl_tm_init)
../../../libs\libcwsl_v2.a(cwsl_algorithm.o)
                              cwsl_manage.o (symbol from plugin) (nn_output_callback)
../../../libs\libtts.a(tts_gb2312toUtf8.o)
                              remote_api_for_host.o (symbol from plugin) (get_pingyin_word)
../../../libs\libtts.a(tts_manage.o)
                              tts_gb2312toUtf8.o (symbol from plugin) (tts_conv_mutex)
../../../libs\libtts.a(tts_play_ctl.o)
                              tts_manage.o (symbol from plugin) (STOP_FALG)
../../../libs\libtts.a(tts_ringbuffer_block_module.o)
                              tts_manage.o (symbol from plugin) (tts_rbb_module_pushblock)
../../../libs\libtts.a(tts_serial_text_deal.o)
                              tts_manage.o (symbol from plugin) (tts_seial_reveice_task)
../../../libs\libtts.a(tts_utf8_ringbuffer.o)
                              tts_gb2312toUtf8.o (symbol from plugin) (tts_utf8_get_rb_handle)
../../../libs\libtts.a(tts_vocoder.o)
[...]
Memory Configuration

Name             Origin             Length             Attributes
BOOT_PARAMETER   0x000000001ff50a00 0x0000000000000200
SHARE_SRAM       0x000000001ff50c00 0x0000000000000400
SRAM             0x000000001ff51000 0x000000000007f000 xrw
*default*        0x0000000000000000 0xffffffffffffffff

Linker script and memory map

LOAD C:\TMP\offline_asr_alg_pro_sample.elf.ewu7Gh.ltrans0.ltrans.o
LOAD C:\TMP\offline_asr_alg_pro_sample.elf.ewu7Gh.ltrans1.ltrans.o
LOAD C:\TMP\offline_asr_alg_pro_sample.elf.ewu7Gh.ltrans2.ltrans.o
LOAD C:\TMP\cct1iFqc.debug.temp.o
LOAD C:\TMP\ccoASbi0.debug.temp.o
LOAD C:\TMP\ccBKIHAO.debug.temp.o
LOAD C:\TMP\ccGECUWC.debug.temp.o
LOAD C:\TMP\cchxHjcr.debug.temp.o
LOAD C:\TMP\cciV3wBe.debug.temp.o
LOAD C:\TMP\ccVUDyP1.debug.temp.o
LOAD C:\TMP\ccY14kxP.debug.temp.o
LOAD C:\TMP\ccxF2vlD.debug.temp.o
LOAD C:\TMP\cccaSHYq.debug.temp.o
LOAD C:\TMP\cc5tytsi.debug.temp.o
LOAD C:\TMP\ccgbCJV9.debug.temp.o
LOAD C:\TMP\cc1Up1P1.debug.temp.o
LOAD C:\TMP\ccgOcaBT.debug.temp.o
LOAD C:\TMP\cc5bMsCK.debug.temp.o
LOAD C:\TMP\cceYqsuB.debug.temp.o
LOAD C:\TMP\ccTmJCcs.debug.temp.o
LOAD C:\TMP\ccY0eLEi.debug.temp.o
LOAD C:\TMP\ccb1fpn8.debug.temp.o
LOAD C:\TMP\ccs3sf1X.debug.temp.o
LOAD C:\TMP\ccXwyM9N.debug.temp.o
LOAD C:\TMP\ccOXw98D.debug.temp.o
LOAD C:\TMP\ccDXPDRx.debug.temp.o
LOAD C:\TMP\cc42990r.debug.temp.o
LOAD C:\TMP\cc3bvGcm.debug.temp.o
LOAD C:\TMP\ccCtFXhg.debug.temp.o
LOAD C:\TMP\ccdaiRw9.debug.temp.o
LOAD C:\TMP\cc4KTbQ2.debug.temp.o
LOAD C:\TMP\ccdbN4ZV.debug.temp.o
LOAD C:\TMP\cc47XtDP.debug.temp.o
LOAD C:\TMP\cc9Bkw1I.debug.temp.o
LOAD C:\TMP\cccJlbGB.debug.temp.o
LOAD C:\TMP\ccxBO6eu.debug.temp.o
LOAD C:\TMP\ccoUWUen.debug.temp.o
LOAD C:\TMP\ccPtQj5f.debug.temp.o
LOAD C:\TMP\ccslE0Z8.debug.temp.o
LOAD C:\TMP\ccbwGcb1.debug.temp.o
LOAD C:\TMP\cckIQH8S.debug.temp.o
LOAD C:\TMP\cczdDaxL.debug.temp.o
LOAD C:\TMP\ccgV25ZD.debug.temp.o
LOAD C:\TMP\cc5c7hfw.debug.temp.o
LOAD C:\TMP\cci5JNyo.debug.temp.o
LOAD C:\TMP\ccpy7iPk.debug.temp.o
LOAD C:\TMP\ccMj2uWg.debug.temp.o
LOAD C:\TMP\ccFvCzud.debug.temp.o
LOAD C:\TMP\cccC5ET9.debug.temp.o
LOAD C:\TMP\ccnjDEu5.debug.temp.o
LOAD C:\TMP\ccSSJcW0.debug.temp.o
LOAD C:\TMP\ccvaJasW.debug.temp.o
LOAD C:\TMP\ccuF3gpS.debug.temp.o
LOAD C:\TMP\ccLvWN8N.debug.temp.o
LOAD C:\TMP\ccIPHEfJ.debug.temp.o
LOAD C:\TMP\ccX6W9dE.debug.temp.o
LOAD C:\TMP\cc6qXBzz.debug.temp.o
LOAD C:\TMP\ccnL1GXu.debug.temp.o
LOAD C:\TMP\cc82MYaq.debug.temp.o
LOAD C:\TMP\ccZ7ZmAk.debug.temp.o
LOAD C:\TMP\ccWTRr4e.debug.temp.o
LOAD C:\TMP\cc1Ndtp9.debug.temp.o
LOAD C:\TMP\ccA5H663.debug.temp.o
LOAD C:\TMP\cclzrGJY.debug.temp.o
LOAD C:\TMP\cc2cJojX.debug.temp.o
LOAD C:\TMP\cc5plHXV.debug.temp.o
LOAD C:\TMP\cc80LvsU.debug.temp.o
LOAD C:\TMP\ccRNLmoT.debug.temp.o
LOAD C:\TMP\ccuPus6R.debug.temp.o
LOAD C:\TMP\ccFqVN5P.debug.temp.o
LOAD C:\TMP\cceQJR2N.debug.temp.o
LOAD C:\TMP\ccdNsDQL.debug.temp.o
LOAD C:\TMP\ccqBTPIJ.debug.temp.o
LOAD C:\TMP\ccTbT9QH.debug.temp.o
LOAD C:\TMP\ccCco33F.debug.temp.o
LOAD C:\TMP\ccnowaxD.debug.temp.o
LOAD C:\TMP\cc4REwMA.debug.temp.o
LOAD C:\TMP\ccp2UAxy.debug.temp.o
LOAD C:\TMP\ccM7tM4v.debug.temp.o
LOAD C:\TMP\ccrEMgGt.debug.temp.o
LOAD C:\TMP\cc09BXxq.debug.temp.o
LOAD C:\TMP\ccJOT3bn.debug.temp.o
LOAD C:\TMP\ccYpnbhk.debug.temp.o
LOAD C:\TMP\ccjAjTph.debug.temp.o
LOAD C:\TMP\ccMQq0ke.debug.temp.o
LOAD C:\TMP\ccn3d9cf.debug.temp.o
LOAD C:\TMP\cc4UCH9f.debug.temp.o
LOAD C:\TMP\cc1y2NWg.debug.temp.o
LOAD C:\TMP\ccyLI4ai.debug.temp.o
LOAD C:\TMP\cc5RtJbj.debug.temp.o
LOAD C:\TMP\ccqOWzsj.debug.temp.o
LOAD C:\TMP\cc3b9INj.debug.temp.o
LOAD C:\TMP\ccEq9fVj.debug.temp.o
LOAD C:\TMP\ccTP0CCk.debug.temp.o
LOAD C:\TMP\cccfvo6k.debug.temp.o
LOAD C:\TMP\cczUWEQk.debug.temp.o
LOAD C:\TMP\ccQWljFk.debug.temp.o
LOAD C:\TMP\ccvXRwkk.debug.temp.o
LOAD C:\TMP\ccmowbmk.debug.temp.o
LOAD C:\TMP\ccj2jCbk.debug.temp.o
LOAD C:\TMP\ccwA6t5j.debug.temp.o
LOAD C:\TMP\ccNUmZfj.debug.temp.o
LOAD C:\TMP\ccmAHrli.debug.temp.o
LOAD C:\TMP\ccfUzTRh.debug.temp.o
LOAD C:\TMP\ccWRbffh.debug.temp.o
LOAD C:\TMP\ccrLWavk.debug.temp.o
LOAD C:\TMP\ccIj2kPn.debug.temp.o
LOAD C:\TMP\cc3R09Zq.debug.temp.o
LOAD C:\TMP\ccaFsqou.debug.temp.o
LOAD C:\TMP\cc3elS2w.debug.temp.o
LOAD C:\TMP\ccmorzCz.debug.temp.o
LOAD C:\TMP\cchDyiDC.debug.temp.o
LOAD C:\TMP\ccwgvsqF.debug.temp.o
LOAD C:\TMP\ccR2wThI.debug.temp.o
LOAD C:\TMP\cc6NPglK.debug.temp.o
LOAD C:\TMP\cc9aPgfM.debug.temp.o
LOAD C:\TMP\ccqntqdO.debug.temp.o
LOAD C:\TMP\ccrnLLCQ.debug.temp.o
LOAD C:\TMP\ccsNUTSS.debug.temp.o
LOAD C:\TMP\ccjAgPkU.debug.temp.o
LOAD C:\TMP\cco6liDV.debug.temp.o
LOAD C:\TMP\ccXxp3mX.debug.temp.o
LOAD C:\TMP\ccspHcbZ.debug.temp.o
LOAD C:\TMP\ccnWP924.debug.temp.o
LOAD C:\TMP\ccyPn8Ya.debug.temp.o
LOAD C:\TMP\ccNIOLLg.debug.temp.o
LOAD C:\TMP\cc6RcUOl.debug.temp.o
LOAD C:\TMP\ccnmShEq.debug.temp.o
LOAD C:\TMP\ccckuyUv.debug.temp.o
LOAD C:\TMP\cc5TqefB.debug.temp.o
LOAD C:\TMP\cckrgKqG.debug.temp.o
LOAD C:\TMP\ccfCraOK.debug.temp.o
LOAD C:\TMP\ccq59g2O.debug.temp.o
LOAD build/objs/ci130x_vtable.o
LOAD build/objs/ci130x_startup.o
LOAD ../../../libs\libasr_dis_deepse_v2.a
LOAD ../../../libs\libnlp.a
LOAD ../../../libs\libnewlib_port.a
LOAD ../../../libs\libfreertos_port.a
LOAD ../../../libs\libdsu.a
LOAD ../../../libs\libflash_encrypt.a
LOAD ../../../libs\libcwsl_v2.a
LOAD ../../../libs\libtts.a
LOAD ../../../components/ci_ble/stack\libOnMicroBLE.a
LOAD ../../../components/ci_ble/stack\libcias_crypto.a
LOAD ../../../libs\libcikd_pro_cwsl_use_frm.a
LOAD d:/software/yuyin/qiqiyinqiluntai/riscv-nuclei-elf-gcc-9.2.0.0/gcc_fix_raissrc/bin/../lib/gcc/riscv-nuclei-elf/9.2.0/../../../../riscv-nuclei-elf/lib/rv32imafc/ilp32f\libstdc++.a
LOAD d:/software/yuyin/qiqiyinqiluntai/riscv-nuclei-elf-gcc-9.2.0.0/gcc_fix_raissrc/bin/../lib/gcc/riscv-nuclei-elf/9.2.0/../../../../riscv-nuclei-elf/lib/rv32imafc/ilp32f\libm.a
LOAD d:/software/yuyin/qiqiyinqiluntai/riscv-nuclei-elf-gcc-9.2.0.0/gcc_fix_raissrc/bin/../lib/gcc/riscv-nuclei-elf/9.2.0/rv32imafc/ilp32f\libgcc.a
LOAD d:/software/yuyin/qiqiyinqiluntai/riscv-nuclei-elf-gcc-9.2.0.0/gcc_fix_raissrc/bin/../lib/gcc/riscv-nuclei-elf/9.2.0/../../../../riscv-nuclei-elf/lib/rv32imafc/ilp32f\libg_nano.a
LOAD d:/software/yuyin/qiqiyinqiluntai/riscv-nuclei-elf-gcc-9.2.0.0/gcc_fix_raissrc/bin/../lib/gcc/riscv-nuclei-elf/9.2.0/../../../../riscv-nuclei-elf/lib/rv32imafc/ilp32f\libc_nano.a
LOAD d:/software/yuyin/qiqiyinqiluntai/riscv-nuclei-elf-gcc-9.2.0.0/gcc_fix_raissrc/bin/../lib/gcc/riscv-nuclei-elf/9.2.0/rv32imafc/ilp32f\libgcc.a
START GROUP
LOAD d:/software/yuyin/qiqiyinqiluntai/riscv-nuclei-elf-gcc-9.2.0.0/gcc_fix_raissrc/bin/../lib/gcc/riscv-nuclei-elf/9.2.0/rv32imafc/ilp32f\libgcc.a
LOAD d:/software/yuyin/qiqiyinqiluntai/riscv-nuclei-elf-gcc-9.2.0.0/gcc_fix_raissrc/bin/../lib/gcc/riscv-nuclei-elf/9.2.0/../../../../riscv-nuclei-elf/lib/rv32imafc/ilp32f\libc_nano.a
LOAD d:/software/yuyin/qiqiyinqiluntai/riscv-nuclei-elf-gcc-9.2.0.0/gcc_fix_raissrc/bin/../lib/gcc/riscv-nuclei-elf/9.2.0/../../../../riscv-nuclei-elf/lib/rv32imafc/ilp32f\libgloss_nano.a
END GROUP
                0x0000000000000c00                STACK_SIZE = 0xc00
                0x000000001ffd2000                SRAM_HOST_END_ADDR = 0x1ffd2000
                0x000000001fff8000                CHIP_SRAM_END_ADDR = 0x1fff8000
                0x000000001ffd3000                SDK_ALG_PRO_SRAM_HOST_NULL_END_ADDR = 0x1ffd3000
                0x000000001ffd4000                SDK_ALG_PRO_SRAM_HOST_CWSL_END_ADDR = 0x1ffd4000
                0x000000001ffd3000                SDK_ALG_PRO_SRAM_HOST_AEC_END_ADDR = 0x1ffd3000
                0x000000001ffd3000                SDK_ALG_PRO_SRAM_HOST_DEREVERB_END_ADDR = 0x1ffd3000
                0x000000001ffce000                SDK_ALG_PRO_SRAM_HOST_DENOISE_END_ADDR = 0x1ffce000
                0x000000001ffcf000                SDK_ALG_PRO_SRAM_HOST_DOA_END_ADDR = 0x1ffcf000
                0x000000001ffce000                SDK_ALG_PRO_SRAM_HOST_DOA_DEREVERB_END_ADDR = 0x1ffce000
                0x000000001ffd0000                SDK_ALG_PRO_SRAM_HOST_VPR_END_ADDR = 0x1ffd0000
                0x000000001ffd0000                SDK_ALG_PRO_SRAM_HOST_WMANVPR_END_ADDR = 0x1ffd0000
                0x000000001ffd6000                SDK_ALG_PRO_SRAM_HOST_SED_END_ADDR = 0x1ffd6000
                0x000000001ffde000                SDK_ALG_PRO_SRAM_HOST_TTS_END_ADDR = 0x1ffde000
                0x000000001ffcb000                SDK_ALG_PRO_SRAM_HOST_BF_END_ADDR = 0x1ffcb000
                0x000000001ffd3000                SDK_ALG_PRO_SRAM_HOST_CWSL_AEC_END_ADDR = 0x1ffd3000
                0x000000001ffcf000                SDK_ALG_PRO_SRAM_HOST_DOA_AEC_END_ADDR = 0x1ffcf000
                0x000000001ffd2800                SDK_ALG_PRO_SRAM_HOST_DEREVERB_AEC_END_ADDR = 0x1ffd2800
                0x000000001ffc9800                SDK_ALG_PRO_SRAM_HOST_BF_AEC_END_ADDR = 0x1ffc9800
                0x000000001ffc8800                SDK_ALG_PRO_SRAM_HOST_BF_DEREVERB_END_ADDR = 0x1ffc8800
                0x000000001ffcf000                SDK_ALG_PRO_SRAM_HOST_CWSL_DOA_END_ADDR = 0x1ffcf000
                0x000000001ffaf800                SDK_ALG_PRO_SRAM_HOST_BF_DOA_END_ADDR = 0x1ffaf800
                0x000000001ffd3000                SDK_ALG_PRO_SRAM_HOST_ANY_MIC_AEC_END_ADDR = 0x1ffd3000
                0x000000001ffcf000                SDK_ALG_PRO_SRAM_HOST_CWSL_DOA_AEC_END_ADDR = 0x1ffcf000
                0x000000001ffd3000                SDK_ALG_PRO_SRAM_HOST_CWSL_ANY_MIC_AEC_END_ADDR = 0x1ffd3000
                0x000000001ffce000                SDK_ALG_PRO_SRAM_HOST_DOA_DEREVERB_AEC_END_ADDR = 0x1ffce000
                0x000000001ffcd800                SDK_ALG_PRO_SRAM_HOST_CWSL_DOA_DEREVERB_AEC_END_ADDR = 0x1ffcd800
                0x000000001ff50a00                BOOT_PARAMETER_ADDR = 0x1ff50a00
                0x0000000000000200                BOOT_PARAMETER_SIZE = 0x200
                0x000000001ff50c00                SHARE_SRAM_ADDR = 0x1ff50c00
                0x0000000000000400                SHARE_SRAM_SIZE = 0x400
                0x000000001ff51000                SRAM_START_ADDR = 0x1ff51000
                0x000000001ffd0000                SRAM_END_ADDR = SDK_ALG_PRO_SRAM_HOST_VPR_END_ADDR
                0x000000000007f000                SRAM_SIZE = (SRAM_END_ADDR - SRAM_START_ADDR)
                0x0000000000019000                SYS_HEAP_SIZE = 0x19000
                0x0000000000000c00                __stack_size = STACK_SIZE
                0x0000000000000c00                __int_stack_size = STACK_SIZE
                0x0000000000000c00                __stack_size = DEFINED (__stack_size)?__stack_size:0x800
                0x0000000000000c00                __int_stack_size = DEFINED (__int_stack_size)?__int_stack_size:0x400

.boot_parameter
                0x000000001ff50a00      0x116
 *.(boot_parameter)
 .boot_parameter
                0x000000001ff50a00      0x116 C:\TMP\offline_asr_alg_pro_sample.elf.ewu7Gh.ltrans1.ltrans.o

.share_memory   0x000000001ff50c00      0x12c
 *(.share_mem)
 .share_mem     0x000000001ff50c00      0x12c C:\TMP\offline_asr_alg_pro_sample.elf.ewu7Gh.ltrans0.ltrans.o
                0x000000001ff50c00                status_list.lto_priv.0

.init           0x000000001ff51000      0x272
 *(.vtable)
 .vtable        0x000000001ff51000      0x100 build/objs/ci130x_vtable.o
                0x000000001ff51000                vector_base
 *(.load_addr)
 .load_addr     0x000000001ff51100       0x3c build/objs/ci130x_startup.o
 *(SORT_NONE(.init))
 .init          0x000000001ff5113c      0x136 build/objs/ci130x_startup.o
                0x000000001ff5113c                _start
                0x000000001ff51162                _virtual_start
                0x000000001ff51250                disable_mcycle_minstret
                0x000000001ff51256                enable_mcycle_minstret
                0x000000001ff5125c                core_wfe_asm

.ilalign        0x000000001ff51272        0x2
                0x000000001ff51274                . = ALIGN (0x4)
 *fill*         0x000000001ff51272        0x2 
                0x000000001ff51274                PROVIDE (_ilm_lma = .)

.ialign         0x000000001ff51274        0x0
                0x000000001ff51274                PROVIDE (_ilm = .)

.text           0x000000001ff51280    0x12352
 *(.text.unlikely .text.unlikely.*)
 *(.text.startup .text.startup.*)
 .text.startup.main
                0x000000001ff51280      0x5ae C:\TMP\offline_asr_alg_pro_sample.elf.ewu7Gh.ltrans1.ltrans.o
                0x000000001ff51280                main
 *(.text .text.*)
 .text.asrSetBeam.constprop.0
                0x000000001ff5182e        0x8 C:\TMP\offline_asr_alg_pro_sample.elf.ewu7Gh.ltrans0.ltrans.o
 .text.asr_result_clear.constprop.0
                0x000000001ff51836       0x2c C:\TMP\offline_asr_alg_pro_sample.elf.ewu7Gh.ltrans0.ltrans.o
 .text.dynmic_confidence_en_cfg
                0x000000001ff51862        0x4 C:\TMP\offline_asr_alg_pro_sample.elf.ewu7Gh.ltrans0.ltrans.o
                0x000000001ff51862                dynmic_confidence_en_cfg
 .text.CI0059   0x000000001ff51866       0x2c C:\TMP\offline_asr_alg_pro_sample.elf.ewu7Gh.ltrans0.ltrans.o
 .text.CI0074   0x000000001ff51892        0xa C:\TMP\offline_asr_alg_pro_sample.elf.ewu7Gh.ltrans0.ltrans.o
 .text.CI0083   0x000000001ff5189c       0x32 C:\TMP\offline_asr_alg_pro_sample.elf.ewu7Gh.ltrans0.ltrans.o
 .text.get_utt2len
                0x000000001ff518ce       0x5e C:\TMP\offline_asr_alg_pro_sample.elf.ewu7Gh.ltrans0.ltrans.o
 .text.fp32_to_int22
                0x000000001ff5192c       0x46 C:\TMP\offline_asr_alg_pro_sample.elf.ewu7Gh.ltrans0.ltrans.o
 .text.CI0057   0x000000001ff51972      0x130 C:\TMP\offline_asr_alg_pro_sample.elf.ewu7Gh.ltrans0.ltrans.o
 .text.CI0096.isra.0
                0x000000001ff51aa2      0x3ca C:\TMP\offline_asr_alg_pro_sample.elf.ewu7Gh.ltrans0.ltrans.o
 .text.CI0049   0x000000001ff51e6c       0x56 C:\TMP\offline_asr_alg_pro_sample.elf.ewu7Gh.ltrans0.ltrans.o
 .text.CI0098.isra.0
                0x000000001ff51ec2       0x9a C:\TMP\offline_asr_alg_pro_sample.elf.ewu7Gh.ltrans0.ltrans.o
 .text.CI0066   0x000000001ff51f5c       0x4c C:\TMP\offline_asr_alg_pro_sample.elf.ewu7Gh.ltrans0.ltrans.o
 .text.CI0028   0x000000001ff51fa8       0xd0 C:\TMP\offline_asr_alg_pro_sample.elf.ewu7Gh.ltrans0.ltrans.o
 .text.rc_callee_print_pwk_db_in_host
                0x000000001ff52078        0x2 C:\TMP\offline_asr_alg_pro_sample.elf.ewu7Gh.ltrans0.ltrans.o
                0x000000001ff52078                rc_callee_print_pwk_db_in_host
 .text.rc_callee_print_doa_angle_in_host
                0x000000001ff5207a        0x2 C:\TMP\offline_asr_alg_pro_sample.elf.ewu7Gh.ltrans0.ltrans.o
                0x000000001ff5207a                rc_callee_print_doa_angle_in_host
 .text.rc_callee_sed_rslt_cb
                0x000000001ff5207c        0x2 C:\TMP\offline_asr_alg_pro_sample.elf.ewu7Gh.ltrans0.ltrans.o
                0x000000001ff5207c                rc_callee_sed_rslt_cb
 .text.rc_callee_deal_one_frm_fft_rslt_callback
                0x000000001ff5207e        0x2 C:\TMP\offline_asr_alg_pro_sample.elf.ewu7Gh.ltrans0.ltrans.o
                0x000000001ff5207e                rc_callee_deal_one_frm_fft_rslt_callback
 .text.rc_callee_audio_deal_one_frm_callback
                0x000000001ff52080        0x2 C:\TMP\offline_asr_alg_pro_sample.elf.ewu7Gh.ltrans0.ltrans.o
                0x000000001ff52080                rc_callee_audio_deal_one_frm_callback
 .text.rc_callee_set_tts_init_done
                0x000000001ff52082        0x4 C:\TMP\offline_asr_alg_pro_sample.elf.ewu7Gh.ltrans0.ltrans.o
                0x000000001ff52082                rc_callee_set_tts_init_done
 .text.efuse_check_int_state
                0x000000001ff52086       0x14 C:\TMP\offline_asr_alg_pro_sample.elf.ewu7Gh.ltrans0.ltrans.o
 .text.efuse_int_clear
                0x000000001ff5209a       0x12 C:\TMP\offline_asr_alg_pro_sample.elf.ewu7Gh.ltrans0.ltrans.o
 .text.prvTaskExitError
                0x000000001ff520ac       0x16 C:\TMP\offline_asr_alg_pro_sample.elf.ewu7Gh.ltrans0.ltrans.o
 .text.decoder_setwordstag
                0x000000001ff520c2       0x2a C:\TMP\offline_asr_alg_pro_sample.elf.ewu7Gh.ltrans0.ltrans.o
 .text.check_equal_word
                0x000000001ff520ec       0x32 C:\TMP\offline_asr_alg_pro_sample.elf.ewu7Gh.ltrans0.ltrans.o
 .text.clean_nlp_keywords
                0x000000001ff5211e       0xb2 C:\TMP\offline_asr_alg_pro_sample.elf.ewu7Gh.ltrans0.ltrans.o
 .text.CI0158   0x000000001ff521d0       0x26 C:\TMP\offline_asr_alg_pro_sample.elf.ewu7Gh.ltrans0.ltrans.o
 .text.CI0116.constprop.0
                0x000000001ff521f6       0xa2 C:\TMP\offline_asr_alg_pro_sample.elf.ewu7Gh.ltrans0.ltrans.o
 .text.CI0022   0x000000001ff52298       0x6e C:\TMP\offline_asr_alg_pro_sample.elf.ewu7Gh.ltrans0.ltrans.o
 .text.CI0069   0x000000001ff52306      0x270 C:\TMP\offline_asr_alg_pro_sample.elf.ewu7Gh.ltrans0.ltrans.o
 .text.rc_callee_malloc_in_host
                0x000000001ff52576        0xe C:\TMP\offline_asr_alg_pro_sample.elf.ewu7Gh.ltrans0.ltrans.o
                0x000000001ff52576                rc_callee_malloc_in_host
 .text.readflash_to_mem
                0x000000001ff52584       0x54 C:\TMP\offline_asr_alg_pro_sample.elf.ewu7Gh.ltrans0.ltrans.o
 .text.rc_callee_set_tts_dnn_done
                0x000000001ff525d8        0x4 C:\TMP\offline_asr_alg_pro_sample.elf.ewu7Gh.ltrans0.ltrans.o
                0x000000001ff525d8                rc_callee_set_tts_dnn_done
 .text.rc_callee_get_current_model_addr
                0x000000001ff525dc       0x14 C:\TMP\offline_asr_alg_pro_sample.elf.ewu7Gh.ltrans0.ltrans.o
                0x000000001ff525dc                rc_callee_get_current_model_addr
 .text.get_cmd_words_type_id
                0x000000001ff525f0       0x40 C:\TMP\offline_asr_alg_pro_sample.elf.ewu7Gh.ltrans0.ltrans.o
 .text.get_cmd_words_semantic_id
                0x000000001ff52630       0x3e C:\TMP\offline_asr_alg_pro_sample.elf.ewu7Gh.ltrans0.ltrans.o
 .text.set_intent_output.constprop.0
                0x000000001ff5266e      0x338 C:\TMP\offline_asr_alg_pro_sample.elf.ewu7Gh.ltrans0.ltrans.o
 .text.decoder_bufinfo_clear
                0x000000001ff529a6       0x3e C:\TMP\offline_asr_alg_pro_sample.elf.ewu7Gh.ltrans0.ltrans.o
 .text.eclic_set_irq_priority.constprop.0
                0x000000001ff529e4       0x3a C:\TMP\offline_asr_alg_pro_sample.elf.ewu7Gh.ltrans0.ltrans.o
                0x000000001ff529e4                eclic_set_irq_priority.constprop.0
 .text.xQueueCreateMutex.constprop.0
                0x000000001ff52a1e       0x2e C:\TMP\offline_asr_alg_pro_sample.elf.ewu7Gh.ltrans0.ltrans.o
                0x000000001ff52a1e                xQueueCreateMutex.constprop.0
 .text.dichotomy_find.part.0.constprop.0
                0x000000001ff52a4c       0x3e C:\TMP\offline_asr_alg_pro_sample.elf.ewu7Gh.ltrans0.ltrans.o
                0x000000001ff52a4c                dichotomy_find.part.0.constprop.0
 .text.pause_audio_play_prompt.constprop.0
                0x000000001ff52a8a       0x82 C:\TMP\offline_asr_alg_pro_sample.elf.ewu7Gh.ltrans0.ltrans.o
                0x000000001ff52a8a                pause_audio_play_prompt.constprop.0
 .text.audio_play_queue_send.constprop.0
                0x000000001ff52b0c       0x18 C:\TMP\offline_asr_alg_pro_sample.elf.ewu7Gh.ltrans0.ltrans.o
                0x000000001ff52b0c                audio_play_queue_send.constprop.0
 .text.prompt_play_by_cmd_id.constprop.0
                0x000000001ff52b24       0x78 C:\TMP\offline_asr_alg_pro_sample.elf.ewu7Gh.ltrans0.ltrans.o
                0x000000001ff52b24                prompt_play_by_cmd_id.constprop.0
 .text.pwm_start.constprop.0
                0x000000001ff52b9c       0x14 C:\TMP\offline_asr_alg_pro_sample.elf.ewu7Gh.ltrans0.ltrans.o
                0x000000001ff52b9c                pwm_start.constprop.0
 .text.send_word_callback.constprop.0
                0x000000001ff52bb0       0xaa C:\TMP\offline_asr_alg_pro_sample.elf.ewu7Gh.ltrans0.ltrans.o
                0x000000001ff52bb0                send_word_callback.constprop.0
 .text.CI0159.isra.0.lto_priv.0
                0x000000001ff52c5a      0x146 C:\TMP\offline_asr_alg_pro_sample.elf.ewu7Gh.ltrans0.ltrans.o
                0x000000001ff52c5a                CI0159.isra.0.lto_priv.0
 .text.CI0157.part.0.lto_priv.0
                0x000000001ff52da0       0x34 C:\TMP\offline_asr_alg_pro_sample.elf.ewu7Gh.ltrans0.ltrans.o
                0x000000001ff52da0                CI0157.part.0.lto_priv.0
 .text.CI0155.isra.0.lto_priv.0
                0x000000001ff52dd4       0x26 C:\TMP\offline_asr_alg_pro_sample.elf.ewu7Gh.ltrans0.ltrans.o
                0x000000001ff52dd4                CI0155.isra.0.lto_priv.0
 .text.CI0002.isra.0
                0x000000001ff52dfa       0xda C:\TMP\offline_asr_alg_pro_sample.elf.ewu7Gh.ltrans0.ltrans.o
 .text.CI0060   0x000000001ff52ed4      0x15c C:\TMP\offline_asr_alg_pro_sample.elf.ewu7Gh.ltrans0.ltrans.o
 .text.CI0118   0x000000001ff53030      0x268 C:\TMP\offline_asr_alg_pro_sample.elf.ewu7Gh.ltrans0.ltrans.o
 .text.float_cfd_to_16.lto_priv.0
                0x000000001ff53298       0x46 C:\TMP\offline_asr_alg_pro_sample.elf.ewu7Gh.ltrans0.ltrans.o
                0x000000001ff53298                float_cfd_to_16.lto_priv.0
 .text.CI0114.lto_priv.0
                0x000000001ff532de       0x84 C:\TMP\offline_asr_alg_pro_sample.elf.ewu7Gh.ltrans0.ltrans.o
                0x000000001ff532de                CI0114.lto_priv.0
 .text.free_utt2len.lto_priv.0
                0x000000001ff53362       0x4a C:\TMP\offline_asr_alg_pro_sample.elf.ewu7Gh.ltrans0.ltrans.o
                0x000000001ff53362                free_utt2len.lto_priv.0
 .text.CI0154.lto_priv.0
                0x000000001ff533ac      0x12a C:\TMP\offline_asr_alg_pro_sample.elf.ewu7Gh.ltrans0.ltrans.o
                0x000000001ff533ac                CI0154.lto_priv.0
 .text.asrGetCmdWordsAndScore.constprop.0
                0x000000001ff534d6       0x4c C:\TMP\offline_asr_alg_pro_sample.elf.ewu7Gh.ltrans0.ltrans.o
 .text.check_cwsl_asr.part.0.constprop.0
                0x000000001ff53522       0x7a C:\TMP\offline_asr_alg_pro_sample.elf.ewu7Gh.ltrans0.ltrans.o
 .text.get_asr_result_for_final.constprop.0
                0x000000001ff5359c       0xc0 C:\TMP\offline_asr_alg_pro_sample.elf.ewu7Gh.ltrans0.ltrans.o
 .text.CI0156.lto_priv.0
                0x000000001ff5365c       0x82 C:\TMP\offline_asr_alg_pro_sample.elf.ewu7Gh.ltrans0.ltrans.o
                0x000000001ff5365c                CI0156.lto_priv.0
 .text.CI0001.lto_priv.0
                0x000000001ff536de       0x72 C:\TMP\offline_asr_alg_pro_sample.elf.ewu7Gh.ltrans0.ltrans.o
                0x000000001ff536de                CI0001.lto_priv.0
 .text.CI0036   0x000000001ff53750      0x6dc C:\TMP\offline_asr_alg_pro_sample.elf.ewu7Gh.ltrans0.ltrans.o
 .text.CI0120   0x000000001ff53e2c      0x15e C:\TMP\offline_asr_alg_pro_sample.elf.ewu7Gh.ltrans0.ltrans.o
 .text.dpmu_unlock_cfg_config
                0x000000001ff53f8a       0x12 C:\TMP\offline_asr_alg_pro_sample.elf.ewu7Gh.ltrans0.ltrans.o
                0x000000001ff53f8a                dpmu_unlock_cfg_config
 .text.dpmu_config_update_en
                0x000000001ff53f9c       0x3a C:\TMP\offline_asr_alg_pro_sample.elf.ewu7Gh.ltrans0.ltrans.o
                0x000000001ff53f9c                dpmu_config_update_en
 .text.dpmu_ldo3_lv_set
                0x000000001ff53fd6       0x32 C:\TMP\offline_asr_alg_pro_sample.elf.ewu7Gh.ltrans0.ltrans.o
                0x000000001ff53fd6                dpmu_ldo3_lv_set
 .text.dpmu_ldo2_lv_set
                0x000000001ff54008       0x2e C:\TMP\offline_asr_alg_pro_sample.elf.ewu7Gh.ltrans0.ltrans.o
                0x000000001ff54008                dpmu_ldo2_lv_set
 .text.dpmu_ldo1_lv_set
                0x000000001ff54036       0x28 C:\TMP\offline_asr_alg_pro_sample.elf.ewu7Gh.ltrans0.ltrans.o
                0x000000001ff54036                dpmu_ldo1_lv_set
 .text.dpmu_set_pmu_trim_value
                0x000000001ff5405e       0x32 C:\TMP\offline_asr_alg_pro_sample.elf.ewu7Gh.ltrans0.ltrans.o
                0x000000001ff5405e                dpmu_set_pmu_trim_value
 .text.dpmu_clean_reset_state
                0x000000001ff54090       0x1a C:\TMP\offline_asr_alg_pro_sample.elf.ewu7Gh.ltrans0.ltrans.o
 .text.dpmu_software_reset_system_config
                0x000000001ff540aa       0x2c C:\TMP\offline_asr_alg_pro_sample.elf.ewu7Gh.ltrans0.ltrans.o
                0x000000001ff540aa                dpmu_software_reset_system_config
 .text.dpmu_get_pll_frequency
                0x000000001ff540d6       0x3e C:\TMP\offline_asr_alg_pro_sample.elf.ewu7Gh.ltrans0.ltrans.o
                0x000000001ff540d6                dpmu_get_pll_frequency
 .text.efuse_read_data
                0x000000001ff54114        0xe C:\TMP\offline_asr_alg_pro_sample.elf.ewu7Gh.ltrans0.ltrans.o
                0x000000001ff54114                efuse_read_data
 .text.AON_EFUSE_IRQHandler
                0x000000001ff54122       0x72 C:\TMP\offline_asr_alg_pro_sample.elf.ewu7Gh.ltrans0.ltrans.o
                0x000000001ff54122                AON_EFUSE_IRQHandler
 .text.efuse_check_idle
                0x000000001ff54194        0xe C:\TMP\offline_asr_alg_pro_sample.elf.ewu7Gh.ltrans0.ltrans.o
                0x000000001ff54194                efuse_check_idle
 .text.efuse_read_start
                0x000000001ff541a2        0xe C:\TMP\offline_asr_alg_pro_sample.elf.ewu7Gh.ltrans0.ltrans.o
                0x000000001ff541a2                efuse_read_start
 .text.efuse_clk_freq_sel
                0x000000001ff541b0       0x10 C:\TMP\offline_asr_alg_pro_sample.elf.ewu7Gh.ltrans0.ltrans.o
                0x000000001ff541b0                efuse_clk_freq_sel
 .text.scu_get_system_reset_state
                0x000000001ff541c0       0x32 C:\TMP\offline_asr_alg_pro_sample.elf.ewu7Gh.ltrans0.ltrans.o
                0x000000001ff541c0                scu_get_system_reset_state
 .text.scu_unlock_reset_config
                0x000000001ff541f2       0x12 C:\TMP\offline_asr_alg_pro_sample.elf.ewu7Gh.ltrans0.ltrans.o
                0x000000001ff541f2                scu_unlock_reset_config
 .text.scu_set_device_reset_release
                0x000000001ff54204      0x144 C:\TMP\offline_asr_alg_pro_sample.elf.ewu7Gh.ltrans0.ltrans.o
                0x000000001ff54204                scu_set_device_reset_release
 .text.scu_set_device_reset
                0x000000001ff54348      0x150 C:\TMP\offline_asr_alg_pro_sample.elf.ewu7Gh.ltrans0.ltrans.o
                0x000000001ff54348                scu_set_device_reset
 .text.scu_unlock_clk_config
                0x000000001ff54498       0x12 C:\TMP\offline_asr_alg_pro_sample.elf.ewu7Gh.ltrans0.ltrans.o
                0x000000001ff54498                scu_unlock_clk_config
 .text.scu_iis_codec_mclk_config
                0x000000001ff544aa       0x8c C:\TMP\offline_asr_alg_pro_sample.elf.ewu7Gh.ltrans0.ltrans.o
                0x000000001ff544aa                scu_iis_codec_mclk_config
 .text.scu_iis_pad_mclk_config
                0x000000001ff54536       0x74 C:\TMP\offline_asr_alg_pro_sample.elf.ewu7Gh.ltrans0.ltrans.o
                0x000000001ff54536                scu_iis_pad_mclk_config
 .text.scu_iis_pad_clk_config
                0x000000001ff545aa       0x74 C:\TMP\offline_asr_alg_pro_sample.elf.ewu7Gh.ltrans0.ltrans.o
                0x000000001ff545aa                scu_iis_pad_clk_config
 .text.scu_iis_clk_config
                0x000000001ff5461e       0xb2 C:\TMP\offline_asr_alg_pro_sample.elf.ewu7Gh.ltrans0.ltrans.o
                0x000000001ff5461e                scu_iis_clk_config
 .text.scu_iis_mclk_Config
                0x000000001ff546d0       0x92 C:\TMP\offline_asr_alg_pro_sample.elf.ewu7Gh.ltrans0.ltrans.o
                0x000000001ff546d0                scu_iis_mclk_Config
 .text.scu_set_div_parameter
                0x000000001ff54762      0x2ce C:\TMP\offline_asr_alg_pro_sample.elf.ewu7Gh.ltrans0.ltrans.o
                0x000000001ff54762                scu_set_div_parameter
 .text.scu_set_device_gate
                0x000000001ff54a30      0x1de C:\TMP\offline_asr_alg_pro_sample.elf.ewu7Gh.ltrans0.ltrans.o
                0x000000001ff54a30                scu_set_device_gate
 .text.scu_unlock_system_config
                0x000000001ff54c0e       0x12 C:\TMP\offline_asr_alg_pro_sample.elf.ewu7Gh.ltrans0.ltrans.o
                0x000000001ff54c0e                scu_unlock_system_config
 .text.dpmu_pll_config.constprop.0
                0x000000001ff54c20      0x15c C:\TMP\offline_asr_alg_pro_sample.elf.ewu7Gh.ltrans0.ltrans.o
                0x000000001ff54c20                dpmu_pll_config.constprop.0
 .text.MAIL_BOX_IRQHandler
                0x000000001ff54d7c       0x52 C:\TMP\offline_asr_alg_pro_sample.elf.ewu7Gh.ltrans0.ltrans.o
                0x000000001ff54d7c                MAIL_BOX_IRQHandler
 .text.xPortSetInterruptMask
                0x000000001ff54dce       0x1e C:\TMP\offline_asr_alg_pro_sample.elf.ewu7Gh.ltrans0.ltrans.o
                0x000000001ff54dce                xPortSetInterruptMask
 .text.xQueueGenericSendFromISR.constprop.0
                0x000000001ff54dec       0x72 C:\TMP\offline_asr_alg_pro_sample.elf.ewu7Gh.ltrans0.ltrans.o
                0x000000001ff54dec                xQueueGenericSendFromISR.constprop.0
 .text.xTimerPendFunctionCallFromISR.constprop.0
                0x000000001ff54e5e       0x28 C:\TMP\offline_asr_alg_pro_sample.elf.ewu7Gh.ltrans0.ltrans.o
                0x000000001ff54e5e                xTimerPendFunctionCallFromISR.constprop.0
 .text.pause_play.constprop.0
                0x000000001ff54e86       0x38 C:\TMP\offline_asr_alg_pro_sample.elf.ewu7Gh.ltrans0.ltrans.o
                0x000000001ff54e86                pause_play.constprop.0
 .text.xTimerGenericCommand.constprop.0
                0x000000001ff54ebe       0x2e C:\TMP\offline_asr_alg_pro_sample.elf.ewu7Gh.ltrans0.ltrans.o
                0x000000001ff54ebe                xTimerGenericCommand.constprop.0
 .text.set_state_enter_wakeup.constprop.0
                0x000000001ff54eec       0x4a C:\TMP\offline_asr_alg_pro_sample.elf.ewu7Gh.ltrans0.ltrans.o
                0x000000001ff54eec                set_state_enter_wakeup.constprop.0
 .text.set_nlp_delay_end
                0x000000001ff54f36       0x12 C:\TMP\offline_asr_alg_pro_sample.elf.ewu7Gh.ltrans0.ltrans.o
 .text.set_state_nlp_end
                0x000000001ff54f48       0x12 C:\TMP\offline_asr_alg_pro_sample.elf.ewu7Gh.ltrans0.ltrans.o
 .text.vPortExitCritical
                0x000000001ff54f5a       0x16 C:\TMP\offline_asr_alg_pro_sample.elf.ewu7Gh.ltrans0.ltrans.o
                0x000000001ff54f5a                vPortExitCritical
 .text.vPortEnterCritical
                0x000000001ff54f70       0x20 C:\TMP\offline_asr_alg_pro_sample.elf.ewu7Gh.ltrans0.ltrans.o
                0x000000001ff54f70                vPortEnterCritical
 .text.audio_play_hw_stop.constprop.0
                0x000000001ff54f90      0x100 C:\TMP\offline_asr_alg_pro_sample.elf.ewu7Gh.ltrans0.ltrans.o
                0x000000001ff54f90                audio_play_hw_stop.constprop.0
 .text.vPortSetup
                0x000000001ff55090       0x9a C:\TMP\offline_asr_alg_pro_sample.elf.ewu7Gh.ltrans0.ltrans.o
                0x000000001ff55090                vPortSetup
 .text.vDoTaskSwitchContext
                0x000000001ff5512a       0x76 C:\TMP\offline_asr_alg_pro_sample.elf.ewu7Gh.ltrans0.ltrans.o
                0x000000001ff5512a                vDoTaskSwitchContext
 .text.taskswitch
                0x000000001ff551a0       0x14 C:\TMP\offline_asr_alg_pro_sample.elf.ewu7Gh.ltrans0.ltrans.o
                0x000000001ff551a0                taskswitch
 .text.vPortClearMSIPInt
                0x000000001ff551b4       0x12 C:\TMP\offline_asr_alg_pro_sample.elf.ewu7Gh.ltrans0.ltrans.o
                0x000000001ff551b4                vPortClearMSIPInt
 .text.vPortSetMSIPInt
                0x000000001ff551c6       0x1a C:\TMP\offline_asr_alg_pro_sample.elf.ewu7Gh.ltrans0.ltrans.o
                0x000000001ff551c6                vPortSetMSIPInt
 .text.xTaskCreate.constprop.0
                0x000000001ff551e0      0x1fc C:\TMP\offline_asr_alg_pro_sample.elf.ewu7Gh.ltrans0.ltrans.o
                0x000000001ff551e0                xTaskCreate.constprop.0
 .text.vPortSysTickHandler
                0x000000001ff553dc       0x60 C:\TMP\offline_asr_alg_pro_sample.elf.ewu7Gh.ltrans0.ltrans.o
                0x000000001ff553dc                vPortSysTickHandler
 .text.flash_manage_give_op_done_sem
                0x000000001ff5543c       0x34 C:\TMP\offline_asr_alg_pro_sample.elf.ewu7Gh.ltrans0.ltrans.o
 .text.flash_manage_nuclear_com_outside_serve_cb.lto_priv.0
                0x000000001ff55470       0x42 C:\TMP\offline_asr_alg_pro_sample.elf.ewu7Gh.ltrans0.ltrans.o
                0x000000001ff55470                flash_manage_nuclear_com_outside_serve_cb.lto_priv.0
 .text.give_flash_sem.lto_priv.0
                0x000000001ff554b2       0x1e C:\TMP\offline_asr_alg_pro_sample.elf.ewu7Gh.ltrans0.ltrans.o
                0x000000001ff554b2                give_flash_sem.lto_priv.0
 .text.cm_get_pcm_buffer.constprop.0
                0x000000001ff554d0       0x90 C:\TMP\offline_asr_alg_pro_sample.elf.ewu7Gh.ltrans0.ltrans.o
                0x000000001ff554d0                cm_get_pcm_buffer.constprop.0
 .text.cm_write_codec.constprop.0
                0x000000001ff55560       0xa6 C:\TMP\offline_asr_alg_pro_sample.elf.ewu7Gh.ltrans0.ltrans.o
                0x000000001ff55560                cm_write_codec.constprop.0
 .text.IISDMA_ChannelIntENConfig.constprop.0
                0x000000001ff55606       0x58 C:\TMP\offline_asr_alg_pro_sample.elf.ewu7Gh.ltrans0.ltrans.o
                0x000000001ff55606                IISDMA_ChannelIntENConfig.constprop.0
 .text.cm_release_pcm_buffer.constprop.0
                0x000000001ff5565e       0x6c C:\TMP\offline_asr_alg_pro_sample.elf.ewu7Gh.ltrans0.ltrans.o
                0x000000001ff5565e                cm_release_pcm_buffer.constprop.0
 .text.rc_callee_alg_aes_addr
                0x000000001ff556ca       0x1c C:\TMP\offline_asr_alg_pro_sample.elf.ewu7Gh.ltrans0.ltrans.o
                0x000000001ff556ca                rc_callee_alg_aes_addr
 .text.rc_callee_alg_aes_type_tip
                0x000000001ff556e6       0x1a C:\TMP\offline_asr_alg_pro_sample.elf.ewu7Gh.ltrans0.ltrans.o
                0x000000001ff556e6                rc_callee_alg_aes_type_tip
 .text.rc_callee_print_bnpu_err_type_in_host
                0x000000001ff55700       0x2a C:\TMP\offline_asr_alg_pro_sample.elf.ewu7Gh.ltrans0.ltrans.o
                0x000000001ff55700                rc_callee_print_bnpu_err_type_in_host
 .text.rc_callee_free_in_host
                0x000000001ff5572a       0x40 C:\TMP\offline_asr_alg_pro_sample.elf.ewu7Gh.ltrans0.ltrans.o
                0x000000001ff5572a                rc_callee_free_in_host
 .text.mailbox_send_msg
                0x000000001ff5576a       0xba C:\TMP\offline_asr_alg_pro_sample.elf.ewu7Gh.ltrans0.ltrans.o
                0x000000001ff5576a                mailbox_send_msg
 .text.nuclear_com_send.constprop.0
                0x000000001ff55824       0xba C:\TMP\offline_asr_alg_pro_sample.elf.ewu7Gh.ltrans0.ltrans.o
                0x000000001ff55824                nuclear_com_send.constprop.0
 .text.asr_top_ept_cal_serve_rpmsg.lto_priv.0
                0x000000001ff558de       0x1c C:\TMP\offline_asr_alg_pro_sample.elf.ewu7Gh.ltrans0.ltrans.o
                0x000000001ff558de                vad_fe_ept_cal_serve_rpmsg.lto_priv.0
                0x000000001ff558de                asr_top_ept_cal_serve_rpmsg.lto_priv.0
 .text.get_g_prun_count
                0x000000001ff558fa       0x1c C:\TMP\offline_asr_alg_pro_sample.elf.ewu7Gh.ltrans0.ltrans.o
 .text.asrtop_asr_system_create_model.constprop.0
                0x000000001ff55916       0x58 C:\TMP\offline_asr_alg_pro_sample.elf.ewu7Gh.ltrans0.ltrans.o
                0x000000001ff55916                asrtop_asr_system_create_model.constprop.0
 .text.pause_asr.constprop.0
                0x000000001ff5596e      0x13c C:\TMP\offline_asr_alg_pro_sample.elf.ewu7Gh.ltrans0.ltrans.o
                0x000000001ff5596e                pause_asr.constprop.0
 .text.flash_manage_ept_cal_serve_rpmsg.lto_priv.0
                0x000000001ff55aaa       0x1c C:\TMP\offline_asr_alg_pro_sample.elf.ewu7Gh.ltrans0.ltrans.o
                0x000000001ff55aaa                flash_manage_ept_cal_serve_rpmsg.lto_priv.0
 .text.rc_caller_req_cmpt_vp.constprop.0
                0x000000001ff55ac6       0x5c C:\TMP\offline_asr_alg_pro_sample.elf.ewu7Gh.ltrans0.ltrans.o
                0x000000001ff55ac6                rc_caller_req_cmpt_vp.constprop.0
 .text.get_vpr_max.constprop.0
                0x000000001ff55b22       0xc2 C:\TMP\offline_asr_alg_pro_sample.elf.ewu7Gh.ltrans0.ltrans.o
                0x000000001ff55b22                get_vpr_max.constprop.0
 .text.remote_call_task.lto_priv.0
                0x000000001ff55be4       0xfa C:\TMP\offline_asr_alg_pro_sample.elf.ewu7Gh.ltrans0.ltrans.o
                0x000000001ff55be4                remote_call_task.lto_priv.0
 .text.nuclear_com_irq_handler
                0x000000001ff55cde      0x16e C:\TMP\offline_asr_alg_pro_sample.elf.ewu7Gh.ltrans0.ltrans.o
                0x000000001ff55cde                nuclear_com_irq_handler
 .text.ulSynchTrap
                0x000000001ff55e4c      0x110 C:\TMP\offline_asr_alg_pro_sample.elf.ewu7Gh.ltrans0.ltrans.o
                0x000000001ff55e4c                ulSynchTrap
 .text.nlp_callback
                0x000000001ff55f5c       0xc2 C:\TMP\offline_asr_alg_pro_sample.elf.ewu7Gh.ltrans0.ltrans.o
 .text.ci_sprintf
                0x000000001ff5601e       0xb2 C:\TMP\offline_asr_alg_pro_sample.elf.ewu7Gh.ltrans0.ltrans.o
 .text.asr_result_callback_nlp.constprop.0
                0x000000001ff560d0      0xf54 C:\TMP\offline_asr_alg_pro_sample.elf.ewu7Gh.ltrans0.ltrans.o
 .text.app_deal_asr_reuslt_callback.constprop.0
                0x000000001ff57024      0xb80 C:\TMP\offline_asr_alg_pro_sample.elf.ewu7Gh.ltrans0.ltrans.o
 .text.flash_manage_req_wait_op_done_sem
                0x000000001ff57ba4       0x48 C:\TMP\offline_asr_alg_pro_sample.elf.ewu7Gh.ltrans0.ltrans.o
 .text.wait_flash_sem
                0x000000001ff57bec       0x3e C:\TMP\offline_asr_alg_pro_sample.elf.ewu7Gh.ltrans0.ltrans.o
 .text.post_erase_flash.constprop.0
                0x000000001ff57c2a       0x70 C:\TMP\offline_asr_alg_pro_sample.elf.ewu7Gh.ltrans0.ltrans.o
                0x000000001ff57c2a                post_erase_flash.constprop.0
 .text.post_spic_read_unique_id
                0x000000001ff57c9a       0x36 C:\TMP\offline_asr_alg_pro_sample.elf.ewu7Gh.ltrans0.ltrans.o
 .text.post_write_flash
                0x000000001ff57cd0       0x3e C:\TMP\offline_asr_alg_pro_sample.elf.ewu7Gh.ltrans0.ltrans.o
                0x000000001ff57cd0                post_write_flash
 .text.post_read_flash
                0x000000001ff57d0e       0x94 C:\TMP\offline_asr_alg_pro_sample.elf.ewu7Gh.ltrans0.ltrans.o
                0x000000001ff57d0e                post_read_flash
 .text.rc_callee_flash_get_en_data
                0x000000001ff57da2       0x1c C:\TMP\offline_asr_alg_pro_sample.elf.ewu7Gh.ltrans0.ltrans.o
                0x000000001ff57da2                rc_callee_flash_get_en_data
 .text.rc_callee_get_dqt_bias
                0x000000001ff57dbe       0x50 C:\TMP\offline_asr_alg_pro_sample.elf.ewu7Gh.ltrans0.ltrans.o
                0x000000001ff57dbe                rc_callee_get_dqt_bias
 .text.rc_callee_get_data_in
                0x000000001ff57e0e       0x14 C:\TMP\offline_asr_alg_pro_sample.elf.ewu7Gh.ltrans0.ltrans.o
                0x000000001ff57e0e                rc_callee_get_data_in
 .text.rc_callee_get_pingyin_word
                0x000000001ff57e22       0x6c C:\TMP\offline_asr_alg_pro_sample.elf.ewu7Gh.ltrans0.ltrans.o
                0x000000001ff57e22                rc_callee_get_pingyin_word
 .text.decoder_task_clear_done
                0x000000001ff57e8e       0x36 C:\TMP\offline_asr_alg_pro_sample.elf.ewu7Gh.ltrans0.ltrans.o
 .text.decoder_release_done
                0x000000001ff57ec4       0x36 C:\TMP\offline_asr_alg_pro_sample.elf.ewu7Gh.ltrans0.ltrans.o
 .text.decodersys_clear
                0x000000001ff57efa       0xae C:\TMP\offline_asr_alg_pro_sample.elf.ewu7Gh.ltrans0.ltrans.o
 .text.decoer_create_lm_get_ac_info
                0x000000001ff57fa8     0x102c C:\TMP\offline_asr_alg_pro_sample.elf.ewu7Gh.ltrans0.ltrans.o
 .text.send_notdeal_msg_to_decoder_queue
                0x000000001ff58fd4       0xca C:\TMP\offline_asr_alg_pro_sample.elf.ewu7Gh.ltrans0.ltrans.o
 .text.decoder_manage_task
                0x000000001ff5909e      0x7ec C:\TMP\offline_asr_alg_pro_sample.elf.ewu7Gh.ltrans0.ltrans.o
                0x000000001ff5909e                decoder_manage_task
 .text.get_cha_check
                0x000000001ff5988a       0x10 C:\TMP\offline_asr_alg_pro_sample.elf.ewu7Gh.ltrans1.ltrans.o
 .text.limit_min_max
                0x000000001ff5989a       0x12 C:\TMP\offline_asr_alg_pro_sample.elf.ewu7Gh.ltrans1.ltrans.o
 .text.uart_send_bytes
                0x000000001ff598ac       0x22 C:\TMP\offline_asr_alg_pro_sample.elf.ewu7Gh.ltrans1.ltrans.o
 .text.vpr_get_status
                0x000000001ff598ce        0xa C:\TMP\offline_asr_alg_pro_sample.elf.ewu7Gh.ltrans1.ltrans.o
 .text.audio_deal_one_frm_callback
                0x000000001ff598d8        0x2 C:\TMP\offline_asr_alg_pro_sample.elf.ewu7Gh.ltrans1.ltrans.o
                0x000000001ff598d8                audio_deal_one_frm_callback
                0x000000001ff598d8                default_play_done_callback
 .text.servo_set_angle
                0x000000001ff598da       0x48 C:\TMP\offline_asr_alg_pro_sample.elf.ewu7Gh.ltrans1.ltrans.o
 .text.other_func_serve_cb
                0x000000001ff59922       0x1a C:\TMP\offline_asr_alg_pro_sample.elf.ewu7Gh.ltrans1.ltrans.o
 .text.icodec_config
                0x000000001ff5993c      0x112 C:\TMP\offline_asr_alg_pro_sample.elf.ewu7Gh.ltrans1.ltrans.o
 .text.icodec_stop
                0x000000001ff59a4e       0x20 C:\TMP\offline_asr_alg_pro_sample.elf.ewu7Gh.ltrans1.ltrans.o
 .text.inner_codec_adc_dig_gain_set
                0x000000001ff59a6e       0x44 C:\TMP\offline_asr_alg_pro_sample.elf.ewu7Gh.ltrans1.ltrans.o
 .text.get_pga_gain_reg_data_from_db
                0x000000001ff59ab2       0x3a C:\TMP\offline_asr_alg_pro_sample.elf.ewu7Gh.ltrans1.ltrans.o
 .text.icodec_ioctl
                0x000000001ff59aec       0xfe C:\TMP\offline_asr_alg_pro_sample.elf.ewu7Gh.ltrans1.ltrans.o
 .text.vpr_get_current_reg_id
                0x000000001ff59bea       0x26 C:\TMP\offline_asr_alg_pro_sample.elf.ewu7Gh.ltrans1.ltrans.o
 .text.get_combination_voice_number
                0x000000001ff59c10       0x54 C:\TMP\offline_asr_alg_pro_sample.elf.ewu7Gh.ltrans1.ltrans.o
 .text.wait_count_find_callback.lto_priv.0
                0x000000001ff59c64       0x2a C:\TMP\offline_asr_alg_pro_sample.elf.ewu7Gh.ltrans1.ltrans.o
                0x000000001ff59c64                wait_count_find_callback.lto_priv.0
 .text.cmd_string_find_callback
                0x000000001ff59c8e       0x4a C:\TMP\offline_asr_alg_pro_sample.elf.ewu7Gh.ltrans1.ltrans.o
 .text.cmd_id_find_callback.lto_priv.0
                0x000000001ff59cd8       0x2a C:\TMP\offline_asr_alg_pro_sample.elf.ewu7Gh.ltrans1.ltrans.o
                0x000000001ff59cd8                cmd_id_find_callback.lto_priv.0
 .text.hotid_update
                0x000000001ff59d02       0x1c C:\TMP\offline_asr_alg_pro_sample.elf.ewu7Gh.ltrans1.ltrans.o
 .text.ADPCM_Decode
                0x000000001ff59d1e       0xa0 C:\TMP\offline_asr_alg_pro_sample.elf.ewu7Gh.ltrans1.ltrans.o
 .text.de_codeadpcm_mono_to_mono
                0x000000001ff59dbe       0x3e C:\TMP\offline_asr_alg_pro_sample.elf.ewu7Gh.ltrans1.ltrans.o
 .text.save_audio_info
                0x000000001ff59dfc       0x6e C:\TMP\offline_asr_alg_pro_sample.elf.ewu7Gh.ltrans1.ltrans.o
 .text.audio_play_prompt_init
                0x000000001ff59e6a        0x4 C:\TMP\offline_asr_alg_pro_sample.elf.ewu7Gh.ltrans1.ltrans.o
 .text.registe_decoder_ops
                0x000000001ff59e6e       0x20 C:\TMP\offline_asr_alg_pro_sample.elf.ewu7Gh.ltrans1.ltrans.o
 .text.do_call_callback_fun
                0x000000001ff59e8e       0x30 C:\TMP\offline_asr_alg_pro_sample.elf.ewu7Gh.ltrans1.ltrans.o
 .text.audio_play_prompt_destroy
                0x000000001ff59ebe        0x4 C:\TMP\offline_asr_alg_pro_sample.elf.ewu7Gh.ltrans1.ltrans.o
 .text.audio_play_prompt_clear
                0x000000001ff59ec2        0xc C:\TMP\offline_asr_alg_pro_sample.elf.ewu7Gh.ltrans1.ltrans.o
 .text.audio_play_adpcm_decode
                0x000000001ff59ece       0x62 C:\TMP\offline_asr_alg_pro_sample.elf.ewu7Gh.ltrans1.ltrans.o
 .text.audio_play_ms_wav_decode
                0x000000001ff59f30       0x9c C:\TMP\offline_asr_alg_pro_sample.elf.ewu7Gh.ltrans1.ltrans.o
 .text.audio_play_adpcm_decode2
                0x000000001ff59fcc      0x132 C:\TMP\offline_asr_alg_pro_sample.elf.ewu7Gh.ltrans1.ltrans.o
 .text.audio_play_mp3_clear
                0x000000001ff5a0fe       0x16 C:\TMP\offline_asr_alg_pro_sample.elf.ewu7Gh.ltrans1.ltrans.o
 .text.audio_play_mp3_destroy
                0x000000001ff5a114       0x1e C:\TMP\offline_asr_alg_pro_sample.elf.ewu7Gh.ltrans1.ltrans.o
 .text.prvInsertBlockIntoFreeList
                0x000000001ff5a132       0x42 C:\TMP\offline_asr_alg_pro_sample.elf.ewu7Gh.ltrans1.ltrans.o
 .text.prvResetNextTaskUnblockTime
                0x000000001ff5a174       0x1e C:\TMP\offline_asr_alg_pro_sample.elf.ewu7Gh.ltrans1.ltrans.o
 .text.finsh_read_data
                0x000000001ff5a192       0x18 C:\TMP\offline_asr_alg_pro_sample.elf.ewu7Gh.ltrans1.ltrans.o
 .text.GPIO_IRQ_Default_proc
                0x000000001ff5a1aa       0x46 C:\TMP\offline_asr_alg_pro_sample.elf.ewu7Gh.ltrans1.ltrans.o
 .text.iis_clk_gate
                0x000000001ff5a1f0       0x50 C:\TMP\offline_asr_alg_pro_sample.elf.ewu7Gh.ltrans1.ltrans.o
 .text.UART_BAUDRATEConfig
                0x000000001ff5a240       0x6c C:\TMP\offline_asr_alg_pro_sample.elf.ewu7Gh.ltrans1.ltrans.o
 .text.inner_codec_dac_enable
                0x000000001ff5a2ac       0xa2 C:\TMP\offline_asr_alg_pro_sample.elf.ewu7Gh.ltrans1.ltrans.o
 .text.icodec_start
                0x000000001ff5a34e       0x1a C:\TMP\offline_asr_alg_pro_sample.elf.ewu7Gh.ltrans1.ltrans.o
 .text.icodec_init
                0x000000001ff5a368      0x318 C:\TMP\offline_asr_alg_pro_sample.elf.ewu7Gh.ltrans1.ltrans.o
 .text.erase_feb
                0x000000001ff5a680       0x32 C:\TMP\offline_asr_alg_pro_sample.elf.ewu7Gh.ltrans1.ltrans.o
 .text.write_feb_status
                0x000000001ff5a6b2       0x56 C:\TMP\offline_asr_alg_pro_sample.elf.ewu7Gh.ltrans1.ltrans.o
 .text.write_item_status
                0x000000001ff5a708       0x8a C:\TMP\offline_asr_alg_pro_sample.elf.ewu7Gh.ltrans1.ltrans.o
 .text.traverse_feb
                0x000000001ff5a792      0x26c C:\TMP\offline_asr_alg_pro_sample.elf.ewu7Gh.ltrans1.ltrans.o
 .text.find_item
                0x000000001ff5a9fe       0x58 C:\TMP\offline_asr_alg_pro_sample.elf.ewu7Gh.ltrans1.ltrans.o
 .text.find_id  0x000000001ff5aa56       0x40 C:\TMP\offline_asr_alg_pro_sample.elf.ewu7Gh.ltrans1.ltrans.o
 .text.reclaim_block
                0x000000001ff5aa96       0x54 C:\TMP\offline_asr_alg_pro_sample.elf.ewu7Gh.ltrans1.ltrans.o
 .text.write_item
                0x000000001ff5aaea      0x11a C:\TMP\offline_asr_alg_pro_sample.elf.ewu7Gh.ltrans1.ltrans.o
 .text.init_item
                0x000000001ff5ac04       0xca C:\TMP\offline_asr_alg_pro_sample.elf.ewu7Gh.ltrans1.ltrans.o
 .text.cheak_play_event
                0x000000001ff5acce       0x30 C:\TMP\offline_asr_alg_pro_sample.elf.ewu7Gh.ltrans1.ltrans.o
 .text.prvCheckForValidListAndQueue
                0x000000001ff5acfe       0x7c C:\TMP\offline_asr_alg_pro_sample.elf.ewu7Gh.ltrans1.ltrans.o
 .text.prvInsertTimerInActiveList
                0x000000001ff5ad7a       0x3e C:\TMP\offline_asr_alg_pro_sample.elf.ewu7Gh.ltrans1.ltrans.o
 .text.prvSwitchTimerLists
                0x000000001ff5adb8       0x64 C:\TMP\offline_asr_alg_pro_sample.elf.ewu7Gh.ltrans1.ltrans.o
 .text.decoder_task_timeout_deal.lto_priv.0
                0x000000001ff5ae1c       0x1c C:\TMP\offline_asr_alg_pro_sample.elf.ewu7Gh.ltrans1.ltrans.o
                0x000000001ff5ae1c                decoder_task_timeout_deal.lto_priv.0
 .text.decide_clear
                0x000000001ff5ae38        0xe C:\TMP\offline_asr_alg_pro_sample.elf.ewu7Gh.ltrans1.ltrans.o
                0x000000001ff5ae38                decide_clear
 .text.asrbest_result_clear
                0x000000001ff5ae46       0x34 C:\TMP\offline_asr_alg_pro_sample.elf.ewu7Gh.ltrans1.ltrans.o
                0x000000001ff5ae46                asrbest_result_clear
 .text.check_gb_cmd.part.0
                0x000000001ff5ae7a       0x3c C:\TMP\offline_asr_alg_pro_sample.elf.ewu7Gh.ltrans1.ltrans.o
                0x000000001ff5ae7a                check_gb_cmd.part.0
 .text.get_g_asrtop_asrsys_clear_flag
                0x000000001ff5aeb6       0x1c C:\TMP\offline_asr_alg_pro_sample.elf.ewu7Gh.ltrans1.ltrans.o
                0x000000001ff5aeb6                get_g_asrtop_asrsys_clear_flag
 .text.set_g_asrtop_asrsys_clear_flag
                0x000000001ff5aed2       0x1c C:\TMP\offline_asr_alg_pro_sample.elf.ewu7Gh.ltrans1.ltrans.o
                0x000000001ff5aed2                set_g_asrtop_asrsys_clear_flag
 .text.IIC0_IRQHandler
                0x000000001ff5aeee      0x26e C:\TMP\offline_asr_alg_pro_sample.elf.ewu7Gh.ltrans1.ltrans.o
                0x000000001ff5aeee                IIC0_IRQHandler
 .text.AON_PC_IRQHandler
                0x000000001ff5b15c       0x12 C:\TMP\offline_asr_alg_pro_sample.elf.ewu7Gh.ltrans1.ltrans.o
                0x000000001ff5b15c                AON_PC_IRQHandler
 .text.PB_IRQHandler
                0x000000001ff5b16e       0x12 C:\TMP\offline_asr_alg_pro_sample.elf.ewu7Gh.ltrans1.ltrans.o
                0x000000001ff5b16e                PB_IRQHandler
 .text.PA_IRQHandler
                0x000000001ff5b180       0x12 C:\TMP\offline_asr_alg_pro_sample.elf.ewu7Gh.ltrans1.ltrans.o
                0x000000001ff5b180                PA_IRQHandler
 .text.check_curr_trap
                0x000000001ff5b192        0xe C:\TMP\offline_asr_alg_pro_sample.elf.ewu7Gh.ltrans1.ltrans.o
                0x000000001ff5b192                check_curr_trap
 .text.send_msg_to_sys_task
                0x000000001ff5b1a0       0x30 C:\TMP\offline_asr_alg_pro_sample.elf.ewu7Gh.ltrans1.ltrans.o
 .text.uart_irq_handler
                0x000000001ff5b1d0       0xb4 C:\TMP\offline_asr_alg_pro_sample.elf.ewu7Gh.ltrans1.ltrans.o
 .text.exit_wakeup_timer_callback
                0x000000001ff5b284       0x1e C:\TMP\offline_asr_alg_pro_sample.elf.ewu7Gh.ltrans1.ltrans.o
 .text.eclic_set_irq_lvl_abs.lto_priv.0
                0x000000001ff5b2a2       0x4a C:\TMP\offline_asr_alg_pro_sample.elf.ewu7Gh.ltrans1.ltrans.o
                0x000000001ff5b2a2                eclic_set_irq_lvl_abs.lto_priv.0
 .text.cosin_metric
                0x000000001ff5b2ec       0x44 C:\TMP\offline_asr_alg_pro_sample.elf.ewu7Gh.ltrans1.ltrans.o
                0x000000001ff5b2ec                cosin_metric
 .text.decoder_port_free
                0x000000001ff5b330       0x10 C:\TMP\offline_asr_alg_pro_sample.elf.ewu7Gh.ltrans1.ltrans.o
                0x000000001ff5b330                decoder_port_free
 .text.decoder_release
                0x000000001ff5b340      0x158 C:\TMP\offline_asr_alg_pro_sample.elf.ewu7Gh.ltrans1.ltrans.o
                0x000000001ff5b340                decoder_release
 .text.decoder_port_malloc
                0x000000001ff5b498       0x14 C:\TMP\offline_asr_alg_pro_sample.elf.ewu7Gh.ltrans1.ltrans.o
                0x000000001ff5b498                decoder_port_malloc
 .text.codec_manage_inner_serve_cb
                0x000000001ff5b4ac       0xac C:\TMP\offline_asr_alg_pro_sample.elf.ewu7Gh.ltrans1.ltrans.o
 .text.cmd_info_find_command_by_string
                0x000000001ff5b558       0x76 C:\TMP\offline_asr_alg_pro_sample.elf.ewu7Gh.ltrans1.ltrans.o
                0x000000001ff5b558                cmd_info_find_command_by_string
 .text.is_valid_cmd_handle
                0x000000001ff5b5ce       0x1e C:\TMP\offline_asr_alg_pro_sample.elf.ewu7Gh.ltrans1.ltrans.o
                0x000000001ff5b5ce                is_valid_cmd_handle
 .text.cmd_info_is_wakeup_word
                0x000000001ff5b5ec       0x42 C:\TMP\offline_asr_alg_pro_sample.elf.ewu7Gh.ltrans1.ltrans.o
                0x000000001ff5b5ec                cmd_info_is_wakeup_word
 .text.check_is_wakeup
                0x000000001ff5b62e       0x1a C:\TMP\offline_asr_alg_pro_sample.elf.ewu7Gh.ltrans1.ltrans.o
                0x000000001ff5b62e                check_is_wakeup
 .text.cmd_info_get_semantic_id
                0x000000001ff5b648       0x5a C:\TMP\offline_asr_alg_pro_sample.elf.ewu7Gh.ltrans1.ltrans.o
                0x000000001ff5b648                cmd_info_get_semantic_id
 .text.cmd_info_get_command_id
                0x000000001ff5b6a2       0x52 C:\TMP\offline_asr_alg_pro_sample.elf.ewu7Gh.ltrans1.ltrans.o
                0x000000001ff5b6a2                cmd_info_get_command_id
 .text.send_asrout.lto_priv.0
                0x000000001ff5b6f4      0x444 C:\TMP\offline_asr_alg_pro_sample.elf.ewu7Gh.ltrans1.ltrans.o
                0x000000001ff5b6f4                send_asrout.lto_priv.0
 .text.ciss_set
                0x000000001ff5bb38       0x16 C:\TMP\offline_asr_alg_pro_sample.elf.ewu7Gh.ltrans1.ltrans.o
                0x000000001ff5bb38                ciss_set
 .text.cached_flash_reader_read
                0x000000001ff5bb4e       0xa6 C:\TMP\offline_asr_alg_pro_sample.elf.ewu7Gh.ltrans1.ltrans.o
                0x000000001ff5bb4e                cached_flash_reader_read
 .text._printf  0x000000001ff5bbf4       0x76 C:\TMP\offline_asr_alg_pro_sample.elf.ewu7Gh.ltrans1.ltrans.o
                0x000000001ff5bbf4                _printf
 .text.decoder_rpmsg_serve_cb
                0x000000001ff5bc6a      0x3d8 C:\TMP\offline_asr_alg_pro_sample.elf.ewu7Gh.ltrans1.ltrans.o
 .text.asr_top_outside_serve_cb
                0x000000001ff5c042       0x76 C:\TMP\offline_asr_alg_pro_sample.elf.ewu7Gh.ltrans1.ltrans.o
 .text.play_exit_wakeup_done_cb
                0x000000001ff5c0b8       0x2c C:\TMP\offline_asr_alg_pro_sample.elf.ewu7Gh.ltrans1.ltrans.o
 .text.resume_asr
                0x000000001ff5c0e4       0xb6 C:\TMP\offline_asr_alg_pro_sample.elf.ewu7Gh.ltrans1.ltrans.o
 .text.clean_play_queue
                0x000000001ff5c19a       0x3a C:\TMP\offline_asr_alg_pro_sample.elf.ewu7Gh.ltrans1.ltrans.o
 .text.pop_from_play_queue
                0x000000001ff5c1d4       0x2e C:\TMP\offline_asr_alg_pro_sample.elf.ewu7Gh.ltrans1.ltrans.o
 .text.iis_wait_load_ctrl
                0x000000001ff5c202       0xa2 C:\TMP\offline_asr_alg_pro_sample.elf.ewu7Gh.ltrans1.ltrans.o
                0x000000001ff5c202                iis_wait_load_ctrl
 .text.IISxDMA_TADDR0.part.0
                0x000000001ff5c2a4       0x2c C:\TMP\offline_asr_alg_pro_sample.elf.ewu7Gh.ltrans1.ltrans.o
 .text.cm_output_interrupt_handler
                0x000000001ff5c2d0      0x106 C:\TMP\offline_asr_alg_pro_sample.elf.ewu7Gh.ltrans1.ltrans.o
 .text.IISDMA_ADDRRollBackINT.part.0
                0x000000001ff5c3d6       0x2c C:\TMP\offline_asr_alg_pro_sample.elf.ewu7Gh.ltrans1.ltrans.o
                0x000000001ff5c3d6                IISDMA_ADDRRollBackINT.part.0
 .text.cm_input_interrupt_handler
                0x000000001ff5c402       0x74 C:\TMP\offline_asr_alg_pro_sample.elf.ewu7Gh.ltrans1.ltrans.o
 .text.IIS_DMA_IRQHandler
                0x000000001ff5c476      0x112 C:\TMP\offline_asr_alg_pro_sample.elf.ewu7Gh.ltrans1.ltrans.o
                0x000000001ff5c476                IIS_DMA_IRQHandler
 .text.get_iis_dma_channel.lto_priv.0
                0x000000001ff5c588       0x58 C:\TMP\offline_asr_alg_pro_sample.elf.ewu7Gh.ltrans1.ltrans.o
                0x000000001ff5c588                get_iis_dma_channel.lto_priv.0
 .text.cm_config_codec.part.0
                0x000000001ff5c5e0      0x7f4 C:\TMP\offline_asr_alg_pro_sample.elf.ewu7Gh.ltrans1.ltrans.o
 .text.init_iis.isra.0
                0x000000001ff5cdd4       0x8a C:\TMP\offline_asr_alg_pro_sample.elf.ewu7Gh.ltrans1.ltrans.o
 .text.cm_start_codec
                0x000000001ff5ce5e      0x23e C:\TMP\offline_asr_alg_pro_sample.elf.ewu7Gh.ltrans1.ltrans.o
 .text.asr_result_callback.part.0
                0x000000001ff5d09c       0x54 C:\TMP\offline_asr_alg_pro_sample.elf.ewu7Gh.ltrans1.ltrans.o
                0x000000001ff5d09c                asr_result_callback.part.0
 .text.audio_play_prompt_config
                0x000000001ff5d0f0       0xac C:\TMP\offline_asr_alg_pro_sample.elf.ewu7Gh.ltrans1.ltrans.o
 .text.audio_play_mp3_decode
                0x000000001ff5d19c      0x110 C:\TMP\offline_asr_alg_pro_sample.elf.ewu7Gh.ltrans1.ltrans.o
 .text.audio_play_mp3_init
                0x000000001ff5d2ac       0x2e C:\TMP\offline_asr_alg_pro_sample.elf.ewu7Gh.ltrans1.ltrans.o
 .text.prvAddCurrentTaskToDelayedList.lto_priv.0
                0x000000001ff5d2da       0x70 C:\TMP\offline_asr_alg_pro_sample.elf.ewu7Gh.ltrans1.ltrans.o
                0x000000001ff5d2da                prvAddCurrentTaskToDelayedList.lto_priv.0
 .text.xTaskGetSchedulerState
                0x000000001ff5d34a       0x14 C:\TMP\offline_asr_alg_pro_sample.elf.ewu7Gh.ltrans1.ltrans.o
                0x000000001ff5d34a                xTaskGetSchedulerState
 .text.cinv_port_mutex_give
                0x000000001ff5d35e       0x36 C:\TMP\offline_asr_alg_pro_sample.elf.ewu7Gh.ltrans1.ltrans.o
 .text.cinv_port_mutex_take
                0x000000001ff5d394       0x32 C:\TMP\offline_asr_alg_pro_sample.elf.ewu7Gh.ltrans1.ltrans.o
 .text.cinv_item_delete
                0x000000001ff5d3c6       0x5e C:\TMP\offline_asr_alg_pro_sample.elf.ewu7Gh.ltrans1.ltrans.o
 .text.cinv_item_read
                0x000000001ff5d424       0xc4 C:\TMP\offline_asr_alg_pro_sample.elf.ewu7Gh.ltrans1.ltrans.o
                0x000000001ff5d424                cinv_item_read
 .text.cinv_item_write
                0x000000001ff5d4e8       0x7a C:\TMP\offline_asr_alg_pro_sample.elf.ewu7Gh.ltrans1.ltrans.o
 .text.vol_set  0x000000001ff5d562       0x5c C:\TMP\offline_asr_alg_pro_sample.elf.ewu7Gh.ltrans1.ltrans.o
 .text.cinv_item_init
                0x000000001ff5d5be       0x46 C:\TMP\offline_asr_alg_pro_sample.elf.ewu7Gh.ltrans1.ltrans.o
 .text.xTaskCheckForTimeOut
                0x000000001ff5d604       0x68 C:\TMP\offline_asr_alg_pro_sample.elf.ewu7Gh.ltrans1.ltrans.o
                0x000000001ff5d604                xTaskCheckForTimeOut
 .text.xTaskRemoveFromEventList
                0x000000001ff5d66c       0x70 C:\TMP\offline_asr_alg_pro_sample.elf.ewu7Gh.ltrans1.ltrans.o
                0x000000001ff5d66c                xTaskRemoveFromEventList
 .text.audio_play_queue_reset
                0x000000001ff5d6dc       0x4c C:\TMP\offline_asr_alg_pro_sample.elf.ewu7Gh.ltrans1.ltrans.o
 .text.vTaskPlaceOnEventList
                0x000000001ff5d728       0x1c C:\TMP\offline_asr_alg_pro_sample.elf.ewu7Gh.ltrans1.ltrans.o
                0x000000001ff5d728                vTaskPlaceOnEventList
 .text.xTaskIncrementTick
                0x000000001ff5d744       0xee C:\TMP\offline_asr_alg_pro_sample.elf.ewu7Gh.ltrans1.ltrans.o
                0x000000001ff5d744                xTaskIncrementTick
 .text.xTaskGetTickCount
                0x000000001ff5d832       0x1c C:\TMP\offline_asr_alg_pro_sample.elf.ewu7Gh.ltrans1.ltrans.o
                0x000000001ff5d832                xTaskGetTickCount
 .text.xTaskResumeAll
                0x000000001ff5d84e       0xbe C:\TMP\offline_asr_alg_pro_sample.elf.ewu7Gh.ltrans1.ltrans.o
                0x000000001ff5d84e                xTaskResumeAll
 .text.vTaskSuspendAll
                0x000000001ff5d90c        0xc C:\TMP\offline_asr_alg_pro_sample.elf.ewu7Gh.ltrans1.ltrans.o
                0x000000001ff5d90c                vTaskSuspendAll
 .text.clear_decode_queuemsg
                0x000000001ff5d918       0xde C:\TMP\offline_asr_alg_pro_sample.elf.ewu7Gh.ltrans1.ltrans.o
                0x000000001ff5d918                clear_decode_queuemsg
 .text.vPortFree
                0x000000001ff5d9f6       0x4a C:\TMP\offline_asr_alg_pro_sample.elf.ewu7Gh.ltrans1.ltrans.o
                0x000000001ff5d9f6                vPortFree
 .text.vpr_reg_timeout_callback
                0x000000001ff5da40       0x50 C:\TMP\offline_asr_alg_pro_sample.elf.ewu7Gh.ltrans1.ltrans.o
 .text.free_bak_data
                0x000000001ff5da90       0x26 C:\TMP\offline_asr_alg_pro_sample.elf.ewu7Gh.ltrans1.ltrans.o
 .text.prvIdleTask
                0x000000001ff5dab6       0x60 C:\TMP\offline_asr_alg_pro_sample.elf.ewu7Gh.ltrans1.ltrans.o
 .text.pvPortMalloc
                0x000000001ff5db16       0xf2 C:\TMP\offline_asr_alg_pro_sample.elf.ewu7Gh.ltrans1.ltrans.o
                0x000000001ff5db16                pvPortMalloc
 .text.realloc_buffer
                0x000000001ff5dc08       0x3a C:\TMP\offline_asr_alg_pro_sample.elf.ewu7Gh.ltrans1.ltrans.o
 .text.cmd_info_change_cur_model_group_inner.part.0
                0x000000001ff5dc42      0x114 C:\TMP\offline_asr_alg_pro_sample.elf.ewu7Gh.ltrans1.ltrans.o
 .text.cmd_file_change_cur_model_group
                0x000000001ff5dd56       0xac C:\TMP\offline_asr_alg_pro_sample.elf.ewu7Gh.ltrans1.ltrans.o
 .text.get_file_table
                0x000000001ff5de02       0x4a C:\TMP\offline_asr_alg_pro_sample.elf.ewu7Gh.ltrans1.ltrans.o
 .text.prompt_play_inner.isra.0
                0x000000001ff5de4c      0x26e C:\TMP\offline_asr_alg_pro_sample.elf.ewu7Gh.ltrans1.ltrans.o
 .text.combination_callback.lto_priv.0
                0x000000001ff5e0ba       0xc6 C:\TMP\offline_asr_alg_pro_sample.elf.ewu7Gh.ltrans1.ltrans.o
                0x000000001ff5e0ba                combination_callback.lto_priv.0
 .text.get_file_addr
                0x000000001ff5e180       0xaa C:\TMP\offline_asr_alg_pro_sample.elf.ewu7Gh.ltrans1.ltrans.o
 .text.get_current_model_addr
                0x000000001ff5e22a       0x8e C:\TMP\offline_asr_alg_pro_sample.elf.ewu7Gh.ltrans1.ltrans.o
                0x000000001ff5e22a                get_current_model_addr
 .text.flash_control_inner_serve_cb
                0x000000001ff5e2b8       0x76 C:\TMP\offline_asr_alg_pro_sample.elf.ewu7Gh.ltrans1.ltrans.o
 .text.cmd_info_change_cur_model_group.part.0
                0x000000001ff5e32e       0x6e C:\TMP\offline_asr_alg_pro_sample.elf.ewu7Gh.ltrans1.ltrans.o
 .text.change_asr_normal_word
                0x000000001ff5e39c       0x3a C:\TMP\offline_asr_alg_pro_sample.elf.ewu7Gh.ltrans1.ltrans.o
 .text.prvListTasksWithinSingleList
                0x000000001ff5e3d6       0xca C:\TMP\offline_asr_alg_pro_sample.elf.ewu7Gh.ltrans1.ltrans.o
 .text.vTaskDelay
                0x000000001ff5e4a0       0x28 C:\TMP\offline_asr_alg_pro_sample.elf.ewu7Gh.ltrans1.ltrans.o
                0x000000001ff5e4a0                vTaskDelay
 .text.audio_in_manage_inner_task
                0x000000001ff5e4c8      0x2c8 C:\TMP\offline_asr_alg_pro_sample.elf.ewu7Gh.ltrans1.ltrans.o
 .text.vpr_callback
                0x000000001ff5e790       0xe8 C:\TMP\offline_asr_alg_pro_sample.elf.ewu7Gh.ltrans1.ltrans.o
 .text.task_init
                0x000000001ff5e878     0x159e C:\TMP\offline_asr_alg_pro_sample.elf.ewu7Gh.ltrans1.ltrans.o
 .text.vpr_run_one_recognition
                0x000000001ff5fe16      0x40e C:\TMP\offline_asr_alg_pro_sample.elf.ewu7Gh.ltrans1.ltrans.o
 .text.prompt_play_by_cmd_handle
                0x000000001ff60224      0x188 C:\TMP\offline_asr_alg_pro_sample.elf.ewu7Gh.ltrans1.ltrans.o
                0x000000001ff60224                prompt_play_by_cmd_handle
 .text.exit_wakeup_deal
                0x000000001ff603ac       0x7c C:\TMP\offline_asr_alg_pro_sample.elf.ewu7Gh.ltrans1.ltrans.o
 .text.UserTaskManageProcess
                0x000000001ff60428      0x790 C:\TMP\offline_asr_alg_pro_sample.elf.ewu7Gh.ltrans1.ltrans.o
 .text.pause_read_data
                0x000000001ff60bb8       0x3c C:\TMP\offline_asr_alg_pro_sample.elf.ewu7Gh.ltrans1.ltrans.o
 .text.audio_play_decode_continue
                0x000000001ff60bf4      0x4b6 C:\TMP\offline_asr_alg_pro_sample.elf.ewu7Gh.ltrans1.ltrans.o
 .text.task_audio_play
                0x000000001ff610aa      0x5d4 C:\TMP\offline_asr_alg_pro_sample.elf.ewu7Gh.ltrans1.ltrans.o
 .text.prvIsQueueEmpty.lto_priv.0
                0x000000001ff6167e       0x18 C:\TMP\offline_asr_alg_pro_sample.elf.ewu7Gh.ltrans1.ltrans.o
                0x000000001ff6167e                prvIsQueueEmpty.lto_priv.0
 .text.task_get_play_data
                0x000000001ff61696      0x5a0 C:\TMP\offline_asr_alg_pro_sample.elf.ewu7Gh.ltrans1.ltrans.o
 .text.prvUnlockQueue.lto_priv.0
                0x000000001ff61c36       0x7a C:\TMP\offline_asr_alg_pro_sample.elf.ewu7Gh.ltrans1.ltrans.o
                0x000000001ff61c36                prvUnlockQueue.lto_priv.0
 .text.prvTimerTask
                0x000000001ff61cb0      0x19a C:\TMP\offline_asr_alg_pro_sample.elf.ewu7Gh.ltrans1.ltrans.o
 .text.prvCopyDataFromQueue
                0x000000001ff61e4a       0x2c C:\TMP\offline_asr_alg_pro_sample.elf.ewu7Gh.ltrans2.ltrans.o
 .text.vQueueDelete
                0x000000001ff61e76       0x38 C:\TMP\offline_asr_alg_pro_sample.elf.ewu7Gh.ltrans2.ltrans.o
                0x000000001ff61e76                vQueueDelete
 .text.xQueueReceiveFromISR
                0x000000001ff61eae       0x76 C:\TMP\offline_asr_alg_pro_sample.elf.ewu7Gh.ltrans2.ltrans.o
                0x000000001ff61eae                xQueueReceiveFromISR
 .text.xQueueGiveFromISR
                0x000000001ff61f24       0x64 C:\TMP\offline_asr_alg_pro_sample.elf.ewu7Gh.ltrans2.ltrans.o
                0x000000001ff61f24                xQueueGiveFromISR
 .text.uxListRemove
                0x000000001ff61f88       0x20 C:\TMP\offline_asr_alg_pro_sample.elf.ewu7Gh.ltrans2.ltrans.o
                0x000000001ff61f88                uxListRemove
 .text.vListInsert
                0x000000001ff61fa8       0x2e C:\TMP\offline_asr_alg_pro_sample.elf.ewu7Gh.ltrans2.ltrans.o
                0x000000001ff61fa8                vListInsert
 .text.vListInsertEnd
                0x000000001ff61fd6       0x18 C:\TMP\offline_asr_alg_pro_sample.elf.ewu7Gh.ltrans2.ltrans.o
                0x000000001ff61fd6                vListInsertEnd
 .text.prvCopyDataToQueue.lto_priv.0
                0x000000001ff61fee       0xc8 C:\TMP\offline_asr_alg_pro_sample.elf.ewu7Gh.ltrans2.ltrans.o
                0x000000001ff61fee                prvCopyDataToQueue.lto_priv.0
 .text.vListInitialise
                0x000000001ff620b6       0x14 C:\TMP\offline_asr_alg_pro_sample.elf.ewu7Gh.ltrans2.ltrans.o
                0x000000001ff620b6                vListInitialise
 .text.xQueueGenericCreate
                0x000000001ff620ca       0x74 C:\TMP\offline_asr_alg_pro_sample.elf.ewu7Gh.ltrans2.ltrans.o
                0x000000001ff620ca                xQueueGenericCreate
 .text.xEventGroupCreate
                0x000000001ff6213e       0x1e C:\TMP\offline_asr_alg_pro_sample.elf.ewu7Gh.ltrans2.ltrans.o
                0x000000001ff6213e                xEventGroupCreate
 .text.get_src_clk
                0x000000001ff6215c        0xc C:\TMP\offline_asr_alg_pro_sample.elf.ewu7Gh.ltrans2.ltrans.o
                0x000000001ff6215c                get_src_clk
 .text.init_irq_pri
                0x000000001ff62168       0x22 C:\TMP\offline_asr_alg_pro_sample.elf.ewu7Gh.ltrans2.ltrans.o
                0x000000001ff62168                init_irq_pri
 .text._delay_10us_240M
                0x000000001ff6218a       0x2e C:\TMP\offline_asr_alg_pro_sample.elf.ewu7Gh.ltrans2.ltrans.o
                0x000000001ff6218a                _delay_10us_240M
 .text.AON_TIM_INT1_IRQHandler
                0x000000001ff621b8        0x2 C:\TMP\offline_asr_alg_pro_sample.elf.ewu7Gh.ltrans2.ltrans.o
                0x000000001ff621b8                AON_TIM_INT1_IRQHandler
 .text.IWDG_IRQHandler
                0x000000001ff621ba        0x2 C:\TMP\offline_asr_alg_pro_sample.elf.ewu7Gh.ltrans2.ltrans.o
                0x000000001ff621ba                IWDG_IRQHandler
 .text.AON_TIM_INT0_IRQHandler
                0x000000001ff621bc        0x2 C:\TMP\offline_asr_alg_pro_sample.elf.ewu7Gh.ltrans2.ltrans.o
                0x000000001ff621bc                AON_TIM_INT0_IRQHandler
 .text.EXT1_IRQHandler
                0x000000001ff621be        0x2 C:\TMP\offline_asr_alg_pro_sample.elf.ewu7Gh.ltrans2.ltrans.o
                0x000000001ff621be                EXT1_IRQHandler
 .text.EXT0_IRQHandler
                0x000000001ff621c0        0x2 C:\TMP\offline_asr_alg_pro_sample.elf.ewu7Gh.ltrans2.ltrans.o
                0x000000001ff621c0                EXT0_IRQHandler
 .text.VDT_IRQHandler
                0x000000001ff621c2        0x2 C:\TMP\offline_asr_alg_pro_sample.elf.ewu7Gh.ltrans2.ltrans.o
                0x000000001ff621c2                VDT_IRQHandler
 .text.V11_OK_IRQHandler
                0x000000001ff621c4        0x2 C:\TMP\offline_asr_alg_pro_sample.elf.ewu7Gh.ltrans2.ltrans.o
                0x000000001ff621c4                V11_OK_IRQHandler
 .text.DTR_IRQHandler
                0x000000001ff621c6        0x2 C:\TMP\offline_asr_alg_pro_sample.elf.ewu7Gh.ltrans2.ltrans.o
                0x000000001ff621c6                DTR_IRQHandler
 .text.PDM_IRQHandler
                0x000000001ff621c8        0x2 C:\TMP\offline_asr_alg_pro_sample.elf.ewu7Gh.ltrans2.ltrans.o
                0x000000001ff621c8                PDM_IRQHandler
 .text.ALC_IRQHandler
                0x000000001ff621ca        0x2 C:\TMP\offline_asr_alg_pro_sample.elf.ewu7Gh.ltrans2.ltrans.o
                0x000000001ff621ca                ALC_IRQHandler
 .text.IIS2_IRQHandler
                0x000000001ff621cc        0x2 C:\TMP\offline_asr_alg_pro_sample.elf.ewu7Gh.ltrans2.ltrans.o
                0x000000001ff621cc                IIS2_IRQHandler
 .text.IIS1_IRQHandler
                0x000000001ff621ce        0x2 C:\TMP\offline_asr_alg_pro_sample.elf.ewu7Gh.ltrans2.ltrans.o
                0x000000001ff621ce                IIS1_IRQHandler
 .text.IIS0_IRQHandler
                0x000000001ff621d0        0x2 C:\TMP\offline_asr_alg_pro_sample.elf.ewu7Gh.ltrans2.ltrans.o
                0x000000001ff621d0                IIS0_IRQHandler
 .text.UART2_IRQHandler
                0x000000001ff621d2        0x2 C:\TMP\offline_asr_alg_pro_sample.elf.ewu7Gh.ltrans2.ltrans.o
                0x000000001ff621d2                UART2_IRQHandler
 .text.UART1_IRQHandler
                0x000000001ff621d4        0x2 C:\TMP\offline_asr_alg_pro_sample.elf.ewu7Gh.ltrans2.ltrans.o
                0x000000001ff621d4                UART1_IRQHandler
 .text.UART0_IRQHandler
                0x000000001ff621d6        0x2 C:\TMP\offline_asr_alg_pro_sample.elf.ewu7Gh.ltrans2.ltrans.o
                0x000000001ff621d6                UART0_IRQHandler
 .text.TIMER3_IRQHandler
                0x000000001ff621d8        0x2 C:\TMP\offline_asr_alg_pro_sample.elf.ewu7Gh.ltrans2.ltrans.o
                0x000000001ff621d8                TIMER3_IRQHandler
 .text.TIMER2_IRQHandler
                0x000000001ff621da        0x2 C:\TMP\offline_asr_alg_pro_sample.elf.ewu7Gh.ltrans2.ltrans.o
                0x000000001ff621da                TIMER2_IRQHandler
 .text.TIMER1_IRQHandler
                0x000000001ff621dc        0x2 C:\TMP\offline_asr_alg_pro_sample.elf.ewu7Gh.ltrans2.ltrans.o
                0x000000001ff621dc                TIMER1_IRQHandler
 .text.TIMER0_IRQHandler
                0x000000001ff621de        0x2 C:\TMP\offline_asr_alg_pro_sample.elf.ewu7Gh.ltrans2.ltrans.o
                0x000000001ff621de                TIMER0_IRQHandler
 .text.DMA_IRQHandler
                0x000000001ff621e0       0x2a C:\TMP\offline_asr_alg_pro_sample.elf.ewu7Gh.ltrans2.ltrans.o
                0x000000001ff621e0                DMA_IRQHandler
 .text.ADC_IRQHandler
                0x000000001ff6220a        0x2 C:\TMP\offline_asr_alg_pro_sample.elf.ewu7Gh.ltrans2.ltrans.o
                0x000000001ff6220a                ADC_IRQHandler
 .text.NPU_IRQHandler
                0x000000001ff6220c        0x2 C:\TMP\offline_asr_alg_pro_sample.elf.ewu7Gh.ltrans2.ltrans.o
                0x000000001ff6220c                NPU_IRQHandler
 .text.SCU_IRQHandler
                0x000000001ff6220e        0x2 C:\TMP\offline_asr_alg_pro_sample.elf.ewu7Gh.ltrans2.ltrans.o
                0x000000001ff6220e                SCU_IRQHandler
 .text.TWDG_IRQHandler
                0x000000001ff62210        0x2 C:\TMP\offline_asr_alg_pro_sample.elf.ewu7Gh.ltrans2.ltrans.o
                0x000000001ff62210                TWDG_IRQHandler
 .text._fini    0x000000001ff62212        0x2 C:\TMP\offline_asr_alg_pro_sample.elf.ewu7Gh.ltrans2.ltrans.o
                0x000000001ff62212                _fini
 .text._init    0x000000001ff62214       0xc2 C:\TMP\offline_asr_alg_pro_sample.elf.ewu7Gh.ltrans2.ltrans.o
                0x000000001ff62214                _init
 .text.xQueuePeek
                0x000000001ff622d6       0xe4 C:\TMP\offline_asr_alg_pro_sample.elf.ewu7Gh.ltrans2.ltrans.o
                0x000000001ff622d6                xQueuePeek
 .text.xQueueSemaphoreTake
                0x000000001ff623ba      0x20c C:\TMP\offline_asr_alg_pro_sample.elf.ewu7Gh.ltrans2.ltrans.o
                0x000000001ff623ba                xQueueSemaphoreTake
 .text.xQueueReceive
                0x000000001ff625c6       0xe0 C:\TMP\offline_asr_alg_pro_sample.elf.ewu7Gh.ltrans2.ltrans.o
                0x000000001ff625c6                xQueueReceive
 .text.xQueueGenericSend
                0x000000001ff626a6       0xee C:\TMP\offline_asr_alg_pro_sample.elf.ewu7Gh.ltrans2.ltrans.o
                0x000000001ff626a6                xQueueGenericSend
 .text.xEventGroupSetBits
                0x000000001ff62794       0xbc C:\TMP\offline_asr_alg_pro_sample.elf.ewu7Gh.ltrans2.ltrans.o
                0x000000001ff62794                xEventGroupSetBits
 .text.vEventGroupSetBitsCallback
                0x000000001ff62850        0xc C:\TMP\offline_asr_alg_pro_sample.elf.ewu7Gh.ltrans2.ltrans.o
                0x000000001ff62850                vEventGroupSetBitsCallback
 .text.xEventGroupWaitBits
                0x000000001ff6285c       0xd0 C:\TMP\offline_asr_alg_pro_sample.elf.ewu7Gh.ltrans2.ltrans.o
                0x000000001ff6285c                xEventGroupWaitBits
 .text.handle_trap
                0x000000001ff6292c      0x118 C:\TMP\offline_asr_alg_pro_sample.elf.ewu7Gh.ltrans2.ltrans.o
                0x000000001ff6292c                handle_trap
 .text.sbrk     0x000000001ff62a44       0x6e ../../../libs\libnewlib_port.a(sbrk.o)
                0x000000001ff62a44                sbrk
 .text.get_heap_bytes_remaining_size
                0x000000001ff62ab2        0x6 ../../../libs\libnewlib_port.a(sbrk.o)
                0x000000001ff62ab2                get_heap_bytes_remaining_size
 .text.__malloc_lock
                0x000000001ff62ab8        0xc ../../../libs\libnewlib_port.a(sbrk.o)
                0x000000001ff62ab8                __malloc_lock
 .text.__malloc_unlock
                0x000000001ff62ac4        0xc ../../../libs\libnewlib_port.a(sbrk.o)
                0x000000001ff62ac4                __malloc_unlock
 .text.__wrap_memcmp
                0x000000001ff62ad0       0x10 ../../../libs\libnewlib_port.a(sbrk.o)
                0x000000001ff62ad0                __wrap_memcmp
 .text.__wrap_memcpy
                0x000000001ff62ae0       0x10 ../../../libs\libnewlib_port.a(sbrk.o)
                0x000000001ff62ae0                __wrap_memcpy
 .text.__wrap_memmove
                0x000000001ff62af0        0xe ../../../libs\libnewlib_port.a(sbrk.o)
                0x000000001ff62af0                __wrap_memmove
 .text.__wrap_memset
                0x000000001ff62afe        0xe ../../../libs\libnewlib_port.a(sbrk.o)
                0x000000001ff62afe                __wrap_memset
 .text.__wrap_strcat
                0x000000001ff62b0c        0xe ../../../libs\libnewlib_port.a(sbrk.o)
                0x000000001ff62b0c                __wrap_strcat
 .text.__wrap_strcmp
                0x000000001ff62b1a        0xe ../../../libs\libnewlib_port.a(sbrk.o)
                0x000000001ff62b1a                __wrap_strcmp
 .text.__wrap_strcpy
                0x000000001ff62b28        0xe ../../../libs\libnewlib_port.a(sbrk.o)
                0x000000001ff62b28                __wrap_strcpy
 .text.__wrap_strlen
                0x000000001ff62b36        0xe ../../../libs\libnewlib_port.a(sbrk.o)
                0x000000001ff62b36                __wrap_strlen
 .text.__wrap_strncmp
                0x000000001ff62b44        0xe ../../../libs\libnewlib_port.a(sbrk.o)
                0x000000001ff62b44                __wrap_strncmp
 .text.__wrap_strncpy
                0x000000001ff62b52        0xe ../../../libs\libnewlib_port.a(sbrk.o)
                0x000000001ff62b52                __wrap_strncpy
 .text.__wrap_strstr
                0x000000001ff62b60        0xe ../../../libs\libnewlib_port.a(sbrk.o)
                0x000000001ff62b60                __wrap_strstr
 .text.__wrap_malloc
                0x000000001ff62b6e       0x10 ../../../libs\libnewlib_port.a(sbrk.o)
                0x000000001ff62b6e                __wrap_malloc
 .text.__wrap_free
                0x000000001ff62b7e       0x10 ../../../libs\libnewlib_port.a(sbrk.o)
                0x000000001ff62b7e                __wrap_free
 *fill*         0x000000001ff62b8e       0x32 
 .text.entry    0x000000001ff62bc0      0x5f4 ../../../libs\libfreertos_port.a(portasm.o)
                0x000000001ff62bc0                trap_entry
                0x000000001ff62cb0                irq_entry
                0x000000001ff62e24                eclic_mtip_handler
                0x000000001ff62ee4                eclic_msip_handler
                0x000000001ff62fc0                vPortYield_from_ulSynchTrap
                0x000000001ff63000                vPortYield
                0x000000001ff63130                xPortStartScheduler
                0x000000001ff631a0                vPortEndScheduler
 .text          0x000000001ff631b4       0x60 d:/software/yuyin/qiqiyinqiluntai/riscv-nuclei-elf-gcc-9.2.0.0/gcc_fix_raissrc/bin/../lib/gcc/riscv-nuclei-elf/9.2.0/rv32imafc/ilp32f\libgcc.a(save-restore.o)
                0x000000001ff631b4                __riscv_save_12
                0x000000001ff631bc                __riscv_save_11
                0x000000001ff631bc                __riscv_save_8
                0x000000001ff631bc                __riscv_save_9
                0x000000001ff631bc                __riscv_save_10
                0x000000001ff631ca                __riscv_save_4
                0x000000001ff631ca                __riscv_save_5
                0x000000001ff631ca                __riscv_save_6
                0x000000001ff631ca                __riscv_save_7
                0x000000001ff631e4                __riscv_save_1
                0x000000001ff631e4                __riscv_save_2
                0x000000001ff631e4                __riscv_save_0
                0x000000001ff631e4                __riscv_save_3
                0x000000001ff631f0                __riscv_restore_12
                0x000000001ff631f4                __riscv_restore_11
                0x000000001ff631f4                __riscv_restore_8
                0x000000001ff631f4                __riscv_restore_10
                0x000000001ff631f4                __riscv_restore_9
                0x000000001ff631fe                __riscv_restore_6
                0x000000001ff631fe                __riscv_restore_5
                0x000000001ff631fe                __riscv_restore_4
                0x000000001ff631fe                __riscv_restore_7
                0x000000001ff63208                __riscv_restore_2
                0x000000001ff63208                __riscv_restore_0
                0x000000001ff63208                __riscv_restore_1
                0x000000001ff63208                __riscv_restore_3
 .text.atexit   0x000000001ff63214        0xa d:/software/yuyin/qiqiyinqiluntai/riscv-nuclei-elf-gcc-9.2.0.0/gcc_fix_raissrc/bin/../lib/gcc/riscv-nuclei-elf/9.2.0/../../../../riscv-nuclei-elf/lib/rv32imafc/ilp32f\libg_nano.a(lib_a-atexit.o)
                0x000000001ff63214                atexit
 .text.exit     0x000000001ff6321e       0x24 d:/software/yuyin/qiqiyinqiluntai/riscv-nuclei-elf-gcc-9.2.0.0/gcc_fix_raissrc/bin/../lib/gcc/riscv-nuclei-elf/9.2.0/../../../../riscv-nuclei-elf/lib/rv32imafc/ilp32f\libg_nano.a(lib_a-exit.o)
                0x000000001ff6321e                exit
 .text.__libc_fini_array
                0x000000001ff63242       0x3a d:/software/yuyin/qiqiyinqiluntai/riscv-nuclei-elf-gcc-9.2.0.0/gcc_fix_raissrc/bin/../lib/gcc/riscv-nuclei-elf/9.2.0/../../../../riscv-nuclei-elf/lib/rv32imafc/ilp32f\libg_nano.a(lib_a-fini.o)
                0x000000001ff63242                __libc_fini_array
 .text.__libc_init_array
                0x000000001ff6327c       0x6e d:/software/yuyin/qiqiyinqiluntai/riscv-nuclei-elf-gcc-9.2.0.0/gcc_fix_raissrc/bin/../lib/gcc/riscv-nuclei-elf/9.2.0/../../../../riscv-nuclei-elf/lib/rv32imafc/ilp32f\libg_nano.a(lib_a-init.o)
                0x000000001ff6327c                __libc_init_array
 .text.rand     0x000000001ff632ea       0x86 d:/software/yuyin/qiqiyinqiluntai/riscv-nuclei-elf-gcc-9.2.0.0/gcc_fix_raissrc/bin/../lib/gcc/riscv-nuclei-elf/9.2.0/../../../../riscv-nuclei-elf/lib/rv32imafc/ilp32f\libg_nano.a(lib_a-rand.o)
                0x000000001ff632ea                rand
 .text.strtok   0x000000001ff63370       0x7c d:/software/yuyin/qiqiyinqiluntai/riscv-nuclei-elf-gcc-9.2.0.0/gcc_fix_raissrc/bin/../lib/gcc/riscv-nuclei-elf/9.2.0/../../../../riscv-nuclei-elf/lib/rv32imafc/ilp32f\libg_nano.a(lib_a-strtok.o)
                0x000000001ff63370                strtok
 .text.__strtok_r
                0x000000001ff633ec       0x5c d:/software/yuyin/qiqiyinqiluntai/riscv-nuclei-elf-gcc-9.2.0.0/gcc_fix_raissrc/bin/../lib/gcc/riscv-nuclei-elf/9.2.0/../../../../riscv-nuclei-elf/lib/rv32imafc/ilp32f\libg_nano.a(lib_a-strtok_r.o)
                0x000000001ff633ec                __strtok_r
 .text.__register_exitproc
                0x000000001ff63448       0x7c d:/software/yuyin/qiqiyinqiluntai/riscv-nuclei-elf-gcc-9.2.0.0/gcc_fix_raissrc/bin/../lib/gcc/riscv-nuclei-elf/9.2.0/../../../../riscv-nuclei-elf/lib/rv32imafc/ilp32f\libg_nano.a(lib_a-__atexit.o)
                0x000000001ff63448                __register_exitproc
 .text.__call_exitprocs
                0x000000001ff634c4       0xc4 d:/software/yuyin/qiqiyinqiluntai/riscv-nuclei-elf-gcc-9.2.0.0/gcc_fix_raissrc/bin/../lib/gcc/riscv-nuclei-elf/9.2.0/../../../../riscv-nuclei-elf/lib/rv32imafc/ilp32f\libg_nano.a(lib_a-__call_atexit.o)
                0x000000001ff634c4                __call_exitprocs
 .text.strchr   0x000000001ff63588       0x1a d:/software/yuyin/qiqiyinqiluntai/riscv-nuclei-elf-gcc-9.2.0.0/gcc_fix_raissrc/bin/../lib/gcc/riscv-nuclei-elf/9.2.0/../../../../riscv-nuclei-elf/lib/rv32imafc/ilp32f\libg_nano.a(lib_a-strchr.o)
                0x000000001ff63588                strchr
 .text._exit    0x000000001ff635a2       0x2a d:/software/yuyin/qiqiyinqiluntai/riscv-nuclei-elf-gcc-9.2.0.0/gcc_fix_raissrc/bin/../lib/gcc/riscv-nuclei-elf/9.2.0/../../../../riscv-nuclei-elf/lib/rv32imafc/ilp32f\libgloss_nano.a(sys_exit.o)
                0x000000001ff635a2                _exit
 .text.__errno  0x000000001ff635cc        0x6 d:/software/yuyin/qiqiyinqiluntai/riscv-nuclei-elf-gcc-9.2.0.0/gcc_fix_raissrc/bin/../lib/gcc/riscv-nuclei-elf/9.2.0/../../../../riscv-nuclei-elf/lib/rv32imafc/ilp32f\libc_nano.a(lib_a-errno.o)
                0x000000001ff635cc                __errno
 *(.gnu.linkonce.t.*)

.fini
 *(SORT_NONE(.fini))
                0x000000001ff635d4                . = ALIGN (0x4)
                [!provide]                        PROVIDE (__etext = .)
                [!provide]                        PROVIDE (_etext = .)
                [!provide]                        PROVIDE (etext = .)
                0x000000001ff635d4                PROVIDE (_eilm = .)

.preinit_array  0x000000001ff635d2        0x0
                0x000000001ff635d2                PROVIDE (__preinit_array_start = .)
 *(.preinit_array)
                0x000000001ff635d2                PROVIDE (__preinit_array_end = .)

.init_array     0x000000001ff635d2        0x0
                0x000000001ff635d2                PROVIDE (__init_array_start = .)
 *(SORT_BY_INIT_PRIORITY(.init_array.*) SORT_BY_INIT_PRIORITY(.ctors.*))
 *(.init_array EXCLUDE_FILE(*crtend?.o *crtend.o *crtbegin?.o *crtbegin.o) .ctors)
                0x000000001ff635d2                PROVIDE (__init_array_end = .)

.fini_array     0x000000001ff635d2        0x0
                0x000000001ff635d2                PROVIDE (__fini_array_start = .)
 *(SORT_BY_INIT_PRIORITY(.fini_array.*) SORT_BY_INIT_PRIORITY(.dtors.*))
 *(.fini_array EXCLUDE_FILE(*crtend?.o *crtend.o *crtbegin?.o *crtbegin.o) .dtors)
                0x000000001ff635d2                PROVIDE (__fini_array_end = .)

.ctors
 *crtbegin.o(.ctors)
 *crtbegin?.o(.ctors)
 *(EXCLUDE_FILE(*crtend?.o *crtend.o) .ctors)
 *(SORT_BY_NAME(.ctors.*))
 *(.ctors)

.dtors
 *crtbegin.o(.dtors)
 *crtbegin?.o(.dtors)
 *(EXCLUDE_FILE(*crtend?.o *crtend.o) .dtors)
 *(SORT_BY_NAME(.dtors.*))
 *(.dtors)

.ro_data        0x000000001ff635d4     0x1fe4
 *(.rdata)
 *(.rodata .rodata.*)
 .rodata.CI0057.str1.4
                0x000000001ff635d4        0x2 C:\TMP\offline_asr_alg_pro_sample.elf.ewu7Gh.ltrans0.ltrans.o
 *fill*         0x000000001ff635d6        0x2 
 .rodata.pause_audio_play_prompt.constprop.0.str1.4
                0x000000001ff635d8        0x7 C:\TMP\offline_asr_alg_pro_sample.elf.ewu7Gh.ltrans0.ltrans.o
 *fill*         0x000000001ff635df        0x1 
 .rodata.CI0154.lto_priv.0.str1.4
                0x000000001ff635e0        0xd C:\TMP\offline_asr_alg_pro_sample.elf.ewu7Gh.ltrans0.ltrans.o
 *fill*         0x000000001ff635ed        0x3 
 .rodata.asrGetCmdWordsAndScore.constprop.0.str1.4
                0x000000001ff635f0        0x4 C:\TMP\offline_asr_alg_pro_sample.elf.ewu7Gh.ltrans0.ltrans.o
 .rodata.cm_get_pcm_buffer.constprop.0.str1.4
                0x000000001ff635f4       0x8b C:\TMP\offline_asr_alg_pro_sample.elf.ewu7Gh.ltrans0.ltrans.o
 *fill*         0x000000001ff6367f        0x1 
 .rodata.cm_write_codec.constprop.0.str1.4
                0x000000001ff63680       0x12 C:\TMP\offline_asr_alg_pro_sample.elf.ewu7Gh.ltrans0.ltrans.o
 *fill*         0x000000001ff63692        0x2 
 .rodata.IISDMA_ChannelIntENConfig.constprop.0.str1.4
                0x000000001ff63694       0x1b C:\TMP\offline_asr_alg_pro_sample.elf.ewu7Gh.ltrans0.ltrans.o
                                         0x1f (size before relaxing)
 *fill*         0x000000001ff636af        0x1 
 .rodata.rc_callee_alg_aes_addr.str1.4
                0x000000001ff636b0       0x1d C:\TMP\offline_asr_alg_pro_sample.elf.ewu7Gh.ltrans0.ltrans.o
 *fill*         0x000000001ff636cd        0x3 
 .rodata.rc_callee_alg_aes_type_tip.str1.4
                0x000000001ff636d0       0x68 C:\TMP\offline_asr_alg_pro_sample.elf.ewu7Gh.ltrans0.ltrans.o
 .rodata.rc_callee_print_bnpu_err_type_in_host.str1.4
                0x000000001ff63738       0x2e C:\TMP\offline_asr_alg_pro_sample.elf.ewu7Gh.ltrans0.ltrans.o
 *fill*         0x000000001ff63766        0x2 
 .rodata.rc_callee_free_in_host.str1.4
                0x000000001ff63768       0x12 C:\TMP\offline_asr_alg_pro_sample.elf.ewu7Gh.ltrans0.ltrans.o
                                         0x16 (size before relaxing)
 *fill*         0x000000001ff6377a        0x2 
 .rodata.mailbox_send_msg.str1.4
                0x000000001ff6377c       0x27 C:\TMP\offline_asr_alg_pro_sample.elf.ewu7Gh.ltrans0.ltrans.o
 *fill*         0x000000001ff637a3        0x1 
 .rodata.nuclear_com_send.constprop.0.str1.4
                0x000000001ff637a4        0xe C:\TMP\offline_asr_alg_pro_sample.elf.ewu7Gh.ltrans0.ltrans.o
 *fill*         0x000000001ff637b2        0x2 
 .rodata.asrtop_asr_system_create_model.constprop.0.str1.4
                0x000000001ff637b4       0x2a C:\TMP\offline_asr_alg_pro_sample.elf.ewu7Gh.ltrans0.ltrans.o
 *fill*         0x000000001ff637de        0x2 
 .rodata.pause_asr.constprop.0.str1.4
                0x000000001ff637e0       0x36 C:\TMP\offline_asr_alg_pro_sample.elf.ewu7Gh.ltrans0.ltrans.o
 *fill*         0x000000001ff63816        0x2 
 .rodata.get_vpr_max.constprop.0.str1.4
                0x000000001ff63818        0xc C:\TMP\offline_asr_alg_pro_sample.elf.ewu7Gh.ltrans0.ltrans.o
                                          0xf (size before relaxing)
 .rodata.nuclear_com_irq_handler.str1.4
                0x000000001ff63824       0x20 C:\TMP\offline_asr_alg_pro_sample.elf.ewu7Gh.ltrans0.ltrans.o
 .rodata.nlp_callback.str1.4
                0x000000001ff63844       0x18 C:\TMP\offline_asr_alg_pro_sample.elf.ewu7Gh.ltrans0.ltrans.o
 .rodata.ci_sprintf.str1.4
                0x000000001ff6385c       0x16 C:\TMP\offline_asr_alg_pro_sample.elf.ewu7Gh.ltrans0.ltrans.o
 *fill*         0x000000001ff63872        0x2 
 .rodata.asr_result_callback_nlp.constprop.0.str1.4
                0x000000001ff63874      0x107 C:\TMP\offline_asr_alg_pro_sample.elf.ewu7Gh.ltrans0.ltrans.o
 *fill*         0x000000001ff6397b        0x1 
 .rodata.app_deal_asr_reuslt_callback.constprop.0.str1.4
                0x000000001ff6397c       0x34 C:\TMP\offline_asr_alg_pro_sample.elf.ewu7Gh.ltrans0.ltrans.o
 .rodata.flash_manage_req_wait_op_done_sem.str1.4
                0x000000001ff639b0        0xd C:\TMP\offline_asr_alg_pro_sample.elf.ewu7Gh.ltrans0.ltrans.o
 *fill*         0x000000001ff639bd        0x3 
 .rodata.post_erase_flash.constprop.0.str1.4
                0x000000001ff639c0       0x2b C:\TMP\offline_asr_alg_pro_sample.elf.ewu7Gh.ltrans0.ltrans.o
 *fill*         0x000000001ff639eb        0x1 
 .rodata.decoer_create_lm_get_ac_info.str1.4
                0x000000001ff639ec      0x1c7 C:\TMP\offline_asr_alg_pro_sample.elf.ewu7Gh.ltrans0.ltrans.o
 *fill*         0x000000001ff63bb3        0x1 
 .rodata.decoer_create_lm_get_ac_info
                0x000000001ff63bb4       0x1c C:\TMP\offline_asr_alg_pro_sample.elf.ewu7Gh.ltrans0.ltrans.o
 .rodata.decoder_manage_task.str1.4
                0x000000001ff63bd0       0x4c C:\TMP\offline_asr_alg_pro_sample.elf.ewu7Gh.ltrans0.ltrans.o
 .rodata.decoder_manage_task
                0x000000001ff63c1c       0x94 C:\TMP\offline_asr_alg_pro_sample.elf.ewu7Gh.ltrans0.ltrans.o
 .rodata        0x000000001ff63cb0       0x20 C:\TMP\offline_asr_alg_pro_sample.elf.ewu7Gh.ltrans0.ltrans.o
 .rodata.__FUNCTION__.4521
                0x000000001ff63cd0       0x17 C:\TMP\offline_asr_alg_pro_sample.elf.ewu7Gh.ltrans0.ltrans.o
 *fill*         0x000000001ff63ce7        0x1 
 .rodata.__FUNCTION__.5840
                0x000000001ff63ce8       0x11 C:\TMP\offline_asr_alg_pro_sample.elf.ewu7Gh.ltrans0.ltrans.o
 *fill*         0x000000001ff63cf9        0x3 
 .rodata.__FUNCTION__.5927
                0x000000001ff63cfc       0x18 C:\TMP\offline_asr_alg_pro_sample.elf.ewu7Gh.ltrans0.ltrans.o
 .rodata.__FUNCTION__.7663
                0x000000001ff63d14       0x16 C:\TMP\offline_asr_alg_pro_sample.elf.ewu7Gh.ltrans0.ltrans.o
 *fill*         0x000000001ff63d2a        0x2 
 .rodata.__FUNCTION__.7776
                0x000000001ff63d2c       0x1d C:\TMP\offline_asr_alg_pro_sample.elf.ewu7Gh.ltrans0.ltrans.o
 *fill*         0x000000001ff63d49        0x3 
 .rodata.__FUNCTION__.8189
                0x000000001ff63d4c       0x14 C:\TMP\offline_asr_alg_pro_sample.elf.ewu7Gh.ltrans0.ltrans.o
 .rodata.__func__.5642
                0x000000001ff63d60        0xc C:\TMP\offline_asr_alg_pro_sample.elf.ewu7Gh.ltrans0.ltrans.o
 .rodata.audio_play_ms_wav_decode.str1.4
                0x000000001ff63d6c        0xd C:\TMP\offline_asr_alg_pro_sample.elf.ewu7Gh.ltrans1.ltrans.o
 *fill*         0x000000001ff63d79        0x3 
 .rodata.prvCheckForValidListAndQueue.str1.4
                0x000000001ff63d7c        0x5 C:\TMP\offline_asr_alg_pro_sample.elf.ewu7Gh.ltrans1.ltrans.o
 *fill*         0x000000001ff63d81        0x3 
 .rodata.check_gb_cmd.part.0.str1.4
                0x000000001ff63d84        0x7 C:\TMP\offline_asr_alg_pro_sample.elf.ewu7Gh.ltrans1.ltrans.o
                                          0xf (size before relaxing)
 *fill*         0x000000001ff63d8b        0x1 
 .rodata.codec_manage_inner_serve_cb
                0x000000001ff63d8c       0x14 C:\TMP\offline_asr_alg_pro_sample.elf.ewu7Gh.ltrans1.ltrans.o
 .rodata.send_asrout.lto_priv.0.str1.4
                0x000000001ff63da0        0x2 C:\TMP\offline_asr_alg_pro_sample.elf.ewu7Gh.ltrans1.ltrans.o
                                          0xf (size before relaxing)
 .rodata.decoder_rpmsg_serve_cb.str1.4
                0x000000001ff63da2        0xe C:\TMP\offline_asr_alg_pro_sample.elf.ewu7Gh.ltrans1.ltrans.o
 *fill*         0x000000001ff63da2        0x2 
 .rodata.decoder_rpmsg_serve_cb
                0x000000001ff63da4       0x50 C:\TMP\offline_asr_alg_pro_sample.elf.ewu7Gh.ltrans1.ltrans.o
 .rodata.asr_top_outside_serve_cb.str1.4
                0x000000001ff63df4        0xd C:\TMP\offline_asr_alg_pro_sample.elf.ewu7Gh.ltrans1.ltrans.o
                                         0x15 (size before relaxing)
 *fill*         0x000000001ff63e01        0x3 
 .rodata.play_exit_wakeup_done_cb.str1.4
                0x000000001ff63e04        0xc C:\TMP\offline_asr_alg_pro_sample.elf.ewu7Gh.ltrans1.ltrans.o
 .rodata.resume_asr.str1.4
                0x000000001ff63e10       0x29 C:\TMP\offline_asr_alg_pro_sample.elf.ewu7Gh.ltrans1.ltrans.o
                                         0x3a (size before relaxing)
 *fill*         0x000000001ff63e39        0x3 
 .rodata.main.str1.4
                0x000000001ff63e3c       0xb0 C:\TMP\offline_asr_alg_pro_sample.elf.ewu7Gh.ltrans1.ltrans.o
                                         0xb4 (size before relaxing)