Archive member included to satisfy reference by file (symbol)

../../../libs\libasr_dis_deepse_v2.a(asr_top_outside_port.o)
                              build/objs/system_msg_deal.o (symbol from plugin) (asrtop_asr_system_continue)
../../../libs\libasr_dis_deepse_v2.a(asr_dealwith_result.o)
                              build/objs/main.o (symbol from plugin) (config_recover_result)
../../../libs\libasr_dis_deepse_v2.a(decode_post_proc.o)
                              build/objs/ci_nlp_user.o (symbol from plugin) (nlp_set_close_func_addr)
../../../libs\libasr_dis_deepse_v2.a(decoder_inner_port_rpmsg.o)
                              build/objs/main.o (symbol from plugin) (decoder_task_init_port)
../../../libs\libasr_dis_deepse_v2.a(asrbest_result.o)
                              asr_dealwith_result.o (symbol from plugin) (get_cur_max_score)
../../../libs\libasr_dis_deepse_v2.a(cmp_twice_confidence.o)
                              asr_dealwith_result.o (symbol from plugin) (cmp_twice_confidence_compute)
../../../libs\libasr_dis_deepse_v2.a(decide_result.o)
                              asr_dealwith_result.o (symbol from plugin) (get_valid_cmd_word_count)
../../../libs\libasr_dis_deepse_v2.a(decoder_manage.o)
                              asr_dealwith_result.o (symbol from plugin) (sg_decoding_frames)
../../../libs\libasr_dis_deepse_v2.a(dynmic_confidence.o)
                              decoder_inner_port_rpmsg.o (symbol from plugin) (dynmic_confidence_config)
../../../libs\libasr_dis_deepse_v2.a(dnn_outside_port.o)
                              decoder_manage.o (symbol from plugin) (get_dnn_version)
../../../libs\libasr_dis_deepse_v2.a(flash_manage_outside_port.o)
                              build/objs/ci_flash_data_info.o (symbol from plugin) (is_flash_power_off)
../../../libs\libasr_dis_deepse_v2.a(vad_fe_outside_port.o)
                              asr_dealwith_result.o (symbol from plugin) (send_vadcfg_vadend_frames_msg)
../../../libs\libasr_dis_deepse_v2.a(ci_nlp.o)
                              build/objs/ci_nlp_user.o (symbol from plugin) (nlp_param_set)
../../../libs\libasr_dis_deepse_v2.a(ci_nlp_control.o)
                              build/objs/nlp_msg_deal.o (symbol from plugin) (nlp_timer_init)
../../../libs\libnewlib_port.a(sbrk.o)
                              build/objs/platform_config.o (symbol from plugin) (sbrk)
../../../libs\libfreertos_port.a(port.o)
                              build/objs/event_groups.o (symbol from plugin) (vPortSetMSIPInt)
../../../libs\libfreertos_port.a(portasm.o)
                              port.o (symbol from plugin) (vPortYield)
../../../libs\libdsu.a(ci130x_dsu.o)
                              build/objs/main.o (symbol from plugin) (dsu_init)
../../../libs\libdsu.a(ci130x_mailbox.o)
                              build/objs/platform_config.o (symbol from plugin) (mailbox_preinit)
../../../libs\libdsu.a(ci130x_scu.o)
                              build/objs/ci130x_init.o (symbol from plugin) (scu_unlock_system_config)
../../../libs\libdsu.a(ci130x_efuse.o)
                              ci130x_dsu.o (symbol from plugin) (efuse_unlock)
../../../libs\libdsu.a(ci130x_dpmu.o)
                              build/objs/ci130x_init.o (symbol from plugin) (dpmu_unlock_cfg_config)
../../../libs\libdsu.a(ci130x_nuclear_com.o)
                              build/objs/flash_control_inner_port.o (symbol from plugin) (nuclear_com_registe_serve)
../../../libs\libdsu.a(remote_api_for_host.o)
                              build/objs/main.o (symbol from plugin) (rc_caller_set_ssp_registe)
../../../libs\libcwsl_v2.a(ci_cwsl_voice.o)
                              asr_dealwith_result.o (symbol from plugin) (get_cwsl_threshold)
../../../libs\libcwsl_v2.a(cwsl_manage.o)
                              ci_cwsl_voice.o (symbol from plugin) (get_last_time)
../../../libs\libcwsl_v2.a(cwsl_template_manager.o)
                              cwsl_manage.o (symbol from plugin) (cwsl_tm_init)
../../../libs\libcwsl_v2.a(cwsl_algorithm.o)
                              cwsl_manage.o (symbol from plugin) (nn_output_callback)
../../../libs\libtts.a(tts_gb2312toUtf8.o)
                              remote_api_for_host.o (symbol from plugin) (get_pingyin_word)
../../../libs\libtts.a(tts_manage.o)
                              tts_gb2312toUtf8.o (symbol from plugin) (tts_conv_mutex)
../../../libs\libtts.a(tts_play_ctl.o)
                              tts_manage.o (symbol from plugin) (STOP_FALG)
../../../libs\libtts.a(tts_ringbuffer_block_module.o)
                              tts_manage.o (symbol from plugin) (tts_rbb_module_pushblock)
../../../libs\libtts.a(tts_serial_text_deal.o)
                              tts_manage.o (symbol from plugin) (tts_seial_reveice_task)
../../../libs\libtts.a(tts_utf8_ringbuffer.o)
                              tts_gb2312toUtf8.o (symbol from plugin) (tts_utf8_get_rb_handle)
../../../libs\libtts.a(tts_vocoder.o)
[...]
Memory Configuration

Name             Origin             Length             Attributes
BOOT_PARAMETER   0x000000001ff50a00 0x0000000000000200
SHARE_SRAM       0x000000001ff50c00 0x0000000000000400
SRAM             0x000000001ff51000 0x000000000007f000 xrw
*default*        0x0000000000000000 0xffffffffffffffff

Linker script and memory map

LOAD C:\TMP\offline_asr_alg_pro_sample.elf.aUndY4.ltrans0.ltrans.o
LOAD C:\TMP\offline_asr_alg_pro_sample.elf.aUndY4.ltrans1.ltrans.o
LOAD C:\TMP\offline_asr_alg_pro_sample.elf.aUndY4.ltrans2.ltrans.o
LOAD C:\TMP\ccbcT4rV.debug.temp.o
LOAD C:\TMP\ccMatalR.debug.temp.o
LOAD C:\TMP\cczl2V4M.debug.temp.o
LOAD C:\TMP\cci4V24H.debug.temp.o
LOAD C:\TMP\ccf25PVC.debug.temp.o
LOAD C:\TMP\ccCNCDdy.debug.temp.o
LOAD C:\TMP\ccvfT9lt.debug.temp.o
LOAD C:\TMP\cckNzXTn.debug.temp.o
LOAD C:\TMP\ccjuYqii.debug.temp.o
LOAD C:\TMP\ccK10U7c.debug.temp.o
LOAD C:\TMP\cctUR5N7.debug.temp.o
LOAD C:\TMP\cccxihr6.debug.temp.o
LOAD C:\TMP\cc5ir8U4.debug.temp.o
LOAD C:\TMP\ccupkgC3.debug.temp.o
LOAD C:\TMP\ccP3xJz1.debug.temp.o
LOAD C:\TMP\ccyikwBZ.debug.temp.o
LOAD C:\TMP\ccl1czpX.debug.temp.o
LOAD C:\TMP\ccyxsCEV.debug.temp.o
LOAD C:\TMP\ccXR85XT.debug.temp.o
LOAD C:\TMP\ccyoOf8R.debug.temp.o
LOAD C:\TMP\cc5sOKyP.debug.temp.o
LOAD C:\TMP\ccUSCWPM.debug.temp.o
LOAD C:\TMP\cc95N8xK.debug.temp.o
LOAD C:\TMP\ccsN5A2H.debug.temp.o
LOAD C:\TMP\ccNbxpNE.debug.temp.o
LOAD C:\TMP\ccgGpToB.debug.temp.o
LOAD C:\TMP\ccVYIN4x.debug.temp.o
LOAD C:\TMP\cc4cgggv.debug.temp.o
LOAD C:\TMP\cchVTYds.debug.temp.o
LOAD C:\TMP\ccskQH8s.debug.temp.o
LOAD C:\TMP\ccV4A7Tt.debug.temp.o
LOAD C:\TMP\ccOCIx6u.debug.temp.o
LOAD C:\TMP\ccV1xonw.debug.temp.o
LOAD C:\TMP\cccA5Uux.debug.temp.o
LOAD C:\TMP\ccrJeNSx.debug.temp.o
LOAD C:\TMP\ccIjdV2x.debug.temp.o
LOAD C:\TMP\ccrKP3Dy.debug.temp.o
LOAD C:\TMP\ccmZSCjz.debug.temp.o
LOAD C:\TMP\cctoCkLz.debug.temp.o
LOAD C:\TMP\ccMBMshA.debug.temp.o
LOAD C:\TMP\ccZj0V3z.debug.temp.o
LOAD C:\TMP\ccskL5Gz.debug.temp.o
LOAD C:\TMP\cchwyQGz.debug.temp.o
LOAD C:\TMP\ccuILHBz.debug.temp.o
LOAD C:\TMP\ccxjuTMy.debug.temp.o
LOAD C:\TMP\ccQcKLOx.debug.temp.o
LOAD C:\TMP\ccFqKU3w.debug.temp.o
LOAD C:\TMP\ccyuS4fA.debug.temp.o
LOAD C:\TMP\ccHSQsnD.debug.temp.o
LOAD C:\TMP\ccsSCh0G.debug.temp.o
LOAD C:\TMP\ccpIg8JJ.debug.temp.o
LOAD C:\TMP\ccANaFkM.debug.temp.o
LOAD C:\TMP\ccdJIcmP.debug.temp.o
LOAD C:\TMP\ccU8m09R.debug.temp.o
LOAD C:\TMP\ccx6l9dU.debug.temp.o
LOAD C:\TMP\ccmSLImW.debug.temp.o
LOAD C:\TMP\ccrWIYlY.debug.temp.o
LOAD C:\TMP\ccUIsHH0.debug.temp.o
LOAD C:\TMP\ccLvCwY2.debug.temp.o
LOAD C:\TMP\ccATnHv4.debug.temp.o
LOAD C:\TMP\cczqRxT5.debug.temp.o
LOAD C:\TMP\ccarUFu7.debug.temp.o
LOAD C:\TMP\ccRQ8d7c.debug.temp.o
LOAD C:\TMP\ccyEV1vi.debug.temp.o
LOAD C:\TMP\ccZfChqo.debug.temp.o
LOAD C:\TMP\ccocAM6t.debug.temp.o
LOAD C:\TMP\ccRUhb8y.debug.temp.o
LOAD C:\TMP\ccwPYf0D.debug.temp.o
LOAD C:\TMP\ccBx2kjJ.debug.temp.o
LOAD C:\TMP\ccYAU6sO.debug.temp.o
LOAD C:\TMP\ccrjoiHT.debug.temp.o
LOAD C:\TMP\ccQzcPbY.debug.temp.o
LOAD C:\TMP\ccxbP2w2.debug.temp.o
LOAD C:\TMP\ccQMNW96.debug.temp.o
LOAD C:\TMP\ccb5Vc3a.debug.temp.o
LOAD C:\TMP\ccG6UlWe.debug.temp.o
LOAD C:\TMP\cclhCaGi.debug.temp.o
LOAD C:\TMP\ccyrM0Qm.debug.temp.o
LOAD C:\TMP\ccXNVwSq.debug.temp.o
LOAD C:\TMP\cc82WCMy.debug.temp.o
LOAD C:\TMP\ccBDMpxG.debug.temp.o
LOAD C:\TMP\ccISGDNO.debug.temp.o
LOAD C:\TMP\ccTBH7PW.debug.temp.o
LOAD C:\TMP\cc0S2W83.debug.temp.o
LOAD C:\TMP\ccjmnsib.debug.temp.o
LOAD C:\TMP\ccOD8nwi.debug.temp.o
LOAD C:\TMP\ccNQ7Rfq.debug.temp.o
LOAD C:\TMP\ccQxdCLx.debug.temp.o
LOAD C:\TMP\cc52JMlF.debug.temp.o
LOAD C:\TMP\ccaXLhcM.debug.temp.o
LOAD C:\TMP\ccpuJ3OS.debug.temp.o
LOAD C:\TMP\ccgDugXZ.debug.temp.o
LOAD C:\TMP\cc9c5IR6.debug.temp.o
LOAD C:\TMP\ccYk0w2c.debug.temp.o
LOAD C:\TMP\ccXBD03i.debug.temp.o
LOAD C:\TMP\ccaKYU9o.debug.temp.o
LOAD C:\TMP\ccNFGPGv.debug.temp.o
LOAD C:\TMP\ccu5u0ZB.debug.temp.o
LOAD C:\TMP\ccz5RunI.debug.temp.o
LOAD C:\TMP\ccqY6yDS.debug.temp.o
LOAD C:\TMP\cct3kjK2.debug.temp.o
LOAD C:\TMP\cc4714hd.debug.temp.o
LOAD C:\TMP\ccPlrwGn.debug.temp.o
LOAD C:\TMP\ccCg0jlx.debug.temp.o
LOAD C:\TMP\ccBZZx4G.debug.temp.o
LOAD C:\TMP\ccMUYrEQ.debug.temp.o
LOAD C:\TMP\ccrd6XA0.debug.temp.o
LOAD C:\TMP\cc8sP8na.debug.temp.o
LOAD C:\TMP\ccLgTErj.debug.temp.o
LOAD C:\TMP\cctWNInl.debug.temp.o
LOAD C:\TMP\ccrUftan.debug.temp.o
LOAD C:\TMP\ccRIleop.debug.temp.o
LOAD C:\TMP\ccxPYFsr.debug.temp.o
LOAD C:\TMP\cc9tWsNs.debug.temp.o
LOAD C:\TMP\ccXWkGcu.debug.temp.o
LOAD C:\TMP\ccXBIzsv.debug.temp.o
LOAD C:\TMP\ccvgzu9w.debug.temp.o
LOAD C:\TMP\cc1fHECy.debug.temp.o
LOAD C:\TMP\cctN99lz.debug.temp.o
LOAD C:\TMP\cc9BbT0z.debug.temp.o
LOAD C:\TMP\ccHYq5hA.debug.temp.o
LOAD C:\TMP\ccjPMxlA.debug.temp.o
LOAD C:\TMP\ccltv0PA.debug.temp.o
LOAD C:\TMP\ccJyAabB.debug.temp.o
LOAD C:\TMP\cc3hHktF.debug.temp.o
LOAD C:\TMP\cc59Yb3J.debug.temp.o
LOAD C:\TMP\ccnqJlHO.debug.temp.o
LOAD C:\TMP\ccRSsbcT.debug.temp.o
LOAD C:\TMP\cchTwmXW.debug.temp.o
LOAD C:\TMP\ccZepez0.debug.temp.o
LOAD build/objs/ci130x_vtable.o
LOAD build/objs/ci130x_startup.o
LOAD ../../../libs\libasr_dis_deepse_v2.a
LOAD ../../../libs\libnlp.a
LOAD ../../../libs\libnewlib_port.a
LOAD ../../../libs\libfreertos_port.a
LOAD ../../../libs\libdsu.a
LOAD ../../../libs\libflash_encrypt.a
LOAD ../../../libs\libcwsl_v2.a
LOAD ../../../libs\libtts.a
LOAD ../../../components/ci_ble/stack\libOnMicroBLE.a
LOAD ../../../components/ci_ble/stack\libcias_crypto.a
LOAD ../../../libs\libcikd_pro_cwsl_use_frm.a
LOAD d:/software/yuyin/qiqiyinqiluntai/riscv-nuclei-elf-gcc-9.2.0.0/gcc_fix_raissrc/bin/../lib/gcc/riscv-nuclei-elf/9.2.0/../../../../riscv-nuclei-elf/lib/rv32imafc/ilp32f\libstdc++.a
LOAD d:/software/yuyin/qiqiyinqiluntai/riscv-nuclei-elf-gcc-9.2.0.0/gcc_fix_raissrc/bin/../lib/gcc/riscv-nuclei-elf/9.2.0/../../../../riscv-nuclei-elf/lib/rv32imafc/ilp32f\libm.a
LOAD d:/software/yuyin/qiqiyinqiluntai/riscv-nuclei-elf-gcc-9.2.0.0/gcc_fix_raissrc/bin/../lib/gcc/riscv-nuclei-elf/9.2.0/rv32imafc/ilp32f\libgcc.a
LOAD d:/software/yuyin/qiqiyinqiluntai/riscv-nuclei-elf-gcc-9.2.0.0/gcc_fix_raissrc/bin/../lib/gcc/riscv-nuclei-elf/9.2.0/../../../../riscv-nuclei-elf/lib/rv32imafc/ilp32f\libg_nano.a
LOAD d:/software/yuyin/qiqiyinqiluntai/riscv-nuclei-elf-gcc-9.2.0.0/gcc_fix_raissrc/bin/../lib/gcc/riscv-nuclei-elf/9.2.0/../../../../riscv-nuclei-elf/lib/rv32imafc/ilp32f\libc_nano.a
LOAD d:/software/yuyin/qiqiyinqiluntai/riscv-nuclei-elf-gcc-9.2.0.0/gcc_fix_raissrc/bin/../lib/gcc/riscv-nuclei-elf/9.2.0/rv32imafc/ilp32f\libgcc.a
START GROUP
LOAD d:/software/yuyin/qiqiyinqiluntai/riscv-nuclei-elf-gcc-9.2.0.0/gcc_fix_raissrc/bin/../lib/gcc/riscv-nuclei-elf/9.2.0/rv32imafc/ilp32f\libgcc.a
LOAD d:/software/yuyin/qiqiyinqiluntai/riscv-nuclei-elf-gcc-9.2.0.0/gcc_fix_raissrc/bin/../lib/gcc/riscv-nuclei-elf/9.2.0/../../../../riscv-nuclei-elf/lib/rv32imafc/ilp32f\libc_nano.a
LOAD d:/software/yuyin/qiqiyinqiluntai/riscv-nuclei-elf-gcc-9.2.0.0/gcc_fix_raissrc/bin/../lib/gcc/riscv-nuclei-elf/9.2.0/../../../../riscv-nuclei-elf/lib/rv32imafc/ilp32f\libgloss_nano.a
END GROUP
                0x0000000000000c00                STACK_SIZE = 0xc00
                0x000000001ffd2000                SRAM_HOST_END_ADDR = 0x1ffd2000
                0x000000001fff8000                CHIP_SRAM_END_ADDR = 0x1fff8000
                0x000000001ffd3000                SDK_ALG_PRO_SRAM_HOST_NULL_END_ADDR = 0x1ffd3000
                0x000000001ffd4000                SDK_ALG_PRO_SRAM_HOST_CWSL_END_ADDR = 0x1ffd4000
                0x000000001ffd3000                SDK_ALG_PRO_SRAM_HOST_AEC_END_ADDR = 0x1ffd3000
                0x000000001ffd3000                SDK_ALG_PRO_SRAM_HOST_DEREVERB_END_ADDR = 0x1ffd3000
                0x000000001ffce000                SDK_ALG_PRO_SRAM_HOST_DENOISE_END_ADDR = 0x1ffce000
                0x000000001ffcf000                SDK_ALG_PRO_SRAM_HOST_DOA_END_ADDR = 0x1ffcf000
                0x000000001ffce000                SDK_ALG_PRO_SRAM_HOST_DOA_DEREVERB_END_ADDR = 0x1ffce000
                0x000000001ffd0000                SDK_ALG_PRO_SRAM_HOST_VPR_END_ADDR = 0x1ffd0000
                0x000000001ffd0000                SDK_ALG_PRO_SRAM_HOST_WMANVPR_END_ADDR = 0x1ffd0000
                0x000000001ffd6000                SDK_ALG_PRO_SRAM_HOST_SED_END_ADDR = 0x1ffd6000
                0x000000001ffde000                SDK_ALG_PRO_SRAM_HOST_TTS_END_ADDR = 0x1ffde000
                0x000000001ffcb000                SDK_ALG_PRO_SRAM_HOST_BF_END_ADDR = 0x1ffcb000
                0x000000001ffd3000                SDK_ALG_PRO_SRAM_HOST_CWSL_AEC_END_ADDR = 0x1ffd3000
                0x000000001ffcf000                SDK_ALG_PRO_SRAM_HOST_DOA_AEC_END_ADDR = 0x1ffcf000
                0x000000001ffd2800                SDK_ALG_PRO_SRAM_HOST_DEREVERB_AEC_END_ADDR = 0x1ffd2800
                0x000000001ffc9800                SDK_ALG_PRO_SRAM_HOST_BF_AEC_END_ADDR = 0x1ffc9800
                0x000000001ffc8800                SDK_ALG_PRO_SRAM_HOST_BF_DEREVERB_END_ADDR = 0x1ffc8800
                0x000000001ffcf000                SDK_ALG_PRO_SRAM_HOST_CWSL_DOA_END_ADDR = 0x1ffcf000
                0x000000001ffaf800                SDK_ALG_PRO_SRAM_HOST_BF_DOA_END_ADDR = 0x1ffaf800
                0x000000001ffd3000                SDK_ALG_PRO_SRAM_HOST_ANY_MIC_AEC_END_ADDR = 0x1ffd3000
                0x000000001ffcf000                SDK_ALG_PRO_SRAM_HOST_CWSL_DOA_AEC_END_ADDR = 0x1ffcf000
                0x000000001ffd3000                SDK_ALG_PRO_SRAM_HOST_CWSL_ANY_MIC_AEC_END_ADDR = 0x1ffd3000
                0x000000001ffce000                SDK_ALG_PRO_SRAM_HOST_DOA_DEREVERB_AEC_END_ADDR = 0x1ffce000
                0x000000001ffcd800                SDK_ALG_PRO_SRAM_HOST_CWSL_DOA_DEREVERB_AEC_END_ADDR = 0x1ffcd800
                0x000000001ff50a00                BOOT_PARAMETER_ADDR = 0x1ff50a00
                0x0000000000000200                BOOT_PARAMETER_SIZE = 0x200
                0x000000001ff50c00                SHARE_SRAM_ADDR = 0x1ff50c00
                0x0000000000000400                SHARE_SRAM_SIZE = 0x400
                0x000000001ff51000                SRAM_START_ADDR = 0x1ff51000
                0x000000001ffd0000                SRAM_END_ADDR = SDK_ALG_PRO_SRAM_HOST_VPR_END_ADDR
                0x000000000007f000                SRAM_SIZE = (SRAM_END_ADDR - SRAM_START_ADDR)
                0x0000000000019000                SYS_HEAP_SIZE = 0x19000
                0x0000000000000c00                __stack_size = STACK_SIZE
                0x0000000000000c00                __int_stack_size = STACK_SIZE
                0x0000000000000c00                __stack_size = DEFINED (__stack_size)?__stack_size:0x800
                0x0000000000000c00                __int_stack_size = DEFINED (__int_stack_size)?__int_stack_size:0x400

.boot_parameter
                0x000000001ff50a00      0x116
 *.(boot_parameter)
 .boot_parameter
                0x000000001ff50a00      0x116 C:\TMP\offline_asr_alg_pro_sample.elf.aUndY4.ltrans1.ltrans.o

.share_memory   0x000000001ff50c00      0x12c
 *(.share_mem)
 .share_mem     0x000000001ff50c00      0x12c C:\TMP\offline_asr_alg_pro_sample.elf.aUndY4.ltrans0.ltrans.o
                0x000000001ff50c00                status_list.lto_priv.0

.init           0x000000001ff51000      0x272
 *(.vtable)
 .vtable        0x000000001ff51000      0x100 build/objs/ci130x_vtable.o
                0x000000001ff51000                vector_base
 *(.load_addr)
 .load_addr     0x000000001ff51100       0x3c build/objs/ci130x_startup.o
 *(SORT_NONE(.init))
 .init          0x000000001ff5113c      0x136 build/objs/ci130x_startup.o
                0x000000001ff5113c                _start
                0x000000001ff51162                _virtual_start
                0x000000001ff51250                disable_mcycle_minstret
                0x000000001ff51256                enable_mcycle_minstret
                0x000000001ff5125c                core_wfe_asm

.ilalign        0x000000001ff51272        0x2
                0x000000001ff51274                . = ALIGN (0x4)
 *fill*         0x000000001ff51272        0x2 
                0x000000001ff51274                PROVIDE (_ilm_lma = .)

.ialign         0x000000001ff51274        0x0
                0x000000001ff51274                PROVIDE (_ilm = .)

.text           0x000000001ff51280    0x122d2
 *(.text.unlikely .text.unlikely.*)
 *(.text.startup .text.startup.*)
 .text.startup.main
                0x000000001ff51280      0x526 C:\TMP\offline_asr_alg_pro_sample.elf.aUndY4.ltrans1.ltrans.o
                0x000000001ff51280                main
 *(.text .text.*)
 .text.asrSetBeam.constprop.0
                0x000000001ff517a6        0x8 C:\TMP\offline_asr_alg_pro_sample.elf.aUndY4.ltrans0.ltrans.o
 .text.asr_result_clear.constprop.0
                0x000000001ff517ae       0x2c C:\TMP\offline_asr_alg_pro_sample.elf.aUndY4.ltrans0.ltrans.o
 .text.dynmic_confidence_en_cfg
                0x000000001ff517da        0x4 C:\TMP\offline_asr_alg_pro_sample.elf.aUndY4.ltrans0.ltrans.o
                0x000000001ff517da                dynmic_confidence_en_cfg
 .text.CI0059   0x000000001ff517de       0x2c C:\TMP\offline_asr_alg_pro_sample.elf.aUndY4.ltrans0.ltrans.o
 .text.CI0074   0x000000001ff5180a        0xa C:\TMP\offline_asr_alg_pro_sample.elf.aUndY4.ltrans0.ltrans.o
 .text.CI0083   0x000000001ff51814       0x32 C:\TMP\offline_asr_alg_pro_sample.elf.aUndY4.ltrans0.ltrans.o
 .text.get_utt2len
                0x000000001ff51846       0x5e C:\TMP\offline_asr_alg_pro_sample.elf.aUndY4.ltrans0.ltrans.o
 .text.fp32_to_int22
                0x000000001ff518a4       0x46 C:\TMP\offline_asr_alg_pro_sample.elf.aUndY4.ltrans0.ltrans.o
 .text.CI0057   0x000000001ff518ea      0x130 C:\TMP\offline_asr_alg_pro_sample.elf.aUndY4.ltrans0.ltrans.o
 .text.CI0096.isra.0
                0x000000001ff51a1a      0x3ca C:\TMP\offline_asr_alg_pro_sample.elf.aUndY4.ltrans0.ltrans.o
 .text.CI0049   0x000000001ff51de4       0x56 C:\TMP\offline_asr_alg_pro_sample.elf.aUndY4.ltrans0.ltrans.o
 .text.CI0098.isra.0
                0x000000001ff51e3a       0x9a C:\TMP\offline_asr_alg_pro_sample.elf.aUndY4.ltrans0.ltrans.o
 .text.CI0066   0x000000001ff51ed4       0x4c C:\TMP\offline_asr_alg_pro_sample.elf.aUndY4.ltrans0.ltrans.o
 .text.CI0028   0x000000001ff51f20       0xd0 C:\TMP\offline_asr_alg_pro_sample.elf.aUndY4.ltrans0.ltrans.o
 .text.rc_callee_print_pwk_db_in_host
                0x000000001ff51ff0        0x2 C:\TMP\offline_asr_alg_pro_sample.elf.aUndY4.ltrans0.ltrans.o
                0x000000001ff51ff0                rc_callee_print_pwk_db_in_host
 .text.rc_callee_print_doa_angle_in_host
                0x000000001ff51ff2        0x2 C:\TMP\offline_asr_alg_pro_sample.elf.aUndY4.ltrans0.ltrans.o
                0x000000001ff51ff2                rc_callee_print_doa_angle_in_host
 .text.rc_callee_sed_rslt_cb
                0x000000001ff51ff4        0x2 C:\TMP\offline_asr_alg_pro_sample.elf.aUndY4.ltrans0.ltrans.o
                0x000000001ff51ff4                rc_callee_sed_rslt_cb
 .text.rc_callee_deal_one_frm_fft_rslt_callback
                0x000000001ff51ff6        0x2 C:\TMP\offline_asr_alg_pro_sample.elf.aUndY4.ltrans0.ltrans.o
                0x000000001ff51ff6                rc_callee_deal_one_frm_fft_rslt_callback
 .text.rc_callee_audio_deal_one_frm_callback
                0x000000001ff51ff8        0x2 C:\TMP\offline_asr_alg_pro_sample.elf.aUndY4.ltrans0.ltrans.o
                0x000000001ff51ff8                rc_callee_audio_deal_one_frm_callback
 .text.rc_callee_set_tts_init_done
                0x000000001ff51ffa        0x4 C:\TMP\offline_asr_alg_pro_sample.elf.aUndY4.ltrans0.ltrans.o
                0x000000001ff51ffa                rc_callee_set_tts_init_done
 .text.efuse_check_int_state
                0x000000001ff51ffe       0x14 C:\TMP\offline_asr_alg_pro_sample.elf.aUndY4.ltrans0.ltrans.o
 .text.efuse_int_clear
                0x000000001ff52012       0x12 C:\TMP\offline_asr_alg_pro_sample.elf.aUndY4.ltrans0.ltrans.o
 .text.prvTaskExitError
                0x000000001ff52024       0x16 C:\TMP\offline_asr_alg_pro_sample.elf.aUndY4.ltrans0.ltrans.o
 .text.decoder_setwordstag
                0x000000001ff5203a       0x2a C:\TMP\offline_asr_alg_pro_sample.elf.aUndY4.ltrans0.ltrans.o
 .text.check_equal_word
                0x000000001ff52064       0x32 C:\TMP\offline_asr_alg_pro_sample.elf.aUndY4.ltrans0.ltrans.o
 .text.clean_nlp_keywords
                0x000000001ff52096       0xb2 C:\TMP\offline_asr_alg_pro_sample.elf.aUndY4.ltrans0.ltrans.o
 .text.CI0158   0x000000001ff52148       0x26 C:\TMP\offline_asr_alg_pro_sample.elf.aUndY4.ltrans0.ltrans.o
 .text.CI0116.constprop.0
                0x000000001ff5216e       0xa2 C:\TMP\offline_asr_alg_pro_sample.elf.aUndY4.ltrans0.ltrans.o
 .text.CI0022   0x000000001ff52210       0x6e C:\TMP\offline_asr_alg_pro_sample.elf.aUndY4.ltrans0.ltrans.o
 .text.CI0069   0x000000001ff5227e      0x270 C:\TMP\offline_asr_alg_pro_sample.elf.aUndY4.ltrans0.ltrans.o
 .text.rc_callee_malloc_in_host
                0x000000001ff524ee        0xe C:\TMP\offline_asr_alg_pro_sample.elf.aUndY4.ltrans0.ltrans.o
                0x000000001ff524ee                rc_callee_malloc_in_host
 .text.readflash_to_mem
                0x000000001ff524fc       0x54 C:\TMP\offline_asr_alg_pro_sample.elf.aUndY4.ltrans0.ltrans.o
 .text.rc_callee_set_tts_dnn_done
                0x000000001ff52550        0x4 C:\TMP\offline_asr_alg_pro_sample.elf.aUndY4.ltrans0.ltrans.o
                0x000000001ff52550                rc_callee_set_tts_dnn_done
 .text.rc_callee_get_current_model_addr
                0x000000001ff52554       0x14 C:\TMP\offline_asr_alg_pro_sample.elf.aUndY4.ltrans0.ltrans.o
                0x000000001ff52554                rc_callee_get_current_model_addr
 .text.get_cmd_words_type_id
                0x000000001ff52568       0x40 C:\TMP\offline_asr_alg_pro_sample.elf.aUndY4.ltrans0.ltrans.o
 .text.get_cmd_words_semantic_id
                0x000000001ff525a8       0x3e C:\TMP\offline_asr_alg_pro_sample.elf.aUndY4.ltrans0.ltrans.o
 .text.set_intent_output.constprop.0
                0x000000001ff525e6      0x338 C:\TMP\offline_asr_alg_pro_sample.elf.aUndY4.ltrans0.ltrans.o
 .text.decoder_bufinfo_clear
                0x000000001ff5291e       0x3e C:\TMP\offline_asr_alg_pro_sample.elf.aUndY4.ltrans0.ltrans.o
 .text.eclic_set_irq_priority.constprop.0
                0x000000001ff5295c       0x3a C:\TMP\offline_asr_alg_pro_sample.elf.aUndY4.ltrans0.ltrans.o
                0x000000001ff5295c                eclic_set_irq_priority.constprop.0
 .text.xQueueCreateMutex.constprop.0
                0x000000001ff52996       0x2e C:\TMP\offline_asr_alg_pro_sample.elf.aUndY4.ltrans0.ltrans.o
                0x000000001ff52996                xQueueCreateMutex.constprop.0
 .text.dichotomy_find.part.0.constprop.0
                0x000000001ff529c4       0x3e C:\TMP\offline_asr_alg_pro_sample.elf.aUndY4.ltrans0.ltrans.o
                0x000000001ff529c4                dichotomy_find.part.0.constprop.0
 .text.pause_audio_play_prompt.constprop.0
                0x000000001ff52a02       0x82 C:\TMP\offline_asr_alg_pro_sample.elf.aUndY4.ltrans0.ltrans.o
                0x000000001ff52a02                pause_audio_play_prompt.constprop.0
 .text.audio_play_queue_send.constprop.0
                0x000000001ff52a84       0x18 C:\TMP\offline_asr_alg_pro_sample.elf.aUndY4.ltrans0.ltrans.o
                0x000000001ff52a84                audio_play_queue_send.constprop.0
 .text.prompt_play_by_cmd_id.constprop.0
                0x000000001ff52a9c       0x78 C:\TMP\offline_asr_alg_pro_sample.elf.aUndY4.ltrans0.ltrans.o
                0x000000001ff52a9c                prompt_play_by_cmd_id.constprop.0
 .text.pwm_start.constprop.0
                0x000000001ff52b14       0x14 C:\TMP\offline_asr_alg_pro_sample.elf.aUndY4.ltrans0.ltrans.o
                0x000000001ff52b14                pwm_start.constprop.0
 .text.send_word_callback.constprop.0
                0x000000001ff52b28       0xaa C:\TMP\offline_asr_alg_pro_sample.elf.aUndY4.ltrans0.ltrans.o
                0x000000001ff52b28                send_word_callback.constprop.0
 .text.CI0159.isra.0.lto_priv.0
                0x000000001ff52bd2      0x146 C:\TMP\offline_asr_alg_pro_sample.elf.aUndY4.ltrans0.ltrans.o
                0x000000001ff52bd2                CI0159.isra.0.lto_priv.0
 .text.CI0157.part.0.lto_priv.0
                0x000000001ff52d18       0x34 C:\TMP\offline_asr_alg_pro_sample.elf.aUndY4.ltrans0.ltrans.o
                0x000000001ff52d18                CI0157.part.0.lto_priv.0
 .text.CI0155.isra.0.lto_priv.0
                0x000000001ff52d4c       0x26 C:\TMP\offline_asr_alg_pro_sample.elf.aUndY4.ltrans0.ltrans.o
                0x000000001ff52d4c                CI0155.isra.0.lto_priv.0
 .text.CI0002.isra.0
                0x000000001ff52d72       0xda C:\TMP\offline_asr_alg_pro_sample.elf.aUndY4.ltrans0.ltrans.o
 .text.CI0060   0x000000001ff52e4c      0x15c C:\TMP\offline_asr_alg_pro_sample.elf.aUndY4.ltrans0.ltrans.o
 .text.CI0118   0x000000001ff52fa8      0x268 C:\TMP\offline_asr_alg_pro_sample.elf.aUndY4.ltrans0.ltrans.o
 .text.float_cfd_to_16.lto_priv.0
                0x000000001ff53210       0x46 C:\TMP\offline_asr_alg_pro_sample.elf.aUndY4.ltrans0.ltrans.o
                0x000000001ff53210                float_cfd_to_16.lto_priv.0
 .text.CI0114.lto_priv.0
                0x000000001ff53256       0x84 C:\TMP\offline_asr_alg_pro_sample.elf.aUndY4.ltrans0.ltrans.o
                0x000000001ff53256                CI0114.lto_priv.0
 .text.free_utt2len.lto_priv.0
                0x000000001ff532da       0x4a C:\TMP\offline_asr_alg_pro_sample.elf.aUndY4.ltrans0.ltrans.o
                0x000000001ff532da                free_utt2len.lto_priv.0
 .text.CI0154.lto_priv.0
                0x000000001ff53324      0x12a C:\TMP\offline_asr_alg_pro_sample.elf.aUndY4.ltrans0.ltrans.o
                0x000000001ff53324                CI0154.lto_priv.0
 .text.asrGetCmdWordsAndScore.constprop.0
                0x000000001ff5344e       0x4c C:\TMP\offline_asr_alg_pro_sample.elf.aUndY4.ltrans0.ltrans.o
 .text.check_cwsl_asr.part.0.constprop.0
                0x000000001ff5349a       0x7a C:\TMP\offline_asr_alg_pro_sample.elf.aUndY4.ltrans0.ltrans.o
 .text.get_asr_result_for_final.constprop.0
                0x000000001ff53514       0xc0 C:\TMP\offline_asr_alg_pro_sample.elf.aUndY4.ltrans0.ltrans.o
 .text.CI0156.lto_priv.0
                0x000000001ff535d4       0x82 C:\TMP\offline_asr_alg_pro_sample.elf.aUndY4.ltrans0.ltrans.o
                0x000000001ff535d4                CI0156.lto_priv.0
 .text.CI0001.lto_priv.0
                0x000000001ff53656       0x72 C:\TMP\offline_asr_alg_pro_sample.elf.aUndY4.ltrans0.ltrans.o
                0x000000001ff53656                CI0001.lto_priv.0
 .text.CI0036   0x000000001ff536c8      0x6dc C:\TMP\offline_asr_alg_pro_sample.elf.aUndY4.ltrans0.ltrans.o
 .text.CI0120   0x000000001ff53da4      0x15e C:\TMP\offline_asr_alg_pro_sample.elf.aUndY4.ltrans0.ltrans.o
 .text.dpmu_unlock_cfg_config
                0x000000001ff53f02       0x12 C:\TMP\offline_asr_alg_pro_sample.elf.aUndY4.ltrans0.ltrans.o
                0x000000001ff53f02                dpmu_unlock_cfg_config
 .text.dpmu_config_update_en
                0x000000001ff53f14       0x3a C:\TMP\offline_asr_alg_pro_sample.elf.aUndY4.ltrans0.ltrans.o
                0x000000001ff53f14                dpmu_config_update_en
 .text.dpmu_ldo3_lv_set
                0x000000001ff53f4e       0x32 C:\TMP\offline_asr_alg_pro_sample.elf.aUndY4.ltrans0.ltrans.o
                0x000000001ff53f4e                dpmu_ldo3_lv_set
 .text.dpmu_ldo2_lv_set
                0x000000001ff53f80       0x2e C:\TMP\offline_asr_alg_pro_sample.elf.aUndY4.ltrans0.ltrans.o
                0x000000001ff53f80                dpmu_ldo2_lv_set
 .text.dpmu_ldo1_lv_set
                0x000000001ff53fae       0x28 C:\TMP\offline_asr_alg_pro_sample.elf.aUndY4.ltrans0.ltrans.o
                0x000000001ff53fae                dpmu_ldo1_lv_set
 .text.dpmu_set_pmu_trim_value
                0x000000001ff53fd6       0x32 C:\TMP\offline_asr_alg_pro_sample.elf.aUndY4.ltrans0.ltrans.o
                0x000000001ff53fd6                dpmu_set_pmu_trim_value
 .text.dpmu_clean_reset_state
                0x000000001ff54008       0x1a C:\TMP\offline_asr_alg_pro_sample.elf.aUndY4.ltrans0.ltrans.o
 .text.dpmu_set_io_pull
                0x000000001ff54022       0x3e C:\TMP\offline_asr_alg_pro_sample.elf.aUndY4.ltrans0.ltrans.o
                0x000000001ff54022                dpmu_set_io_pull
 .text.dpmu_set_io_reuse
                0x000000001ff54060      0x130 C:\TMP\offline_asr_alg_pro_sample.elf.aUndY4.ltrans0.ltrans.o
                0x000000001ff54060                dpmu_set_io_reuse
 .text.dpmu_software_reset_system_config
                0x000000001ff54190       0x2e C:\TMP\offline_asr_alg_pro_sample.elf.aUndY4.ltrans0.ltrans.o
                0x000000001ff54190                dpmu_software_reset_system_config
 .text.dpmu_get_pll_frequency
                0x000000001ff541be       0x3e C:\TMP\offline_asr_alg_pro_sample.elf.aUndY4.ltrans0.ltrans.o
                0x000000001ff541be                dpmu_get_pll_frequency
 .text.efuse_read_data
                0x000000001ff541fc        0xe C:\TMP\offline_asr_alg_pro_sample.elf.aUndY4.ltrans0.ltrans.o
                0x000000001ff541fc                efuse_read_data
 .text.AON_EFUSE_IRQHandler
                0x000000001ff5420a       0x72 C:\TMP\offline_asr_alg_pro_sample.elf.aUndY4.ltrans0.ltrans.o
                0x000000001ff5420a                AON_EFUSE_IRQHandler
 .text.efuse_check_idle
                0x000000001ff5427c        0xe C:\TMP\offline_asr_alg_pro_sample.elf.aUndY4.ltrans0.ltrans.o
                0x000000001ff5427c                efuse_check_idle
 .text.efuse_read_start
                0x000000001ff5428a        0xe C:\TMP\offline_asr_alg_pro_sample.elf.aUndY4.ltrans0.ltrans.o
                0x000000001ff5428a                efuse_read_start
 .text.efuse_clk_freq_sel
                0x000000001ff54298       0x10 C:\TMP\offline_asr_alg_pro_sample.elf.aUndY4.ltrans0.ltrans.o
                0x000000001ff54298                efuse_clk_freq_sel
 .text.scu_get_system_reset_state
                0x000000001ff542a8       0x32 C:\TMP\offline_asr_alg_pro_sample.elf.aUndY4.ltrans0.ltrans.o
                0x000000001ff542a8                scu_get_system_reset_state
 .text.scu_unlock_reset_config
                0x000000001ff542da       0x12 C:\TMP\offline_asr_alg_pro_sample.elf.aUndY4.ltrans0.ltrans.o
                0x000000001ff542da                scu_unlock_reset_config
 .text.scu_set_device_reset_release
                0x000000001ff542ec      0x144 C:\TMP\offline_asr_alg_pro_sample.elf.aUndY4.ltrans0.ltrans.o
                0x000000001ff542ec                scu_set_device_reset_release
 .text.scu_set_device_reset
                0x000000001ff54430      0x150 C:\TMP\offline_asr_alg_pro_sample.elf.aUndY4.ltrans0.ltrans.o
                0x000000001ff54430                scu_set_device_reset
 .text.scu_unlock_clk_config
                0x000000001ff54580       0x12 C:\TMP\offline_asr_alg_pro_sample.elf.aUndY4.ltrans0.ltrans.o
                0x000000001ff54580                scu_unlock_clk_config
 .text.scu_iis_codec_mclk_config
                0x000000001ff54592       0x8c C:\TMP\offline_asr_alg_pro_sample.elf.aUndY4.ltrans0.ltrans.o
                0x000000001ff54592                scu_iis_codec_mclk_config
 .text.scu_iis_pad_mclk_config
                0x000000001ff5461e       0x74 C:\TMP\offline_asr_alg_pro_sample.elf.aUndY4.ltrans0.ltrans.o
                0x000000001ff5461e                scu_iis_pad_mclk_config
 .text.scu_iis_pad_clk_config
                0x000000001ff54692       0x74 C:\TMP\offline_asr_alg_pro_sample.elf.aUndY4.ltrans0.ltrans.o
                0x000000001ff54692                scu_iis_pad_clk_config
 .text.scu_iis_clk_config
                0x000000001ff54706       0xb2 C:\TMP\offline_asr_alg_pro_sample.elf.aUndY4.ltrans0.ltrans.o
                0x000000001ff54706                scu_iis_clk_config
 .text.scu_iis_mclk_Config
                0x000000001ff547b8       0x92 C:\TMP\offline_asr_alg_pro_sample.elf.aUndY4.ltrans0.ltrans.o
                0x000000001ff547b8                scu_iis_mclk_Config
 .text.scu_set_div_parameter
                0x000000001ff5484a      0x2ce C:\TMP\offline_asr_alg_pro_sample.elf.aUndY4.ltrans0.ltrans.o
                0x000000001ff5484a                scu_set_div_parameter
 .text.scu_set_device_gate
                0x000000001ff54b18      0x1de C:\TMP\offline_asr_alg_pro_sample.elf.aUndY4.ltrans0.ltrans.o
                0x000000001ff54b18                scu_set_device_gate
 .text.scu_unlock_system_config
                0x000000001ff54cf6       0x12 C:\TMP\offline_asr_alg_pro_sample.elf.aUndY4.ltrans0.ltrans.o
                0x000000001ff54cf6                scu_unlock_system_config
 .text.dpmu_pll_config.constprop.0
                0x000000001ff54d08      0x15c C:\TMP\offline_asr_alg_pro_sample.elf.aUndY4.ltrans0.ltrans.o
                0x000000001ff54d08                dpmu_pll_config.constprop.0
 .text.MAIL_BOX_IRQHandler
                0x000000001ff54e64       0x52 C:\TMP\offline_asr_alg_pro_sample.elf.aUndY4.ltrans0.ltrans.o
                0x000000001ff54e64                MAIL_BOX_IRQHandler
 .text.xPortSetInterruptMask
                0x000000001ff54eb6       0x1e C:\TMP\offline_asr_alg_pro_sample.elf.aUndY4.ltrans0.ltrans.o
                0x000000001ff54eb6                xPortSetInterruptMask
 .text.xQueueGenericSendFromISR.constprop.0
                0x000000001ff54ed4       0x72 C:\TMP\offline_asr_alg_pro_sample.elf.aUndY4.ltrans0.ltrans.o
                0x000000001ff54ed4                xQueueGenericSendFromISR.constprop.0
 .text.xTimerPendFunctionCallFromISR.constprop.0
                0x000000001ff54f46       0x28 C:\TMP\offline_asr_alg_pro_sample.elf.aUndY4.ltrans0.ltrans.o
                0x000000001ff54f46                xTimerPendFunctionCallFromISR.constprop.0
 .text.pause_play.constprop.0
                0x000000001ff54f6e       0x38 C:\TMP\offline_asr_alg_pro_sample.elf.aUndY4.ltrans0.ltrans.o
                0x000000001ff54f6e                pause_play.constprop.0
 .text.xTimerGenericCommand.constprop.0
                0x000000001ff54fa6       0x2e C:\TMP\offline_asr_alg_pro_sample.elf.aUndY4.ltrans0.ltrans.o
                0x000000001ff54fa6                xTimerGenericCommand.constprop.0
 .text.set_state_enter_wakeup.constprop.0
                0x000000001ff54fd4       0x4a C:\TMP\offline_asr_alg_pro_sample.elf.aUndY4.ltrans0.ltrans.o
                0x000000001ff54fd4                set_state_enter_wakeup.constprop.0
 .text.set_nlp_delay_end
                0x000000001ff5501e       0x12 C:\TMP\offline_asr_alg_pro_sample.elf.aUndY4.ltrans0.ltrans.o
 .text.set_state_nlp_end
                0x000000001ff55030       0x12 C:\TMP\offline_asr_alg_pro_sample.elf.aUndY4.ltrans0.ltrans.o
 .text.vPortExitCritical
                0x000000001ff55042       0x16 C:\TMP\offline_asr_alg_pro_sample.elf.aUndY4.ltrans0.ltrans.o
                0x000000001ff55042                vPortExitCritical
 .text.vPortEnterCritical
                0x000000001ff55058       0x20 C:\TMP\offline_asr_alg_pro_sample.elf.aUndY4.ltrans0.ltrans.o
                0x000000001ff55058                vPortEnterCritical
 .text.audio_play_hw_stop.constprop.0
                0x000000001ff55078      0x100 C:\TMP\offline_asr_alg_pro_sample.elf.aUndY4.ltrans0.ltrans.o
                0x000000001ff55078                audio_play_hw_stop.constprop.0
 .text.vPortSetup
                0x000000001ff55178       0x9a C:\TMP\offline_asr_alg_pro_sample.elf.aUndY4.ltrans0.ltrans.o
                0x000000001ff55178                vPortSetup
 .text.vDoTaskSwitchContext
                0x000000001ff55212       0x76 C:\TMP\offline_asr_alg_pro_sample.elf.aUndY4.ltrans0.ltrans.o
                0x000000001ff55212                vDoTaskSwitchContext
 .text.taskswitch
                0x000000001ff55288       0x14 C:\TMP\offline_asr_alg_pro_sample.elf.aUndY4.ltrans0.ltrans.o
                0x000000001ff55288                taskswitch
 .text.vPortClearMSIPInt
                0x000000001ff5529c       0x12 C:\TMP\offline_asr_alg_pro_sample.elf.aUndY4.ltrans0.ltrans.o
                0x000000001ff5529c                vPortClearMSIPInt
 .text.vPortSetMSIPInt
                0x000000001ff552ae       0x1a C:\TMP\offline_asr_alg_pro_sample.elf.aUndY4.ltrans0.ltrans.o
                0x000000001ff552ae                vPortSetMSIPInt
 .text.xTaskCreate.constprop.0
                0x000000001ff552c8      0x1fc C:\TMP\offline_asr_alg_pro_sample.elf.aUndY4.ltrans0.ltrans.o
                0x000000001ff552c8                xTaskCreate.constprop.0
 .text.vPortSysTickHandler
                0x000000001ff554c4       0x60 C:\TMP\offline_asr_alg_pro_sample.elf.aUndY4.ltrans0.ltrans.o
                0x000000001ff554c4                vPortSysTickHandler
 .text.flash_manage_give_op_done_sem
                0x000000001ff55524       0x34 C:\TMP\offline_asr_alg_pro_sample.elf.aUndY4.ltrans0.ltrans.o
 .text.flash_manage_nuclear_com_outside_serve_cb.lto_priv.0
                0x000000001ff55558       0x42 C:\TMP\offline_asr_alg_pro_sample.elf.aUndY4.ltrans0.ltrans.o
                0x000000001ff55558                flash_manage_nuclear_com_outside_serve_cb.lto_priv.0
 .text.give_flash_sem.lto_priv.0
                0x000000001ff5559a       0x1e C:\TMP\offline_asr_alg_pro_sample.elf.aUndY4.ltrans0.ltrans.o
                0x000000001ff5559a                give_flash_sem.lto_priv.0
 .text.cm_get_pcm_buffer.constprop.0
                0x000000001ff555b8       0x90 C:\TMP\offline_asr_alg_pro_sample.elf.aUndY4.ltrans0.ltrans.o
                0x000000001ff555b8                cm_get_pcm_buffer.constprop.0
 .text.cm_write_codec.constprop.0
                0x000000001ff55648       0xa6 C:\TMP\offline_asr_alg_pro_sample.elf.aUndY4.ltrans0.ltrans.o
                0x000000001ff55648                cm_write_codec.constprop.0
 .text.IISDMA_ChannelIntENConfig.constprop.0
                0x000000001ff556ee       0x58 C:\TMP\offline_asr_alg_pro_sample.elf.aUndY4.ltrans0.ltrans.o
                0x000000001ff556ee                IISDMA_ChannelIntENConfig.constprop.0
 .text.cm_release_pcm_buffer.constprop.0
                0x000000001ff55746       0x6c C:\TMP\offline_asr_alg_pro_sample.elf.aUndY4.ltrans0.ltrans.o
                0x000000001ff55746                cm_release_pcm_buffer.constprop.0
 .text.rc_callee_alg_aes_addr
                0x000000001ff557b2       0x1c C:\TMP\offline_asr_alg_pro_sample.elf.aUndY4.ltrans0.ltrans.o
                0x000000001ff557b2                rc_callee_alg_aes_addr
 .text.rc_callee_alg_aes_type_tip
                0x000000001ff557ce       0x1a C:\TMP\offline_asr_alg_pro_sample.elf.aUndY4.ltrans0.ltrans.o
                0x000000001ff557ce                rc_callee_alg_aes_type_tip
 .text.rc_callee_print_bnpu_err_type_in_host
                0x000000001ff557e8       0x2a C:\TMP\offline_asr_alg_pro_sample.elf.aUndY4.ltrans0.ltrans.o
                0x000000001ff557e8                rc_callee_print_bnpu_err_type_in_host
 .text.rc_callee_free_in_host
                0x000000001ff55812       0x40 C:\TMP\offline_asr_alg_pro_sample.elf.aUndY4.ltrans0.ltrans.o
                0x000000001ff55812                rc_callee_free_in_host
 .text.mailbox_send_msg
                0x000000001ff55852       0xba C:\TMP\offline_asr_alg_pro_sample.elf.aUndY4.ltrans0.ltrans.o
                0x000000001ff55852                mailbox_send_msg
 .text.nuclear_com_send.constprop.0
                0x000000001ff5590c       0xba C:\TMP\offline_asr_alg_pro_sample.elf.aUndY4.ltrans0.ltrans.o
                0x000000001ff5590c                nuclear_com_send.constprop.0
 .text.asr_top_ept_cal_serve_rpmsg.lto_priv.0
                0x000000001ff559c6       0x1c C:\TMP\offline_asr_alg_pro_sample.elf.aUndY4.ltrans0.ltrans.o
                0x000000001ff559c6                vad_fe_ept_cal_serve_rpmsg.lto_priv.0
                0x000000001ff559c6                asr_top_ept_cal_serve_rpmsg.lto_priv.0
 .text.get_g_prun_count
                0x000000001ff559e2       0x1c C:\TMP\offline_asr_alg_pro_sample.elf.aUndY4.ltrans0.ltrans.o
 .text.asrtop_asr_system_create_model.constprop.0
                0x000000001ff559fe       0x58 C:\TMP\offline_asr_alg_pro_sample.elf.aUndY4.ltrans0.ltrans.o
                0x000000001ff559fe                asrtop_asr_system_create_model.constprop.0
 .text.pause_asr.constprop.0
                0x000000001ff55a56      0x13c C:\TMP\offline_asr_alg_pro_sample.elf.aUndY4.ltrans0.ltrans.o
                0x000000001ff55a56                pause_asr.constprop.0
 .text.flash_manage_ept_cal_serve_rpmsg.lto_priv.0
                0x000000001ff55b92       0x1c C:\TMP\offline_asr_alg_pro_sample.elf.aUndY4.ltrans0.ltrans.o
                0x000000001ff55b92                flash_manage_ept_cal_serve_rpmsg.lto_priv.0
 .text.rc_caller_req_cmpt_vp.constprop.0
                0x000000001ff55bae       0x5c C:\TMP\offline_asr_alg_pro_sample.elf.aUndY4.ltrans0.ltrans.o
                0x000000001ff55bae                rc_caller_req_cmpt_vp.constprop.0
 .text.get_vpr_max.constprop.0
                0x000000001ff55c0a       0xc2 C:\TMP\offline_asr_alg_pro_sample.elf.aUndY4.ltrans0.ltrans.o
                0x000000001ff55c0a                get_vpr_max.constprop.0
 .text.remote_call_task.lto_priv.0
                0x000000001ff55ccc       0xfa C:\TMP\offline_asr_alg_pro_sample.elf.aUndY4.ltrans0.ltrans.o
                0x000000001ff55ccc                remote_call_task.lto_priv.0
 .text.nuclear_com_irq_handler
                0x000000001ff55dc6      0x16e C:\TMP\offline_asr_alg_pro_sample.elf.aUndY4.ltrans0.ltrans.o
                0x000000001ff55dc6                nuclear_com_irq_handler
 .text.ulSynchTrap
                0x000000001ff55f34      0x110 C:\TMP\offline_asr_alg_pro_sample.elf.aUndY4.ltrans0.ltrans.o
                0x000000001ff55f34                ulSynchTrap
 .text.nlp_callback
                0x000000001ff56044       0xc2 C:\TMP\offline_asr_alg_pro_sample.elf.aUndY4.ltrans0.ltrans.o
 .text.ci_sprintf
                0x000000001ff56106       0xb2 C:\TMP\offline_asr_alg_pro_sample.elf.aUndY4.ltrans0.ltrans.o
 .text.asr_result_callback_nlp.constprop.0
                0x000000001ff561b8      0xf54 C:\TMP\offline_asr_alg_pro_sample.elf.aUndY4.ltrans0.ltrans.o
 .text.app_deal_asr_reuslt_callback.constprop.0
                0x000000001ff5710c      0xb80 C:\TMP\offline_asr_alg_pro_sample.elf.aUndY4.ltrans0.ltrans.o
 .text.flash_manage_req_wait_op_done_sem
                0x000000001ff57c8c       0x48 C:\TMP\offline_asr_alg_pro_sample.elf.aUndY4.ltrans0.ltrans.o
 .text.wait_flash_sem
                0x000000001ff57cd4       0x3e C:\TMP\offline_asr_alg_pro_sample.elf.aUndY4.ltrans0.ltrans.o
 .text.post_erase_flash.constprop.0
                0x000000001ff57d12       0x70 C:\TMP\offline_asr_alg_pro_sample.elf.aUndY4.ltrans0.ltrans.o
                0x000000001ff57d12                post_erase_flash.constprop.0
 .text.post_spic_read_unique_id
                0x000000001ff57d82       0x36 C:\TMP\offline_asr_alg_pro_sample.elf.aUndY4.ltrans0.ltrans.o
 .text.post_write_flash
                0x000000001ff57db8       0x3e C:\TMP\offline_asr_alg_pro_sample.elf.aUndY4.ltrans0.ltrans.o
                0x000000001ff57db8                post_write_flash
 .text.post_read_flash
                0x000000001ff57df6       0x94 C:\TMP\offline_asr_alg_pro_sample.elf.aUndY4.ltrans0.ltrans.o
                0x000000001ff57df6                post_read_flash
 .text.rc_callee_flash_get_en_data
                0x000000001ff57e8a       0x1c C:\TMP\offline_asr_alg_pro_sample.elf.aUndY4.ltrans0.ltrans.o
                0x000000001ff57e8a                rc_callee_flash_get_en_data
 .text.rc_callee_get_dqt_bias
                0x000000001ff57ea6       0x50 C:\TMP\offline_asr_alg_pro_sample.elf.aUndY4.ltrans0.ltrans.o
                0x000000001ff57ea6                rc_callee_get_dqt_bias
 .text.rc_callee_get_data_in
                0x000000001ff57ef6       0x14 C:\TMP\offline_asr_alg_pro_sample.elf.aUndY4.ltrans0.ltrans.o
                0x000000001ff57ef6                rc_callee_get_data_in
 .text.rc_callee_get_pingyin_word
                0x000000001ff57f0a       0x6c C:\TMP\offline_asr_alg_pro_sample.elf.aUndY4.ltrans0.ltrans.o
                0x000000001ff57f0a                rc_callee_get_pingyin_word
 .text.decoder_task_clear_done
                0x000000001ff57f76       0x36 C:\TMP\offline_asr_alg_pro_sample.elf.aUndY4.ltrans0.ltrans.o
 .text.decoder_release_done
                0x000000001ff57fac       0x36 C:\TMP\offline_asr_alg_pro_sample.elf.aUndY4.ltrans0.ltrans.o
 .text.decodersys_clear
                0x000000001ff57fe2       0xae C:\TMP\offline_asr_alg_pro_sample.elf.aUndY4.ltrans0.ltrans.o
 .text.decoer_create_lm_get_ac_info
                0x000000001ff58090     0x102c C:\TMP\offline_asr_alg_pro_sample.elf.aUndY4.ltrans0.ltrans.o
 .text.send_notdeal_msg_to_decoder_queue
                0x000000001ff590bc       0xca C:\TMP\offline_asr_alg_pro_sample.elf.aUndY4.ltrans0.ltrans.o
 .text.decoder_manage_task
                0x000000001ff59186      0x7ec C:\TMP\offline_asr_alg_pro_sample.elf.aUndY4.ltrans0.ltrans.o
                0x000000001ff59186                decoder_manage_task
 .text.get_cha_check
                0x000000001ff59972       0x10 C:\TMP\offline_asr_alg_pro_sample.elf.aUndY4.ltrans1.ltrans.o
 .text.limit_min_max
                0x000000001ff59982       0x12 C:\TMP\offline_asr_alg_pro_sample.elf.aUndY4.ltrans1.ltrans.o
 .text.uart_send_bytes
                0x000000001ff59994       0x22 C:\TMP\offline_asr_alg_pro_sample.elf.aUndY4.ltrans1.ltrans.o
 .text.vpr_get_status
                0x000000001ff599b6        0xa C:\TMP\offline_asr_alg_pro_sample.elf.aUndY4.ltrans1.ltrans.o
 .text.audio_deal_one_frm_callback
                0x000000001ff599c0        0x2 C:\TMP\offline_asr_alg_pro_sample.elf.aUndY4.ltrans1.ltrans.o
                0x000000001ff599c0                audio_deal_one_frm_callback
                0x000000001ff599c0                default_play_done_callback
 .text.servo_set_angle
                0x000000001ff599c2       0x48 C:\TMP\offline_asr_alg_pro_sample.elf.aUndY4.ltrans1.ltrans.o
 .text.other_func_serve_cb
                0x000000001ff59a0a       0x1a C:\TMP\offline_asr_alg_pro_sample.elf.aUndY4.ltrans1.ltrans.o
 .text.icodec_config
                0x000000001ff59a24      0x112 C:\TMP\offline_asr_alg_pro_sample.elf.aUndY4.ltrans1.ltrans.o
 .text.icodec_stop
                0x000000001ff59b36       0x20 C:\TMP\offline_asr_alg_pro_sample.elf.aUndY4.ltrans1.ltrans.o
 .text.inner_codec_adc_dig_gain_set
                0x000000001ff59b56       0x44 C:\TMP\offline_asr_alg_pro_sample.elf.aUndY4.ltrans1.ltrans.o
 .text.get_pga_gain_reg_data_from_db
                0x000000001ff59b9a       0x3a C:\TMP\offline_asr_alg_pro_sample.elf.aUndY4.ltrans1.ltrans.o
 .text.icodec_ioctl
                0x000000001ff59bd4       0xfe C:\TMP\offline_asr_alg_pro_sample.elf.aUndY4.ltrans1.ltrans.o
 .text.vpr_get_current_reg_id
                0x000000001ff59cd2       0x26 C:\TMP\offline_asr_alg_pro_sample.elf.aUndY4.ltrans1.ltrans.o
 .text.get_combination_voice_number
                0x000000001ff59cf8       0x54 C:\TMP\offline_asr_alg_pro_sample.elf.aUndY4.ltrans1.ltrans.o
 .text.wait_count_find_callback.lto_priv.0
                0x000000001ff59d4c       0x2a C:\TMP\offline_asr_alg_pro_sample.elf.aUndY4.ltrans1.ltrans.o
                0x000000001ff59d4c                wait_count_find_callback.lto_priv.0
 .text.cmd_string_find_callback
                0x000000001ff59d76       0x4a C:\TMP\offline_asr_alg_pro_sample.elf.aUndY4.ltrans1.ltrans.o
 .text.cmd_id_find_callback.lto_priv.0
                0x000000001ff59dc0       0x2a C:\TMP\offline_asr_alg_pro_sample.elf.aUndY4.ltrans1.ltrans.o
                0x000000001ff59dc0                cmd_id_find_callback.lto_priv.0
 .text.hotid_update
                0x000000001ff59dea       0x1c C:\TMP\offline_asr_alg_pro_sample.elf.aUndY4.ltrans1.ltrans.o
 .text.ADPCM_Decode
                0x000000001ff59e06       0xa0 C:\TMP\offline_asr_alg_pro_sample.elf.aUndY4.ltrans1.ltrans.o
 .text.de_codeadpcm_mono_to_mono
                0x000000001ff59ea6       0x3e C:\TMP\offline_asr_alg_pro_sample.elf.aUndY4.ltrans1.ltrans.o
 .text.save_audio_info
                0x000000001ff59ee4       0x6e C:\TMP\offline_asr_alg_pro_sample.elf.aUndY4.ltrans1.ltrans.o
 .text.audio_play_prompt_init
                0x000000001ff59f52        0x4 C:\TMP\offline_asr_alg_pro_sample.elf.aUndY4.ltrans1.ltrans.o
 .text.registe_decoder_ops
                0x000000001ff59f56       0x20 C:\TMP\offline_asr_alg_pro_sample.elf.aUndY4.ltrans1.ltrans.o
 .text.do_call_callback_fun
                0x000000001ff59f76       0x30 C:\TMP\offline_asr_alg_pro_sample.elf.aUndY4.ltrans1.ltrans.o
 .text.audio_play_prompt_destroy
                0x000000001ff59fa6        0x4 C:\TMP\offline_asr_alg_pro_sample.elf.aUndY4.ltrans1.ltrans.o
 .text.audio_play_prompt_clear
                0x000000001ff59faa        0xc C:\TMP\offline_asr_alg_pro_sample.elf.aUndY4.ltrans1.ltrans.o
 .text.audio_play_adpcm_decode
                0x000000001ff59fb6       0x62 C:\TMP\offline_asr_alg_pro_sample.elf.aUndY4.ltrans1.ltrans.o
 .text.audio_play_ms_wav_decode
                0x000000001ff5a018       0x9c C:\TMP\offline_asr_alg_pro_sample.elf.aUndY4.ltrans1.ltrans.o
 .text.audio_play_adpcm_decode2
                0x000000001ff5a0b4      0x132 C:\TMP\offline_asr_alg_pro_sample.elf.aUndY4.ltrans1.ltrans.o
 .text.audio_play_mp3_clear
                0x000000001ff5a1e6       0x16 C:\TMP\offline_asr_alg_pro_sample.elf.aUndY4.ltrans1.ltrans.o
 .text.audio_play_mp3_destroy
                0x000000001ff5a1fc       0x1e C:\TMP\offline_asr_alg_pro_sample.elf.aUndY4.ltrans1.ltrans.o
 .text.prvInsertBlockIntoFreeList
                0x000000001ff5a21a       0x42 C:\TMP\offline_asr_alg_pro_sample.elf.aUndY4.ltrans1.ltrans.o
 .text.prvResetNextTaskUnblockTime
                0x000000001ff5a25c       0x1e C:\TMP\offline_asr_alg_pro_sample.elf.aUndY4.ltrans1.ltrans.o
 .text.finsh_read_data
                0x000000001ff5a27a       0x18 C:\TMP\offline_asr_alg_pro_sample.elf.aUndY4.ltrans1.ltrans.o
 .text.GPIO_IRQ_Default_proc
                0x000000001ff5a292       0x46 C:\TMP\offline_asr_alg_pro_sample.elf.aUndY4.ltrans1.ltrans.o
 .text.iis_clk_gate
                0x000000001ff5a2d8       0x50 C:\TMP\offline_asr_alg_pro_sample.elf.aUndY4.ltrans1.ltrans.o
 .text.UART_BAUDRATEConfig
                0x000000001ff5a328       0x6c C:\TMP\offline_asr_alg_pro_sample.elf.aUndY4.ltrans1.ltrans.o
 .text.inner_codec_dac_enable
                0x000000001ff5a394       0xa2 C:\TMP\offline_asr_alg_pro_sample.elf.aUndY4.ltrans1.ltrans.o
 .text.icodec_start
                0x000000001ff5a436       0x1a C:\TMP\offline_asr_alg_pro_sample.elf.aUndY4.ltrans1.ltrans.o
 .text.icodec_init
                0x000000001ff5a450      0x318 C:\TMP\offline_asr_alg_pro_sample.elf.aUndY4.ltrans1.ltrans.o
 .text.erase_feb
                0x000000001ff5a768       0x32 C:\TMP\offline_asr_alg_pro_sample.elf.aUndY4.ltrans1.ltrans.o
 .text.write_feb_status
                0x000000001ff5a79a       0x56 C:\TMP\offline_asr_alg_pro_sample.elf.aUndY4.ltrans1.ltrans.o
 .text.write_item_status
                0x000000001ff5a7f0       0x8a C:\TMP\offline_asr_alg_pro_sample.elf.aUndY4.ltrans1.ltrans.o
 .text.traverse_feb
                0x000000001ff5a87a      0x26c C:\TMP\offline_asr_alg_pro_sample.elf.aUndY4.ltrans1.ltrans.o
 .text.find_item
                0x000000001ff5aae6       0x58 C:\TMP\offline_asr_alg_pro_sample.elf.aUndY4.ltrans1.ltrans.o
 .text.find_id  0x000000001ff5ab3e       0x40 C:\TMP\offline_asr_alg_pro_sample.elf.aUndY4.ltrans1.ltrans.o
 .text.reclaim_block
                0x000000001ff5ab7e       0x54 C:\TMP\offline_asr_alg_pro_sample.elf.aUndY4.ltrans1.ltrans.o
 .text.write_item
                0x000000001ff5abd2      0x11a C:\TMP\offline_asr_alg_pro_sample.elf.aUndY4.ltrans1.ltrans.o
 .text.init_item
                0x000000001ff5acec       0xca C:\TMP\offline_asr_alg_pro_sample.elf.aUndY4.ltrans1.ltrans.o
 .text.cheak_play_event
                0x000000001ff5adb6       0x30 C:\TMP\offline_asr_alg_pro_sample.elf.aUndY4.ltrans1.ltrans.o
 .text.prvCheckForValidListAndQueue
                0x000000001ff5ade6       0x7c C:\TMP\offline_asr_alg_pro_sample.elf.aUndY4.ltrans1.ltrans.o
 .text.prvInsertTimerInActiveList
                0x000000001ff5ae62       0x3e C:\TMP\offline_asr_alg_pro_sample.elf.aUndY4.ltrans1.ltrans.o
 .text.prvSwitchTimerLists
                0x000000001ff5aea0       0x64 C:\TMP\offline_asr_alg_pro_sample.elf.aUndY4.ltrans1.ltrans.o
 .text.decoder_task_timeout_deal.lto_priv.0
                0x000000001ff5af04       0x1c C:\TMP\offline_asr_alg_pro_sample.elf.aUndY4.ltrans1.ltrans.o
                0x000000001ff5af04                decoder_task_timeout_deal.lto_priv.0
 .text.decide_clear
                0x000000001ff5af20        0xe C:\TMP\offline_asr_alg_pro_sample.elf.aUndY4.ltrans1.ltrans.o
                0x000000001ff5af20                decide_clear
 .text.asrbest_result_clear
                0x000000001ff5af2e       0x34 C:\TMP\offline_asr_alg_pro_sample.elf.aUndY4.ltrans1.ltrans.o
                0x000000001ff5af2e                asrbest_result_clear
 .text.check_gb_cmd.part.0
                0x000000001ff5af62       0x3c C:\TMP\offline_asr_alg_pro_sample.elf.aUndY4.ltrans1.ltrans.o
                0x000000001ff5af62                check_gb_cmd.part.0
 .text.get_g_asrtop_asrsys_clear_flag
                0x000000001ff5af9e       0x1c C:\TMP\offline_asr_alg_pro_sample.elf.aUndY4.ltrans1.ltrans.o
                0x000000001ff5af9e                get_g_asrtop_asrsys_clear_flag
 .text.set_g_asrtop_asrsys_clear_flag
                0x000000001ff5afba       0x1c C:\TMP\offline_asr_alg_pro_sample.elf.aUndY4.ltrans1.ltrans.o
                0x000000001ff5afba                set_g_asrtop_asrsys_clear_flag
 .text.IIC0_IRQHandler
                0x000000001ff5afd6      0x26e C:\TMP\offline_asr_alg_pro_sample.elf.aUndY4.ltrans1.ltrans.o
                0x000000001ff5afd6                IIC0_IRQHandler
 .text.AON_PC_IRQHandler
                0x000000001ff5b244       0x12 C:\TMP\offline_asr_alg_pro_sample.elf.aUndY4.ltrans1.ltrans.o
                0x000000001ff5b244                AON_PC_IRQHandler
 .text.PB_IRQHandler
                0x000000001ff5b256       0x12 C:\TMP\offline_asr_alg_pro_sample.elf.aUndY4.ltrans1.ltrans.o
                0x000000001ff5b256                PB_IRQHandler
 .text.PA_IRQHandler
                0x000000001ff5b268       0x12 C:\TMP\offline_asr_alg_pro_sample.elf.aUndY4.ltrans1.ltrans.o
                0x000000001ff5b268                PA_IRQHandler
 .text.check_curr_trap
                0x000000001ff5b27a        0xe C:\TMP\offline_asr_alg_pro_sample.elf.aUndY4.ltrans1.ltrans.o
                0x000000001ff5b27a                check_curr_trap
 .text.send_msg_to_sys_task
                0x000000001ff5b288       0x30 C:\TMP\offline_asr_alg_pro_sample.elf.aUndY4.ltrans1.ltrans.o
 .text.uart_irq_handler
                0x000000001ff5b2b8       0xb4 C:\TMP\offline_asr_alg_pro_sample.elf.aUndY4.ltrans1.ltrans.o
 .text.exit_wakeup_timer_callback
                0x000000001ff5b36c       0x1e C:\TMP\offline_asr_alg_pro_sample.elf.aUndY4.ltrans1.ltrans.o
 .text.eclic_set_irq_lvl_abs.lto_priv.0
                0x000000001ff5b38a       0x4a C:\TMP\offline_asr_alg_pro_sample.elf.aUndY4.ltrans1.ltrans.o
                0x000000001ff5b38a                eclic_set_irq_lvl_abs.lto_priv.0
 .text.cosin_metric
                0x000000001ff5b3d4       0x44 C:\TMP\offline_asr_alg_pro_sample.elf.aUndY4.ltrans1.ltrans.o
                0x000000001ff5b3d4                cosin_metric
 .text.decoder_port_free
                0x000000001ff5b418       0x10 C:\TMP\offline_asr_alg_pro_sample.elf.aUndY4.ltrans1.ltrans.o
                0x000000001ff5b418                decoder_port_free
 .text.decoder_release
                0x000000001ff5b428      0x158 C:\TMP\offline_asr_alg_pro_sample.elf.aUndY4.ltrans1.ltrans.o
                0x000000001ff5b428                decoder_release
 .text.decoder_port_malloc
                0x000000001ff5b580       0x14 C:\TMP\offline_asr_alg_pro_sample.elf.aUndY4.ltrans1.ltrans.o
                0x000000001ff5b580                decoder_port_malloc
 .text.codec_manage_inner_serve_cb
                0x000000001ff5b594       0xac C:\TMP\offline_asr_alg_pro_sample.elf.aUndY4.ltrans1.ltrans.o
 .text.cmd_info_find_command_by_string
                0x000000001ff5b640       0x76 C:\TMP\offline_asr_alg_pro_sample.elf.aUndY4.ltrans1.ltrans.o
                0x000000001ff5b640                cmd_info_find_command_by_string
 .text.is_valid_cmd_handle
                0x000000001ff5b6b6       0x1e C:\TMP\offline_asr_alg_pro_sample.elf.aUndY4.ltrans1.ltrans.o
                0x000000001ff5b6b6                is_valid_cmd_handle
 .text.cmd_info_is_wakeup_word
                0x000000001ff5b6d4       0x42 C:\TMP\offline_asr_alg_pro_sample.elf.aUndY4.ltrans1.ltrans.o
                0x000000001ff5b6d4                cmd_info_is_wakeup_word
 .text.check_is_wakeup
                0x000000001ff5b716       0x1a C:\TMP\offline_asr_alg_pro_sample.elf.aUndY4.ltrans1.ltrans.o
                0x000000001ff5b716                check_is_wakeup
 .text.cmd_info_get_semantic_id
                0x000000001ff5b730       0x5a C:\TMP\offline_asr_alg_pro_sample.elf.aUndY4.ltrans1.ltrans.o
                0x000000001ff5b730                cmd_info_get_semantic_id
 .text.cmd_info_get_command_id
                0x000000001ff5b78a       0x52 C:\TMP\offline_asr_alg_pro_sample.elf.aUndY4.ltrans1.ltrans.o
                0x000000001ff5b78a                cmd_info_get_command_id
 .text.send_asrout.lto_priv.0
                0x000000001ff5b7dc      0x444 C:\TMP\offline_asr_alg_pro_sample.elf.aUndY4.ltrans1.ltrans.o
                0x000000001ff5b7dc                send_asrout.lto_priv.0
 .text.ciss_set
                0x000000001ff5bc20       0x16 C:\TMP\offline_asr_alg_pro_sample.elf.aUndY4.ltrans1.ltrans.o
                0x000000001ff5bc20                ciss_set
 .text.cached_flash_reader_read
                0x000000001ff5bc36       0xa6 C:\TMP\offline_asr_alg_pro_sample.elf.aUndY4.ltrans1.ltrans.o
                0x000000001ff5bc36                cached_flash_reader_read
 .text._printf  0x000000001ff5bcdc       0x76 C:\TMP\offline_asr_alg_pro_sample.elf.aUndY4.ltrans1.ltrans.o
                0x000000001ff5bcdc                _printf
 .text.decoder_rpmsg_serve_cb
                0x000000001ff5bd52      0x3d8 C:\TMP\offline_asr_alg_pro_sample.elf.aUndY4.ltrans1.ltrans.o
 .text.asr_top_outside_serve_cb
                0x000000001ff5c12a       0x76 C:\TMP\offline_asr_alg_pro_sample.elf.aUndY4.ltrans1.ltrans.o
 .text.play_exit_wakeup_done_cb
                0x000000001ff5c1a0       0x2c C:\TMP\offline_asr_alg_pro_sample.elf.aUndY4.ltrans1.ltrans.o
 .text.resume_asr
                0x000000001ff5c1cc       0xb6 C:\TMP\offline_asr_alg_pro_sample.elf.aUndY4.ltrans1.ltrans.o
 .text.clean_play_queue
                0x000000001ff5c282       0x3a C:\TMP\offline_asr_alg_pro_sample.elf.aUndY4.ltrans1.ltrans.o
 .text.pop_from_play_queue
                0x000000001ff5c2bc       0x2e C:\TMP\offline_asr_alg_pro_sample.elf.aUndY4.ltrans1.ltrans.o
 .text.iis_wait_load_ctrl
                0x000000001ff5c2ea       0xa2 C:\TMP\offline_asr_alg_pro_sample.elf.aUndY4.ltrans1.ltrans.o
                0x000000001ff5c2ea                iis_wait_load_ctrl
 .text.IISxDMA_TADDR0.part.0
                0x000000001ff5c38c       0x2c C:\TMP\offline_asr_alg_pro_sample.elf.aUndY4.ltrans1.ltrans.o
 .text.IISDMA_ADDRRollBackINT.part.0
                0x000000001ff5c3b8       0x2c C:\TMP\offline_asr_alg_pro_sample.elf.aUndY4.ltrans1.ltrans.o
                0x000000001ff5c3b8                IISDMA_ADDRRollBackINT.part.0
 .text.cm_input_interrupt_handler
                0x000000001ff5c3e4       0x74 C:\TMP\offline_asr_alg_pro_sample.elf.aUndY4.ltrans1.ltrans.o
 .text.get_iis_dma_channel.lto_priv.0
                0x000000001ff5c458       0x58 C:\TMP\offline_asr_alg_pro_sample.elf.aUndY4.ltrans1.ltrans.o
                0x000000001ff5c458                get_iis_dma_channel.lto_priv.0
 .text.cm_config_codec.part.0
                0x000000001ff5c4b0      0x7ee C:\TMP\offline_asr_alg_pro_sample.elf.aUndY4.ltrans1.ltrans.o
 .text.init_iis.isra.0
                0x000000001ff5cc9e       0x8a C:\TMP\offline_asr_alg_pro_sample.elf.aUndY4.ltrans1.ltrans.o
 .text.cm_start_codec
                0x000000001ff5cd28      0x23e C:\TMP\offline_asr_alg_pro_sample.elf.aUndY4.ltrans1.ltrans.o
 .text.asr_result_callback.part.0
                0x000000001ff5cf66       0x54 C:\TMP\offline_asr_alg_pro_sample.elf.aUndY4.ltrans1.ltrans.o
                0x000000001ff5cf66                asr_result_callback.part.0
 .text.audio_play_prompt_config
                0x000000001ff5cfba       0xac C:\TMP\offline_asr_alg_pro_sample.elf.aUndY4.ltrans1.ltrans.o
 .text.audio_play_mp3_decode
                0x000000001ff5d066      0x110 C:\TMP\offline_asr_alg_pro_sample.elf.aUndY4.ltrans1.ltrans.o
 .text.audio_play_mp3_init
                0x000000001ff5d176       0x2e C:\TMP\offline_asr_alg_pro_sample.elf.aUndY4.ltrans1.ltrans.o
 .text.prvAddCurrentTaskToDelayedList.lto_priv.0
                0x000000001ff5d1a4       0x70 C:\TMP\offline_asr_alg_pro_sample.elf.aUndY4.ltrans1.ltrans.o
                0x000000001ff5d1a4                prvAddCurrentTaskToDelayedList.lto_priv.0
 .text.xTaskGetSchedulerState
                0x000000001ff5d214       0x14 C:\TMP\offline_asr_alg_pro_sample.elf.aUndY4.ltrans1.ltrans.o
                0x000000001ff5d214                xTaskGetSchedulerState
 .text.cinv_port_mutex_give
                0x000000001ff5d228       0x36 C:\TMP\offline_asr_alg_pro_sample.elf.aUndY4.ltrans1.ltrans.o
 .text.cinv_port_mutex_take
                0x000000001ff5d25e       0x32 C:\TMP\offline_asr_alg_pro_sample.elf.aUndY4.ltrans1.ltrans.o
 .text.cinv_item_delete
                0x000000001ff5d290       0x5e C:\TMP\offline_asr_alg_pro_sample.elf.aUndY4.ltrans1.ltrans.o
 .text.cinv_item_read
                0x000000001ff5d2ee       0xc4 C:\TMP\offline_asr_alg_pro_sample.elf.aUndY4.ltrans1.ltrans.o
                0x000000001ff5d2ee                cinv_item_read
 .text.cinv_item_write
                0x000000001ff5d3b2       0x7a C:\TMP\offline_asr_alg_pro_sample.elf.aUndY4.ltrans1.ltrans.o
 .text.vol_set  0x000000001ff5d42c       0x5c C:\TMP\offline_asr_alg_pro_sample.elf.aUndY4.ltrans1.ltrans.o
 .text.cinv_item_init
                0x000000001ff5d488       0x46 C:\TMP\offline_asr_alg_pro_sample.elf.aUndY4.ltrans1.ltrans.o
 .text.xTaskCheckForTimeOut
                0x000000001ff5d4ce       0x68 C:\TMP\offline_asr_alg_pro_sample.elf.aUndY4.ltrans1.ltrans.o
                0x000000001ff5d4ce                xTaskCheckForTimeOut
 .text.xTaskRemoveFromEventList
                0x000000001ff5d536       0x70 C:\TMP\offline_asr_alg_pro_sample.elf.aUndY4.ltrans1.ltrans.o
                0x000000001ff5d536                xTaskRemoveFromEventList
 .text.audio_play_queue_reset
                0x000000001ff5d5a6       0x4c C:\TMP\offline_asr_alg_pro_sample.elf.aUndY4.ltrans1.ltrans.o
 .text.vTaskPlaceOnEventList
                0x000000001ff5d5f2       0x1c C:\TMP\offline_asr_alg_pro_sample.elf.aUndY4.ltrans1.ltrans.o
                0x000000001ff5d5f2                vTaskPlaceOnEventList
 .text.xTaskIncrementTick
                0x000000001ff5d60e       0xee C:\TMP\offline_asr_alg_pro_sample.elf.aUndY4.ltrans1.ltrans.o
                0x000000001ff5d60e                xTaskIncrementTick
 .text.xTaskGetTickCount
                0x000000001ff5d6fc       0x1c C:\TMP\offline_asr_alg_pro_sample.elf.aUndY4.ltrans1.ltrans.o
                0x000000001ff5d6fc                xTaskGetTickCount
 .text.xTaskResumeAll
                0x000000001ff5d718       0xbe C:\TMP\offline_asr_alg_pro_sample.elf.aUndY4.ltrans1.ltrans.o
                0x000000001ff5d718                xTaskResumeAll
 .text.vTaskSuspendAll
                0x000000001ff5d7d6        0xc C:\TMP\offline_asr_alg_pro_sample.elf.aUndY4.ltrans1.ltrans.o
                0x000000001ff5d7d6                vTaskSuspendAll
 .text.clear_decode_queuemsg
                0x000000001ff5d7e2       0xde C:\TMP\offline_asr_alg_pro_sample.elf.aUndY4.ltrans1.ltrans.o
                0x000000001ff5d7e2                clear_decode_queuemsg
 .text.vPortFree
                0x000000001ff5d8c0       0x4a C:\TMP\offline_asr_alg_pro_sample.elf.aUndY4.ltrans1.ltrans.o
                0x000000001ff5d8c0                vPortFree
 .text.vpr_reg_timeout_callback
                0x000000001ff5d90a       0x50 C:\TMP\offline_asr_alg_pro_sample.elf.aUndY4.ltrans1.ltrans.o
 .text.free_bak_data
                0x000000001ff5d95a       0x26 C:\TMP\offline_asr_alg_pro_sample.elf.aUndY4.ltrans1.ltrans.o
 .text.prvIdleTask
                0x000000001ff5d980       0x60 C:\TMP\offline_asr_alg_pro_sample.elf.aUndY4.ltrans1.ltrans.o
 .text.vQueueDelete
                0x000000001ff5d9e0       0x38 C:\TMP\offline_asr_alg_pro_sample.elf.aUndY4.ltrans1.ltrans.o
 .text.pvPortMalloc
                0x000000001ff5da18       0xf2 C:\TMP\offline_asr_alg_pro_sample.elf.aUndY4.ltrans1.ltrans.o
                0x000000001ff5da18                pvPortMalloc
 .text.realloc_buffer
                0x000000001ff5db0a       0x3a C:\TMP\offline_asr_alg_pro_sample.elf.aUndY4.ltrans1.ltrans.o
 .text.cmd_info_change_cur_model_group_inner.part.0
                0x000000001ff5db44      0x114 C:\TMP\offline_asr_alg_pro_sample.elf.aUndY4.ltrans1.ltrans.o
 .text.cmd_file_change_cur_model_group
                0x000000001ff5dc58       0xac C:\TMP\offline_asr_alg_pro_sample.elf.aUndY4.ltrans1.ltrans.o
 .text.get_file_table
                0x000000001ff5dd04       0x4a C:\TMP\offline_asr_alg_pro_sample.elf.aUndY4.ltrans1.ltrans.o
 .text.prompt_play_inner.isra.0
                0x000000001ff5dd4e      0x26e C:\TMP\offline_asr_alg_pro_sample.elf.aUndY4.ltrans1.ltrans.o
 .text.get_file_addr
                0x000000001ff5dfbc       0xaa C:\TMP\offline_asr_alg_pro_sample.elf.aUndY4.ltrans1.ltrans.o
 .text.get_current_model_addr
                0x000000001ff5e066       0x8e C:\TMP\offline_asr_alg_pro_sample.elf.aUndY4.ltrans1.ltrans.o
                0x000000001ff5e066                get_current_model_addr
 .text.flash_control_inner_serve_cb
                0x000000001ff5e0f4       0x76 C:\TMP\offline_asr_alg_pro_sample.elf.aUndY4.ltrans1.ltrans.o
 .text.cmd_info_change_cur_model_group.part.0
                0x000000001ff5e16a       0x6e C:\TMP\offline_asr_alg_pro_sample.elf.aUndY4.ltrans1.ltrans.o
 .text.change_asr_normal_word
                0x000000001ff5e1d8       0x3a C:\TMP\offline_asr_alg_pro_sample.elf.aUndY4.ltrans1.ltrans.o
 .text.prvListTasksWithinSingleList
                0x000000001ff5e212       0xca C:\TMP\offline_asr_alg_pro_sample.elf.aUndY4.ltrans1.ltrans.o
 .text.vTaskDelay
                0x000000001ff5e2dc       0x28 C:\TMP\offline_asr_alg_pro_sample.elf.aUndY4.ltrans1.ltrans.o
                0x000000001ff5e2dc                vTaskDelay
 .text.audio_in_manage_inner_task
                0x000000001ff5e304      0x2c8 C:\TMP\offline_asr_alg_pro_sample.elf.aUndY4.ltrans1.ltrans.o
 .text.vpr_callback
                0x000000001ff5e5cc       0xe8 C:\TMP\offline_asr_alg_pro_sample.elf.aUndY4.ltrans1.ltrans.o
 .text.task_init
                0x000000001ff5e6b4     0x1452 C:\TMP\offline_asr_alg_pro_sample.elf.aUndY4.ltrans1.ltrans.o
 .text.vpr_run_one_recognition
                0x000000001ff5fb06      0x40e C:\TMP\offline_asr_alg_pro_sample.elf.aUndY4.ltrans1.ltrans.o
 .text.prompt_play_by_cmd_handle
                0x000000001ff5ff14      0x188 C:\TMP\offline_asr_alg_pro_sample.elf.aUndY4.ltrans1.ltrans.o
                0x000000001ff5ff14                prompt_play_by_cmd_handle
 .text.exit_wakeup_deal
                0x000000001ff6009c       0x7c C:\TMP\offline_asr_alg_pro_sample.elf.aUndY4.ltrans1.ltrans.o
 .text.UserTaskManageProcess
                0x000000001ff60118      0x790 C:\TMP\offline_asr_alg_pro_sample.elf.aUndY4.ltrans1.ltrans.o
 .text.pause_read_data
                0x000000001ff608a8       0x3c C:\TMP\offline_asr_alg_pro_sample.elf.aUndY4.ltrans1.ltrans.o
 .text.prvIsQueueEmpty.lto_priv.0
                0x000000001ff608e4       0x18 C:\TMP\offline_asr_alg_pro_sample.elf.aUndY4.ltrans1.ltrans.o
                0x000000001ff608e4                prvIsQueueEmpty.lto_priv.0
 .text.task_get_play_data
                0x000000001ff608fc      0x5a0 C:\TMP\offline_asr_alg_pro_sample.elf.aUndY4.ltrans1.ltrans.o
 .text.prvUnlockQueue.lto_priv.0
                0x000000001ff60e9c       0x7a C:\TMP\offline_asr_alg_pro_sample.elf.aUndY4.ltrans1.ltrans.o
                0x000000001ff60e9c                prvUnlockQueue.lto_priv.0
 .text.prvTimerTask
                0x000000001ff60f16      0x1a0 C:\TMP\offline_asr_alg_pro_sample.elf.aUndY4.ltrans1.ltrans.o
 .text.prvCopyDataFromQueue.lto_priv.0
                0x000000001ff610b6       0x2c C:\TMP\offline_asr_alg_pro_sample.elf.aUndY4.ltrans1.ltrans.o
                0x000000001ff610b6                prvCopyDataFromQueue.lto_priv.0
 .text.xQueuePeek
                0x000000001ff610e2       0xe8 C:\TMP\offline_asr_alg_pro_sample.elf.aUndY4.ltrans1.ltrans.o
 .text.combination_callback.lto_priv.0
                0x000000001ff611ca       0xc6 C:\TMP\offline_asr_alg_pro_sample.elf.aUndY4.ltrans1.ltrans.o
                0x000000001ff611ca                combination_callback.lto_priv.0
 .text.audio_play_decode_continue
                0x000000001ff61290      0x4b6 C:\TMP\offline_asr_alg_pro_sample.elf.aUndY4.ltrans1.ltrans.o
 .text.task_audio_play
                0x000000001ff61746      0x5d4 C:\TMP\offline_asr_alg_pro_sample.elf.aUndY4.ltrans1.ltrans.o
 .text.prvCopyDataToQueue.lto_priv.0
                0x000000001ff61d1a       0xc4 C:\TMP\offline_asr_alg_pro_sample.elf.aUndY4.ltrans1.ltrans.o
                0x000000001ff61d1a                prvCopyDataToQueue.lto_priv.0
 .text.xQueueReceiveFromISR
                0x000000001ff61dde       0x76 C:\TMP\offline_asr_alg_pro_sample.elf.aUndY4.ltrans1.ltrans.o
                0x000000001ff61dde                xQueueReceiveFromISR
 .text.cm_output_interrupt_handler
                0x000000001ff61e54      0x106 C:\TMP\offline_asr_alg_pro_sample.elf.aUndY4.ltrans1.ltrans.o
 .text.IIS_DMA_IRQHandler
                0x000000001ff61f5a      0x112 C:\TMP\offline_asr_alg_pro_sample.elf.aUndY4.ltrans1.ltrans.o
                0x000000001ff61f5a                IIS_DMA_IRQHandler
 .text.xQueueGiveFromISR
                0x000000001ff6206c       0x64 C:\TMP\offline_asr_alg_pro_sample.elf.aUndY4.ltrans2.ltrans.o
                0x000000001ff6206c                xQueueGiveFromISR
 .text.uxListRemove
                0x000000001ff620d0       0x20 C:\TMP\offline_asr_alg_pro_sample.elf.aUndY4.ltrans2.ltrans.o
                0x000000001ff620d0                uxListRemove
 .text.vListInsert
                0x000000001ff620f0       0x2e C:\TMP\offline_asr_alg_pro_sample.elf.aUndY4.ltrans2.ltrans.o
                0x000000001ff620f0                vListInsert
 .text.vListInsertEnd
                0x000000001ff6211e       0x18 C:\TMP\offline_asr_alg_pro_sample.elf.aUndY4.ltrans2.ltrans.o
                0x000000001ff6211e                vListInsertEnd
 .text.vListInitialise
                0x000000001ff62136       0x14 C:\TMP\offline_asr_alg_pro_sample.elf.aUndY4.ltrans2.ltrans.o
                0x000000001ff62136                vListInitialise
 .text.xQueueGenericCreate
                0x000000001ff6214a       0x74 C:\TMP\offline_asr_alg_pro_sample.elf.aUndY4.ltrans2.ltrans.o
                0x000000001ff6214a                xQueueGenericCreate
 .text.xEventGroupCreate
                0x000000001ff621be       0x1e C:\TMP\offline_asr_alg_pro_sample.elf.aUndY4.ltrans2.ltrans.o
                0x000000001ff621be                xEventGroupCreate
 .text.get_src_clk
                0x000000001ff621dc        0xc C:\TMP\offline_asr_alg_pro_sample.elf.aUndY4.ltrans2.ltrans.o
                0x000000001ff621dc                get_src_clk
 .text.init_irq_pri
                0x000000001ff621e8       0x22 C:\TMP\offline_asr_alg_pro_sample.elf.aUndY4.ltrans2.ltrans.o
                0x000000001ff621e8                init_irq_pri
 .text._delay_10us_240M
                0x000000001ff6220a       0x2e C:\TMP\offline_asr_alg_pro_sample.elf.aUndY4.ltrans2.ltrans.o
                0x000000001ff6220a                _delay_10us_240M
 .text.AON_TIM_INT1_IRQHandler
                0x000000001ff62238        0x2 C:\TMP\offline_asr_alg_pro_sample.elf.aUndY4.ltrans2.ltrans.o
                0x000000001ff62238                AON_TIM_INT1_IRQHandler
 .text.IWDG_IRQHandler
                0x000000001ff6223a        0x2 C:\TMP\offline_asr_alg_pro_sample.elf.aUndY4.ltrans2.ltrans.o
                0x000000001ff6223a                IWDG_IRQHandler
 .text.AON_TIM_INT0_IRQHandler
                0x000000001ff6223c        0x2 C:\TMP\offline_asr_alg_pro_sample.elf.aUndY4.ltrans2.ltrans.o
                0x000000001ff6223c                AON_TIM_INT0_IRQHandler
 .text.EXT1_IRQHandler
                0x000000001ff6223e        0x2 C:\TMP\offline_asr_alg_pro_sample.elf.aUndY4.ltrans2.ltrans.o
                0x000000001ff6223e                EXT1_IRQHandler
 .text.EXT0_IRQHandler
                0x000000001ff62240        0x2 C:\TMP\offline_asr_alg_pro_sample.elf.aUndY4.ltrans2.ltrans.o
                0x000000001ff62240                EXT0_IRQHandler
 .text.VDT_IRQHandler
                0x000000001ff62242        0x2 C:\TMP\offline_asr_alg_pro_sample.elf.aUndY4.ltrans2.ltrans.o
                0x000000001ff62242                VDT_IRQHandler
 .text.V11_OK_IRQHandler
                0x000000001ff62244        0x2 C:\TMP\offline_asr_alg_pro_sample.elf.aUndY4.ltrans2.ltrans.o
                0x000000001ff62244                V11_OK_IRQHandler
 .text.DTR_IRQHandler
                0x000000001ff62246        0x2 C:\TMP\offline_asr_alg_pro_sample.elf.aUndY4.ltrans2.ltrans.o
                0x000000001ff62246                DTR_IRQHandler
 .text.PDM_IRQHandler
                0x000000001ff62248        0x2 C:\TMP\offline_asr_alg_pro_sample.elf.aUndY4.ltrans2.ltrans.o
                0x000000001ff62248                PDM_IRQHandler
 .text.ALC_IRQHandler
                0x000000001ff6224a        0x2 C:\TMP\offline_asr_alg_pro_sample.elf.aUndY4.ltrans2.ltrans.o
                0x000000001ff6224a                ALC_IRQHandler
 .text.IIS2_IRQHandler
                0x000000001ff6224c        0x2 C:\TMP\offline_asr_alg_pro_sample.elf.aUndY4.ltrans2.ltrans.o
                0x000000001ff6224c                IIS2_IRQHandler
 .text.IIS1_IRQHandler
                0x000000001ff6224e        0x2 C:\TMP\offline_asr_alg_pro_sample.elf.aUndY4.ltrans2.ltrans.o
                0x000000001ff6224e                IIS1_IRQHandler
 .text.IIS0_IRQHandler
                0x000000001ff62250        0x2 C:\TMP\offline_asr_alg_pro_sample.elf.aUndY4.ltrans2.ltrans.o
                0x000000001ff62250                IIS0_IRQHandler
 .text.UART2_IRQHandler
                0x000000001ff62252        0x2 C:\TMP\offline_asr_alg_pro_sample.elf.aUndY4.ltrans2.ltrans.o
                0x000000001ff62252                UART2_IRQHandler
 .text.UART1_IRQHandler
                0x000000001ff62254        0x2 C:\TMP\offline_asr_alg_pro_sample.elf.aUndY4.ltrans2.ltrans.o
                0x000000001ff62254                UART1_IRQHandler
 .text.UART0_IRQHandler
                0x000000001ff62256        0x2 C:\TMP\offline_asr_alg_pro_sample.elf.aUndY4.ltrans2.ltrans.o
                0x000000001ff62256                UART0_IRQHandler
 .text.TIMER3_IRQHandler
                0x000000001ff62258        0x2 C:\TMP\offline_asr_alg_pro_sample.elf.aUndY4.ltrans2.ltrans.o
                0x000000001ff62258                TIMER3_IRQHandler
 .text.TIMER2_IRQHandler
                0x000000001ff6225a        0x2 C:\TMP\offline_asr_alg_pro_sample.elf.aUndY4.ltrans2.ltrans.o
                0x000000001ff6225a                TIMER2_IRQHandler
 .text.TIMER1_IRQHandler
                0x000000001ff6225c        0x2 C:\TMP\offline_asr_alg_pro_sample.elf.aUndY4.ltrans2.ltrans.o
                0x000000001ff6225c                TIMER1_IRQHandler
 .text.TIMER0_IRQHandler
                0x000000001ff6225e        0x2 C:\TMP\offline_asr_alg_pro_sample.elf.aUndY4.ltrans2.ltrans.o
                0x000000001ff6225e                TIMER0_IRQHandler
 .text.DMA_IRQHandler
                0x000000001ff62260       0x2a C:\TMP\offline_asr_alg_pro_sample.elf.aUndY4.ltrans2.ltrans.o
                0x000000001ff62260                DMA_IRQHandler
 .text.ADC_IRQHandler
                0x000000001ff6228a        0x2 C:\TMP\offline_asr_alg_pro_sample.elf.aUndY4.ltrans2.ltrans.o
                0x000000001ff6228a                ADC_IRQHandler
 .text.NPU_IRQHandler
                0x000000001ff6228c        0x2 C:\TMP\offline_asr_alg_pro_sample.elf.aUndY4.ltrans2.ltrans.o
                0x000000001ff6228c                NPU_IRQHandler
 .text.SCU_IRQHandler
                0x000000001ff6228e        0x2 C:\TMP\offline_asr_alg_pro_sample.elf.aUndY4.ltrans2.ltrans.o
                0x000000001ff6228e                SCU_IRQHandler
 .text.TWDG_IRQHandler
                0x000000001ff62290        0x2 C:\TMP\offline_asr_alg_pro_sample.elf.aUndY4.ltrans2.ltrans.o
                0x000000001ff62290                TWDG_IRQHandler
 .text._fini    0x000000001ff62292        0x2 C:\TMP\offline_asr_alg_pro_sample.elf.aUndY4.ltrans2.ltrans.o
                0x000000001ff62292                _fini
 .text._init    0x000000001ff62294       0xc2 C:\TMP\offline_asr_alg_pro_sample.elf.aUndY4.ltrans2.ltrans.o
                0x000000001ff62294                _init
 .text.xQueueSemaphoreTake
                0x000000001ff62356      0x20c C:\TMP\offline_asr_alg_pro_sample.elf.aUndY4.ltrans2.ltrans.o
                0x000000001ff62356                xQueueSemaphoreTake
 .text.xQueueReceive
                0x000000001ff62562       0xe0 C:\TMP\offline_asr_alg_pro_sample.elf.aUndY4.ltrans2.ltrans.o
                0x000000001ff62562                xQueueReceive
 .text.xQueueGenericSend
                0x000000001ff62642       0xee C:\TMP\offline_asr_alg_pro_sample.elf.aUndY4.ltrans2.ltrans.o
                0x000000001ff62642                xQueueGenericSend
 .text.xEventGroupSetBits
                0x000000001ff62730       0xbc C:\TMP\offline_asr_alg_pro_sample.elf.aUndY4.ltrans2.ltrans.o
                0x000000001ff62730                xEventGroupSetBits
 .text.vEventGroupSetBitsCallback
                0x000000001ff627ec        0xc C:\TMP\offline_asr_alg_pro_sample.elf.aUndY4.ltrans2.ltrans.o
                0x000000001ff627ec                vEventGroupSetBitsCallback
 .text.xEventGroupWaitBits
                0x000000001ff627f8       0xd0 C:\TMP\offline_asr_alg_pro_sample.elf.aUndY4.ltrans2.ltrans.o
                0x000000001ff627f8                xEventGroupWaitBits
 .text.handle_trap
                0x000000001ff628c8      0x118 C:\TMP\offline_asr_alg_pro_sample.elf.aUndY4.ltrans2.ltrans.o
                0x000000001ff628c8                handle_trap
 .text.sbrk     0x000000001ff629e0       0x6e ../../../libs\libnewlib_port.a(sbrk.o)
                0x000000001ff629e0                sbrk
 .text.get_heap_bytes_remaining_size
                0x000000001ff62a4e        0x6 ../../../libs\libnewlib_port.a(sbrk.o)
                0x000000001ff62a4e                get_heap_bytes_remaining_size
 .text.__malloc_lock
                0x000000001ff62a54        0xc ../../../libs\libnewlib_port.a(sbrk.o)
                0x000000001ff62a54                __malloc_lock
 .text.__malloc_unlock
                0x000000001ff62a60        0xc ../../../libs\libnewlib_port.a(sbrk.o)
                0x000000001ff62a60                __malloc_unlock
 .text.__wrap_memcmp
                0x000000001ff62a6c       0x10 ../../../libs\libnewlib_port.a(sbrk.o)
                0x000000001ff62a6c                __wrap_memcmp
 .text.__wrap_memcpy
                0x000000001ff62a7c       0x10 ../../../libs\libnewlib_port.a(sbrk.o)
                0x000000001ff62a7c                __wrap_memcpy
 .text.__wrap_memmove
                0x000000001ff62a8c        0xe ../../../libs\libnewlib_port.a(sbrk.o)
                0x000000001ff62a8c                __wrap_memmove
 .text.__wrap_memset
                0x000000001ff62a9a        0xe ../../../libs\libnewlib_port.a(sbrk.o)
                0x000000001ff62a9a                __wrap_memset
 .text.__wrap_strcat
                0x000000001ff62aa8        0xe ../../../libs\libnewlib_port.a(sbrk.o)
                0x000000001ff62aa8                __wrap_strcat
 .text.__wrap_strcmp
                0x000000001ff62ab6        0xe ../../../libs\libnewlib_port.a(sbrk.o)
                0x000000001ff62ab6                __wrap_strcmp
 .text.__wrap_strcpy
                0x000000001ff62ac4        0xe ../../../libs\libnewlib_port.a(sbrk.o)
                0x000000001ff62ac4                __wrap_strcpy
 .text.__wrap_strlen
                0x000000001ff62ad2        0xe ../../../libs\libnewlib_port.a(sbrk.o)
                0x000000001ff62ad2                __wrap_strlen
 .text.__wrap_strncmp
                0x000000001ff62ae0        0xe ../../../libs\libnewlib_port.a(sbrk.o)
                0x000000001ff62ae0                __wrap_strncmp
 .text.__wrap_strncpy
                0x000000001ff62aee        0xe ../../../libs\libnewlib_port.a(sbrk.o)
                0x000000001ff62aee                __wrap_strncpy
 .text.__wrap_strstr
                0x000000001ff62afc        0xe ../../../libs\libnewlib_port.a(sbrk.o)
                0x000000001ff62afc                __wrap_strstr
 .text.__wrap_malloc
                0x000000001ff62b0a       0x10 ../../../libs\libnewlib_port.a(sbrk.o)
                0x000000001ff62b0a                __wrap_malloc
 .text.__wrap_free
                0x000000001ff62b1a       0x10 ../../../libs\libnewlib_port.a(sbrk.o)
                0x000000001ff62b1a                __wrap_free
 *fill*         0x000000001ff62b2a       0x16 
 .text.entry    0x000000001ff62b40      0x5f4 ../../../libs\libfreertos_port.a(portasm.o)
                0x000000001ff62b40                trap_entry
                0x000000001ff62c30                irq_entry
                0x000000001ff62da4                eclic_mtip_handler
                0x000000001ff62e64                eclic_msip_handler
                0x000000001ff62f40                vPortYield_from_ulSynchTrap
                0x000000001ff62f80                vPortYield
                0x000000001ff630b0                xPortStartScheduler
                0x000000001ff63120                vPortEndScheduler
 .text          0x000000001ff63134       0x60 d:/software/yuyin/qiqiyinqiluntai/riscv-nuclei-elf-gcc-9.2.0.0/gcc_fix_raissrc/bin/../lib/gcc/riscv-nuclei-elf/9.2.0/rv32imafc/ilp32f\libgcc.a(save-restore.o)
                0x000000001ff63134                __riscv_save_12
                0x000000001ff6313c                __riscv_save_11
                0x000000001ff6313c                __riscv_save_8
                0x000000001ff6313c                __riscv_save_9
                0x000000001ff6313c                __riscv_save_10
                0x000000001ff6314a                __riscv_save_4
                0x000000001ff6314a                __riscv_save_5
                0x000000001ff6314a                __riscv_save_6
                0x000000001ff6314a                __riscv_save_7
                0x000000001ff63164                __riscv_save_1
                0x000000001ff63164                __riscv_save_2
                0x000000001ff63164                __riscv_save_0
                0x000000001ff63164                __riscv_save_3
                0x000000001ff63170                __riscv_restore_12
                0x000000001ff63174                __riscv_restore_11
                0x000000001ff63174                __riscv_restore_8
                0x000000001ff63174                __riscv_restore_10
                0x000000001ff63174                __riscv_restore_9
                0x000000001ff6317e                __riscv_restore_6
                0x000000001ff6317e                __riscv_restore_5
                0x000000001ff6317e                __riscv_restore_4
                0x000000001ff6317e                __riscv_restore_7
                0x000000001ff63188                __riscv_restore_2
                0x000000001ff63188                __riscv_restore_0
                0x000000001ff63188                __riscv_restore_1
                0x000000001ff63188                __riscv_restore_3
 .text.atexit   0x000000001ff63194        0xa d:/software/yuyin/qiqiyinqiluntai/riscv-nuclei-elf-gcc-9.2.0.0/gcc_fix_raissrc/bin/../lib/gcc/riscv-nuclei-elf/9.2.0/../../../../riscv-nuclei-elf/lib/rv32imafc/ilp32f\libg_nano.a(lib_a-atexit.o)
                0x000000001ff63194                atexit
 .text.exit     0x000000001ff6319e       0x24 d:/software/yuyin/qiqiyinqiluntai/riscv-nuclei-elf-gcc-9.2.0.0/gcc_fix_raissrc/bin/../lib/gcc/riscv-nuclei-elf/9.2.0/../../../../riscv-nuclei-elf/lib/rv32imafc/ilp32f\libg_nano.a(lib_a-exit.o)
                0x000000001ff6319e                exit
 .text.__libc_fini_array
                0x000000001ff631c2       0x3a d:/software/yuyin/qiqiyinqiluntai/riscv-nuclei-elf-gcc-9.2.0.0/gcc_fix_raissrc/bin/../lib/gcc/riscv-nuclei-elf/9.2.0/../../../../riscv-nuclei-elf/lib/rv32imafc/ilp32f\libg_nano.a(lib_a-fini.o)
                0x000000001ff631c2                __libc_fini_array
 .text.__libc_init_array
                0x000000001ff631fc       0x6e d:/software/yuyin/qiqiyinqiluntai/riscv-nuclei-elf-gcc-9.2.0.0/gcc_fix_raissrc/bin/../lib/gcc/riscv-nuclei-elf/9.2.0/../../../../riscv-nuclei-elf/lib/rv32imafc/ilp32f\libg_nano.a(lib_a-init.o)
                0x000000001ff631fc                __libc_init_array
 .text.rand     0x000000001ff6326a       0x86 d:/software/yuyin/qiqiyinqiluntai/riscv-nuclei-elf-gcc-9.2.0.0/gcc_fix_raissrc/bin/../lib/gcc/riscv-nuclei-elf/9.2.0/../../../../riscv-nuclei-elf/lib/rv32imafc/ilp32f\libg_nano.a(lib_a-rand.o)
                0x000000001ff6326a                rand
 .text.strtok   0x000000001ff632f0       0x7c d:/software/yuyin/qiqiyinqiluntai/riscv-nuclei-elf-gcc-9.2.0.0/gcc_fix_raissrc/bin/../lib/gcc/riscv-nuclei-elf/9.2.0/../../../../riscv-nuclei-elf/lib/rv32imafc/ilp32f\libg_nano.a(lib_a-strtok.o)
                0x000000001ff632f0                strtok
 .text.__strtok_r
                0x000000001ff6336c       0x5c d:/software/yuyin/qiqiyinqiluntai/riscv-nuclei-elf-gcc-9.2.0.0/gcc_fix_raissrc/bin/../lib/gcc/riscv-nuclei-elf/9.2.0/../../../../riscv-nuclei-elf/lib/rv32imafc/ilp32f\libg_nano.a(lib_a-strtok_r.o)
                0x000000001ff6336c                __strtok_r
 .text.__register_exitproc
                0x000000001ff633c8       0x7c d:/software/yuyin/qiqiyinqiluntai/riscv-nuclei-elf-gcc-9.2.0.0/gcc_fix_raissrc/bin/../lib/gcc/riscv-nuclei-elf/9.2.0/../../../../riscv-nuclei-elf/lib/rv32imafc/ilp32f\libg_nano.a(lib_a-__atexit.o)
                0x000000001ff633c8                __register_exitproc
 .text.__call_exitprocs
                0x000000001ff63444       0xc4 d:/software/yuyin/qiqiyinqiluntai/riscv-nuclei-elf-gcc-9.2.0.0/gcc_fix_raissrc/bin/../lib/gcc/riscv-nuclei-elf/9.2.0/../../../../riscv-nuclei-elf/lib/rv32imafc/ilp32f\libg_nano.a(lib_a-__call_atexit.o)
                0x000000001ff63444                __call_exitprocs
 .text.strchr   0x000000001ff63508       0x1a d:/software/yuyin/qiqiyinqiluntai/riscv-nuclei-elf-gcc-9.2.0.0/gcc_fix_raissrc/bin/../lib/gcc/riscv-nuclei-elf/9.2.0/../../../../riscv-nuclei-elf/lib/rv32imafc/ilp32f\libg_nano.a(lib_a-strchr.o)
                0x000000001ff63508                strchr
 .text._exit    0x000000001ff63522       0x2a d:/software/yuyin/qiqiyinqiluntai/riscv-nuclei-elf-gcc-9.2.0.0/gcc_fix_raissrc/bin/../lib/gcc/riscv-nuclei-elf/9.2.0/../../../../riscv-nuclei-elf/lib/rv32imafc/ilp32f\libgloss_nano.a(sys_exit.o)
                0x000000001ff63522                _exit
 .text.__errno  0x000000001ff6354c        0x6 d:/software/yuyin/qiqiyinqiluntai/riscv-nuclei-elf-gcc-9.2.0.0/gcc_fix_raissrc/bin/../lib/gcc/riscv-nuclei-elf/9.2.0/../../../../riscv-nuclei-elf/lib/rv32imafc/ilp32f\libc_nano.a(lib_a-errno.o)
                0x000000001ff6354c                __errno
 *(.gnu.linkonce.t.*)

.fini
 *(SORT_NONE(.fini))
                0x000000001ff63554                . = ALIGN (0x4)
                [!provide]                        PROVIDE (__etext = .)
                [!provide]                        PROVIDE (_etext = .)
                [!provide]                        PROVIDE (etext = .)
                0x000000001ff63554                PROVIDE (_eilm = .)

.preinit_array  0x000000001ff63552        0x0
                0x000000001ff63552                PROVIDE (__preinit_array_start = .)
 *(.preinit_array)
                0x000000001ff63552                PROVIDE (__preinit_array_end = .)

.init_array     0x000000001ff63552        0x0
                0x000000001ff63552                PROVIDE (__init_array_start = .)
 *(SORT_BY_INIT_PRIORITY(.init_array.*) SORT_BY_INIT_PRIORITY(.ctors.*))
 *(.init_array EXCLUDE_FILE(*crtend?.o *crtend.o *crtbegin?.o *crtbegin.o) .ctors)
                0x000000001ff63552                PROVIDE (__init_array_end = .)

.fini_array     0x000000001ff63552        0x0
                0x000000001ff63552                PROVIDE (__fini_array_start = .)
 *(SORT_BY_INIT_PRIORITY(.fini_array.*) SORT_BY_INIT_PRIORITY(.dtors.*))
 *(.fini_array EXCLUDE_FILE(*crtend?.o *crtend.o *crtbegin?.o *crtbegin.o) .dtors)
                0x000000001ff63552                PROVIDE (__fini_array_end = .)

.ctors
 *crtbegin.o(.ctors)
 *crtbegin?.o(.ctors)
 *(EXCLUDE_FILE(*crtend?.o *crtend.o) .ctors)
 *(SORT_BY_NAME(.ctors.*))
 *(.ctors)

.dtors
 *crtbegin.o(.dtors)
 *crtbegin?.o(.dtors)
 *(EXCLUDE_FILE(*crtend?.o *crtend.o) .dtors)
 *(SORT_BY_NAME(.dtors.*))
 *(.dtors)

.ro_data        0x000000001ff63554     0x2044
 *(.rdata)
 *(.rodata .rodata.*)
 .rodata.CI0057.str1.4
                0x000000001ff63554        0x2 C:\TMP\offline_asr_alg_pro_sample.elf.aUndY4.ltrans0.ltrans.o
 *fill*         0x000000001ff63556        0x2 
 .rodata.pause_audio_play_prompt.constprop.0.str1.4
                0x000000001ff63558        0x7 C:\TMP\offline_asr_alg_pro_sample.elf.aUndY4.ltrans0.ltrans.o
 *fill*         0x000000001ff6355f        0x1 
 .rodata.CI0154.lto_priv.0.str1.4
                0x000000001ff63560        0xd C:\TMP\offline_asr_alg_pro_sample.elf.aUndY4.ltrans0.ltrans.o
 *fill*         0x000000001ff6356d        0x3 
 .rodata.asrGetCmdWordsAndScore.constprop.0.str1.4
                0x000000001ff63570        0x4 C:\TMP\offline_asr_alg_pro_sample.elf.aUndY4.ltrans0.ltrans.o
 .rodata.dpmu_set_io_reuse
                0x000000001ff63574       0x60 C:\TMP\offline_asr_alg_pro_sample.elf.aUndY4.ltrans0.ltrans.o
 .rodata.cm_get_pcm_buffer.constprop.0.str1.4
                0x000000001ff635d4       0x8b C:\TMP\offline_asr_alg_pro_sample.elf.aUndY4.ltrans0.ltrans.o
 *fill*         0x000000001ff6365f        0x1 
 .rodata.cm_write_codec.constprop.0.str1.4
                0x000000001ff63660       0x12 C:\TMP\offline_asr_alg_pro_sample.elf.aUndY4.ltrans0.ltrans.o
 *fill*         0x000000001ff63672        0x2 
 .rodata.IISDMA_ChannelIntENConfig.constprop.0.str1.4
                0x000000001ff63674       0x1b C:\TMP\offline_asr_alg_pro_sample.elf.aUndY4.ltrans0.ltrans.o
                                         0x1f (size before relaxing)
 *fill*         0x000000001ff6368f        0x1 
 .rodata.rc_callee_alg_aes_addr.str1.4
                0x000000001ff63690       0x1d C:\TMP\offline_asr_alg_pro_sample.elf.aUndY4.ltrans0.ltrans.o
 *fill*         0x000000001ff636ad        0x3 
 .rodata.rc_callee_alg_aes_type_tip.str1.4
                0x000000001ff636b0       0x68 C:\TMP\offline_asr_alg_pro_sample.elf.aUndY4.ltrans0.ltrans.o
 .rodata.rc_callee_print_bnpu_err_type_in_host.str1.4
                0x000000001ff63718       0x2e C:\TMP\offline_asr_alg_pro_sample.elf.aUndY4.ltrans0.ltrans.o
 *fill*         0x000000001ff63746        0x2 
 .rodata.rc_callee_free_in_host.str1.4
                0x000000001ff63748       0x12 C:\TMP\offline_asr_alg_pro_sample.elf.aUndY4.ltrans0.ltrans.o
                                         0x16 (size before relaxing)
 *fill*         0x000000001ff6375a        0x2 
 .rodata.mailbox_send_msg.str1.4
                0x000000001ff6375c       0x27 C:\TMP\offline_asr_alg_pro_sample.elf.aUndY4.ltrans0.ltrans.o
 *fill*         0x000000001ff63783        0x1 
 .rodata.nuclear_com_send.constprop.0.str1.4
                0x000000001ff63784        0xe C:\TMP\offline_asr_alg_pro_sample.elf.aUndY4.ltrans0.ltrans.o
 *fill*         0x000000001ff63792        0x2 
 .rodata.asrtop_asr_system_create_model.constprop.0.str1.4
                0x000000001ff63794       0x2a C:\TMP\offline_asr_alg_pro_sample.elf.aUndY4.ltrans0.ltrans.o
 *fill*         0x000000001ff637be        0x2 
 .rodata.pause_asr.constprop.0.str1.4
                0x000000001ff637c0       0x36 C:\TMP\offline_asr_alg_pro_sample.elf.aUndY4.ltrans0.ltrans.o
 *fill*         0x000000001ff637f6        0x2 
 .rodata.get_vpr_max.constprop.0.str1.4
                0x000000001ff637f8        0xc C:\TMP\offline_asr_alg_pro_sample.elf.aUndY4.ltrans0.ltrans.o
                                          0xf (size before relaxing)
 .rodata.nuclear_com_irq_handler.str1.4
                0x000000001ff63804       0x20 C:\TMP\offline_asr_alg_pro_sample.elf.aUndY4.ltrans0.ltrans.o
 .rodata.nlp_callback.str1.4
                0x000000001ff63824       0x18 C:\TMP\offline_asr_alg_pro_sample.elf.aUndY4.ltrans0.ltrans.o
 .rodata.ci_sprintf.str1.4
                0x000000001ff6383c       0x16 C:\TMP\offline_asr_alg_pro_sample.elf.aUndY4.ltrans0.ltrans.o
 *fill*         0x000000001ff63852        0x2 
 .rodata.asr_result_callback_nlp.constprop.0.str1.4
                0x000000001ff63854      0x107 C:\TMP\offline_asr_alg_pro_sample.elf.aUndY4.ltrans0.ltrans.o
 *fill*         0x000000001ff6395b        0x1 
 .rodata.app_deal_asr_reuslt_callback.constprop.0.str1.4
                0x000000001ff6395c       0x34 C:\TMP\offline_asr_alg_pro_sample.elf.aUndY4.ltrans0.ltrans.o
 .rodata.flash_manage_req_wait_op_done_sem.str1.4
                0x000000001ff63990        0xd C:\TMP\offline_asr_alg_pro_sample.elf.aUndY4.ltrans0.ltrans.o
 *fill*         0x000000001ff6399d        0x3 
 .rodata.post_erase_flash.constprop.0.str1.4
                0x000000001ff639a0       0x2b C:\TMP\offline_asr_alg_pro_sample.elf.aUndY4.ltrans0.ltrans.o
 *fill*         0x000000001ff639cb        0x1 
 .rodata.decoer_create_lm_get_ac_info.str1.4
                0x000000001ff639cc      0x1c7 C:\TMP\offline_asr_alg_pro_sample.elf.aUndY4.ltrans0.ltrans.o
 *fill*         0x000000001ff63b93        0x1 
 .rodata.decoer_create_lm_get_ac_info
                0x000000001ff63b94       0x1c C:\TMP\offline_asr_alg_pro_sample.elf.aUndY4.ltrans0.ltrans.o
 .rodata.decoder_manage_task.str1.4
                0x000000001ff63bb0       0x4c C:\TMP\offline_asr_alg_pro_sample.elf.aUndY4.ltrans0.ltrans.o
 .rodata.decoder_manage_task
                0x000000001ff63bfc       0x94 C:\TMP\offline_asr_alg_pro_sample.elf.aUndY4.ltrans0.ltrans.o
 .rodata        0x000000001ff63c90       0x20 C:\TMP\offline_asr_alg_pro_sample.elf.aUndY4.ltrans0.ltrans.o
 .rodata.__FUNCTION__.4521
                0x000000001ff63cb0       0x17 C:\TMP\offline_asr_alg_pro_sample.elf.aUndY4.ltrans0.ltrans.o
 *fill*         0x000000001ff63cc7        0x1 
 .rodata.__FUNCTION__.5840
                0x000000001ff63cc8       0x11 C:\TMP\offline_asr_alg_pro_sample.elf.aUndY4.ltrans0.ltrans.o
 *fill*         0x000000001ff63cd9        0x3 
 .rodata.__FUNCTION__.5927
                0x000000001ff63cdc       0x18 C:\TMP\offline_asr_alg_pro_sample.elf.aUndY4.ltrans0.ltrans.o
 .rodata.__FUNCTION__.7663
                0x000000001ff63cf4       0x16 C:\TMP\offline_asr_alg_pro_sample.elf.aUndY4.ltrans0.ltrans.o
 *fill*         0x000000001ff63d0a        0x2 
 .rodata.__FUNCTION__.7776
                0x000000001ff63d0c       0x1d C:\TMP\offline_asr_alg_pro_sample.elf.aUndY4.ltrans0.ltrans.o
 *fill*         0x000000001ff63d29        0x3 
 .rodata.__FUNCTION__.8189
                0x000000001ff63d2c       0x14 C:\TMP\offline_asr_alg_pro_sample.elf.aUndY4.ltrans0.ltrans.o
 .rodata.__func__.5642
                0x000000001ff63d40        0xc C:\TMP\offline_asr_alg_pro_sample.elf.aUndY4.ltrans0.ltrans.o
 .rodata.audio_play_ms_wav_decode.str1.4
                0x000000001ff63d4c        0xd C:\TMP\offline_asr_alg_pro_sample.elf.aUndY4.ltrans1.ltrans.o
 *fill*         0x000000001ff63d59        0x3 
 .rodata.prvCheckForValidListAndQueue.str1.4
                0x000000001ff63d5c        0x5 C:\TMP\offline_asr_alg_pro_sample.elf.aUndY4.ltrans1.ltrans.o
 *fill*         0x000000001ff63d61        0x3 
 .rodata.check_gb_cmd.part.0.str1.4
                0x000000001ff63d64        0x7 C:\TMP\offline_asr_alg_pro_sample.elf.aUndY4.ltrans1.ltrans.o
                                          0xf (size before relaxing)
 *fill*         0x000000001ff63d6b        0x1 
 .rodata.codec_manage_inner_serve_cb
                0x000000001ff63d6c       0x14 C:\TMP\offline_asr_alg_pro_sample.elf.aUndY4.ltrans1.ltrans.o
 .rodata.send_asrout.lto_priv.0.str1.4
                0x000000001ff63d80        0x2 C:\TMP\offline_asr_alg_pro_sample.elf.aUndY4.ltrans1.ltrans.o
                                          0xf (size before relaxing)
 .rodata.decoder_rpmsg_serve_cb.str1.4
                0x000000001ff63d82        0xe C:\TMP\offline_asr_alg_pro_sample.elf.aUndY4.ltrans1.ltrans.o
 *fill*         0x000000001ff63d82        0x2 
 .rodata.decoder_rpmsg_serve_cb
                0x000000001ff63d84       0x50 C:\TMP\offline_asr_alg_pro_sample.elf.aUndY4.ltrans1.ltrans.o
 .rodata.asr_top_outside_serve_cb.str1.4
                0x000000001ff63dd4        0xd C:\TMP\offline_asr_alg_pro_sample.elf.aUndY4.ltrans1.ltrans.o
                                         0x15 (size before relaxing)
 *fill*         0x000000001ff63de1        0x3 
 .rodata.play_exit_wakeup_done_cb.str1.4